Archive member included to satisfy reference by file (symbol)

d:/program files (x86)/gnu tools arm embedded/5.4 2016q3/bin/../lib/gcc/arm-none-eabi/5.4.1/armv7-m\libgcc.a(_arm_addsubdf3.o)
                              CMakeFiles/ADC.elf.dir/USER/Src/main.c.obj (__aeabi_ui2d)
d:/program files (x86)/gnu tools arm embedded/5.4 2016q3/bin/../lib/gcc/arm-none-eabi/5.4.1/armv7-m\libgcc.a(_arm_muldivdf3.o)
                              CMakeFiles/ADC.elf.dir/USER/Src/main.c.obj (__aeabi_dmul)
d:/program files (x86)/gnu tools arm embedded/5.4 2016q3/bin/../lib/gcc/arm-none-eabi/5.4.1/armv7-m\libgcc.a(_arm_truncdfsf2.o)
                              CMakeFiles/ADC.elf.dir/USER/Src/main.c.obj (__aeabi_d2f)
d:/program files (x86)/gnu tools arm embedded/5.4 2016q3/bin/../lib/gcc/arm-none-eabi/5.4.1/armv7-m\libgcc.a(_arm_addsubsf3.o)
                              CMakeFiles/ADC.elf.dir/USER/Src/main.c.obj (__aeabi_fsub)
d:/program files (x86)/gnu tools arm embedded/5.4 2016q3/bin/../lib/gcc/arm-none-eabi/5.4.1/armv7-m\libgcc.a(_arm_muldivsf3.o)
                              CMakeFiles/ADC.elf.dir/USER/Src/main.c.obj (__aeabi_fmul)
d:/program files (x86)/gnu tools arm embedded/5.4 2016q3/bin/../lib/gcc/arm-none-eabi/5.4.1/armv7-m\libgcc.a(_arm_fixunssfsi.o)
                              CMakeFiles/ADC.elf.dir/USER/Src/main.c.obj (__aeabi_f2uiz)
d:/program files (x86)/gnu tools arm embedded/5.4 2016q3/bin/../lib/gcc/arm-none-eabi/5.4.1/../../../../arm-none-eabi/lib/armv7-m\libg_nano.a(lib_a-exit.o)
                              d:/program files (x86)/gnu tools arm embedded/5.4 2016q3/bin/../lib/gcc/arm-none-eabi/5.4.1/../../../../arm-none-eabi/lib/armv7-m/crt0.o (exit)
d:/program files (x86)/gnu tools arm embedded/5.4 2016q3/bin/../lib/gcc/arm-none-eabi/5.4.1/../../../../arm-none-eabi/lib/armv7-m\libg_nano.a(lib_a-impure.o)
                              d:/program files (x86)/gnu tools arm embedded/5.4 2016q3/bin/../lib/gcc/arm-none-eabi/5.4.1/../../../../arm-none-eabi/lib/armv7-m\libg_nano.a(lib_a-exit.o) (_global_impure_ptr)
d:/program files (x86)/gnu tools arm embedded/5.4 2016q3/bin/../lib/gcc/arm-none-eabi/5.4.1/../../../../arm-none-eabi/lib/armv7-m\libg_nano.a(lib_a-init.o)
                              d:/program files (x86)/gnu tools arm embedded/5.4 2016q3/bin/../lib/gcc/arm-none-eabi/5.4.1/../../../../arm-none-eabi/lib/armv7-m/crt0.o (__libc_init_array)
d:/program files (x86)/gnu tools arm embedded/5.4 2016q3/bin/../lib/gcc/arm-none-eabi/5.4.1/../../../../arm-none-eabi/lib/armv7-m\libg_nano.a(lib_a-memset.o)
                              d:/program files (x86)/gnu tools arm embedded/5.4 2016q3/bin/../lib/gcc/arm-none-eabi/5.4.1/../../../../arm-none-eabi/lib/armv7-m/crt0.o (memset)
d:/program files (x86)/gnu tools arm embedded/5.4 2016q3/bin/../lib/gcc/arm-none-eabi/5.4.1/../../../../arm-none-eabi/lib/armv7-m\libg_nano.a(lib_a-nano-vfprintf_float.o)
                              (_printf_float)
d:/program files (x86)/gnu tools arm embedded/5.4 2016q3/bin/../lib/gcc/arm-none-eabi/5.4.1/../../../../arm-none-eabi/lib/armv7-m\libg_nano.a(lib_a-nano-vfprintf_i.o)
                              d:/program files (x86)/gnu tools arm embedded/5.4 2016q3/bin/../lib/gcc/arm-none-eabi/5.4.1/../../../../arm-none-eabi/lib/armv7-m\libg_nano.a(lib_a-nano-vfprintf_float.o) (_printf_common)
d:/program files (x86)/gnu tools arm embedded/5.4 2016q3/bin/../lib/gcc/arm-none-eabi/5.4.1/../../../../arm-none-eabi/lib/armv7-m\libg_nano.a(lib_a-puts.o)
                              CMakeFiles/ADC.elf.dir/USER/Src/main.c.obj (puts)
d:/program files (x86)/gnu tools arm embedded/5.4 2016q3/bin/../lib/gcc/arm-none-eabi/5.4.1/../../../../arm-none-eabi/lib/armv7-m\libg_nano.a(lib_a-setvbuf.o)
                              CMakeFiles/ADC.elf.dir/SYSTEM/Src/usart.c.obj (setvbuf)
d:/program files (x86)/gnu tools arm embedded/5.4 2016q3/bin/../lib/gcc/arm-none-eabi/5.4.1/../../../../arm-none-eabi/lib/armv7-m\libg_nano.a(lib_a-strlen.o)
                              d:/program files (x86)/gnu tools arm embedded/5.4 2016q3/bin/../lib/gcc/arm-none-eabi/5.4.1/../../../../arm-none-eabi/lib/armv7-m\libg_nano.a(lib_a-nano-vfprintf_float.o) (strlen)
d:/program files (x86)/gnu tools arm embedded/5.4 2016q3/bin/../lib/gcc/arm-none-eabi/5.4.1/../../../../arm-none-eabi/lib/armv7-m\libg_nano.a(lib_a-wbuf.o)
                              d:/program files (x86)/gnu tools arm embedded/5.4 2016q3/bin/../lib/gcc/arm-none-eabi/5.4.1/../../../../arm-none-eabi/lib/armv7-m\libg_nano.a(lib_a-puts.o) (__swbuf_r)
d:/program files (x86)/gnu tools arm embedded/5.4 2016q3/bin/../lib/gcc/arm-none-eabi/5.4.1/../../../../arm-none-eabi/lib/armv7-m\libg_nano.a(lib_a-wsetup.o)
                              d:/program files (x86)/gnu tools arm embedded/5.4 2016q3/bin/../lib/gcc/arm-none-eabi/5.4.1/../../../../arm-none-eabi/lib/armv7-m\libg_nano.a(lib_a-puts.o) (__swsetup_r)
[...]
Memory Configuration

Name             Origin             Length             Attributes
RAM              0x20000000         0x00005000         xrw
FLASH            0x08000000         0x00020000         xr
*default*        0x00000000         0xffffffff

Linker script and memory map

LOAD d:/program files (x86)/gnu tools arm embedded/5.4 2016q3/bin/../lib/gcc/arm-none-eabi/5.4.1/armv7-m/crti.o
LOAD d:/program files (x86)/gnu tools arm embedded/5.4 2016q3/bin/../lib/gcc/arm-none-eabi/5.4.1/armv7-m/crtbegin.o
LOAD d:/program files (x86)/gnu tools arm embedded/5.4 2016q3/bin/../lib/gcc/arm-none-eabi/5.4.1/../../../../arm-none-eabi/lib/armv7-m/crt0.o
LOAD CMakeFiles/ADC.elf.dir/CORE/Src/core_cm3.c.obj
LOAD CMakeFiles/ADC.elf.dir/HARDWARE/Src/adc.c.obj
LOAD CMakeFiles/ADC.elf.dir/HARDWARE/Src/beep.c.obj
LOAD CMakeFiles/ADC.elf.dir/HARDWARE/Src/exti.c.obj
LOAD CMakeFiles/ADC.elf.dir/HARDWARE/Src/key.c.obj
LOAD CMakeFiles/ADC.elf.dir/HARDWARE/Src/led.c.obj
LOAD CMakeFiles/ADC.elf.dir/HARDWARE/Src/spi.c.obj
LOAD CMakeFiles/ADC.elf.dir/HARDWARE/Src/timer.c.obj
LOAD CMakeFiles/ADC.elf.dir/HARDWARE/Src/w25qxx.c.obj
LOAD CMakeFiles/ADC.elf.dir/OLED/Src/oled.c.obj
LOAD CMakeFiles/ADC.elf.dir/STM32F10x_FWLib/Src/misc.c.obj
LOAD CMakeFiles/ADC.elf.dir/STM32F10x_FWLib/Src/stm32f10x_adc.c.obj
LOAD CMakeFiles/ADC.elf.dir/STM32F10x_FWLib/Src/stm32f10x_bkp.c.obj
LOAD CMakeFiles/ADC.elf.dir/STM32F10x_FWLib/Src/stm32f10x_can.c.obj
LOAD CMakeFiles/ADC.elf.dir/STM32F10x_FWLib/Src/stm32f10x_cec.c.obj
LOAD CMakeFiles/ADC.elf.dir/STM32F10x_FWLib/Src/stm32f10x_crc.c.obj
LOAD CMakeFiles/ADC.elf.dir/STM32F10x_FWLib/Src/stm32f10x_dac.c.obj
LOAD CMakeFiles/ADC.elf.dir/STM32F10x_FWLib/Src/stm32f10x_dbgmcu.c.obj
LOAD CMakeFiles/ADC.elf.dir/STM32F10x_FWLib/Src/stm32f10x_dma.c.obj
LOAD CMakeFiles/ADC.elf.dir/STM32F10x_FWLib/Src/stm32f10x_exti.c.obj
LOAD CMakeFiles/ADC.elf.dir/STM32F10x_FWLib/Src/stm32f10x_flash.c.obj
LOAD CMakeFiles/ADC.elf.dir/STM32F10x_FWLib/Src/stm32f10x_fsmc.c.obj
LOAD CMakeFiles/ADC.elf.dir/STM32F10x_FWLib/Src/stm32f10x_gpio.c.obj
LOAD CMakeFiles/ADC.elf.dir/STM32F10x_FWLib/Src/stm32f10x_i2c.c.obj
LOAD CMakeFiles/ADC.elf.dir/STM32F10x_FWLib/Src/stm32f10x_iwdg.c.obj
LOAD CMakeFiles/ADC.elf.dir/STM32F10x_FWLib/Src/stm32f10x_pwr.c.obj
LOAD CMakeFiles/ADC.elf.dir/STM32F10x_FWLib/Src/stm32f10x_rcc.c.obj
LOAD CMakeFiles/ADC.elf.dir/STM32F10x_FWLib/Src/stm32f10x_rtc.c.obj
LOAD CMakeFiles/ADC.elf.dir/STM32F10x_FWLib/Src/stm32f10x_sdio.c.obj
LOAD CMakeFiles/ADC.elf.dir/STM32F10x_FWLib/Src/stm32f10x_spi.c.obj
LOAD CMakeFiles/ADC.elf.dir/STM32F10x_FWLib/Src/stm32f10x_tim.c.obj
LOAD CMakeFiles/ADC.elf.dir/STM32F10x_FWLib/Src/stm32f10x_usart.c.obj
LOAD CMakeFiles/ADC.elf.dir/STM32F10x_FWLib/Src/stm32f10x_wwdg.c.obj
LOAD CMakeFiles/ADC.elf.dir/SYSTEM/Src/delay.c.obj
LOAD CMakeFiles/ADC.elf.dir/SYSTEM/Src/sys.c.obj
LOAD CMakeFiles/ADC.elf.dir/SYSTEM/Src/usart.c.obj
LOAD CMakeFiles/ADC.elf.dir/Startup/startup_stm32f103rbtx.s.obj
LOAD CMakeFiles/ADC.elf.dir/USER/Src/main.c.obj
LOAD CMakeFiles/ADC.elf.dir/USER/Src/stm32f10x_it.c.obj
LOAD CMakeFiles/ADC.elf.dir/USER/Src/system_stm32f10x.c.obj
START GROUP
LOAD d:/program files (x86)/gnu tools arm embedded/5.4 2016q3/bin/../lib/gcc/arm-none-eabi/5.4.1/armv7-m\libgcc.a
LOAD d:/program files (x86)/gnu tools arm embedded/5.4 2016q3/bin/../lib/gcc/arm-none-eabi/5.4.1/../../../../arm-none-eabi/lib/armv7-m\libg_nano.a
LOAD d:/program files (x86)/gnu tools arm embedded/5.4 2016q3/bin/../lib/gcc/arm-none-eabi/5.4.1/../../../../arm-none-eabi/lib/armv7-m\libc_nano.a
END GROUP
START GROUP
LOAD d:/program files (x86)/gnu tools arm embedded/5.4 2016q3/bin/../lib/gcc/arm-none-eabi/5.4.1/armv7-m\libgcc.a
LOAD d:/program files (x86)/gnu tools arm embedded/5.4 2016q3/bin/../lib/gcc/arm-none-eabi/5.4.1/../../../../arm-none-eabi/lib/armv7-m\libc_nano.a
LOAD d:/program files (x86)/gnu tools arm embedded/5.4 2016q3/bin/../lib/gcc/arm-none-eabi/5.4.1/../../../../arm-none-eabi/lib/armv7-m\libnosys.a
END GROUP
START GROUP
LOAD d:/program files (x86)/gnu tools arm embedded/5.4 2016q3/bin/../lib/gcc/arm-none-eabi/5.4.1/armv7-m\libgcc.a
LOAD d:/program files (x86)/gnu tools arm embedded/5.4 2016q3/bin/../lib/gcc/arm-none-eabi/5.4.1/../../../../arm-none-eabi/lib/armv7-m\libc_nano.a
LOAD d:/program files (x86)/gnu tools arm embedded/5.4 2016q3/bin/../lib/gcc/arm-none-eabi/5.4.1/../../../../arm-none-eabi/lib/armv7-m\libnosys.a
END GROUP
LOAD d:/program files (x86)/gnu tools arm embedded/5.4 2016q3/bin/../lib/gcc/arm-none-eabi/5.4.1/armv7-m/crtend.o
LOAD d:/program files (x86)/gnu tools arm embedded/5.4 2016q3/bin/../lib/gcc/arm-none-eabi/5.4.1/armv7-m/crtn.o
                0x20005000                _estack = (ORIGIN (RAM) + LENGTH (RAM))
                0x00000200                _Min_Heap_Size = 0x200
                0x00000400                _Min_Stack_Size = 0x400

.isr_vector     0x08000000      0x10c
                0x08000000                . = ALIGN (0x4)
 *(.isr_vector)
 .isr_vector    0x08000000      0x10c CMakeFiles/ADC.elf.dir/Startup/startup_stm32f103rbtx.s.obj
                0x08000000                g_pfnVectors
                0x0800010c                . = ALIGN (0x4)

.text           0x08000110     0x4750
                0x08000110                . = ALIGN (0x4)
 *(.text)
 .text          0x08000110       0x5c d:/program files (x86)/gnu tools arm embedded/5.4 2016q3/bin/../lib/gcc/arm-none-eabi/5.4.1/armv7-m/crtbegin.o
 .text          0x0800016c      0x370 d:/program files (x86)/gnu tools arm embedded/5.4 2016q3/bin/../lib/gcc/arm-none-eabi/5.4.1/armv7-m\libgcc.a(_arm_addsubdf3.o)
                0x0800016c                __aeabi_drsub
                0x08000174                __aeabi_dsub
                0x08000174                __subdf3
                0x08000178                __aeabi_dadd
                0x08000178                __adddf3
                0x080003f0                __floatunsidf
                0x080003f0                __aeabi_ui2d
                0x08000410                __floatsidf
                0x08000410                __aeabi_i2d
                0x08000434                __aeabi_f2d
                0x08000434                __extendsfdf2
                0x08000470                __floatundidf
                0x08000470                __aeabi_ul2d
                0x08000480                __floatdidf
                0x08000480                __aeabi_l2d
 .text          0x080004dc      0x424 d:/program files (x86)/gnu tools arm embedded/5.4 2016q3/bin/../lib/gcc/arm-none-eabi/5.4.1/armv7-m\libgcc.a(_arm_muldivdf3.o)
                0x080004dc                __aeabi_dmul
                0x080004dc                __muldf3
                0x08000730                __divdf3
                0x08000730                __aeabi_ddiv
 .text          0x08000900       0xa0 d:/program files (x86)/gnu tools arm embedded/5.4 2016q3/bin/../lib/gcc/arm-none-eabi/5.4.1/armv7-m\libgcc.a(_arm_truncdfsf2.o)
                0x08000900                __truncdfsf2
                0x08000900                __aeabi_d2f
 .text          0x080009a0      0x21c d:/program files (x86)/gnu tools arm embedded/5.4 2016q3/bin/../lib/gcc/arm-none-eabi/5.4.1/armv7-m\libgcc.a(_arm_addsubsf3.o)
                0x080009a0                __aeabi_frsub
                0x080009a8                __subsf3
                0x080009a8                __aeabi_fsub
                0x080009ac                __aeabi_fadd
                0x080009ac                __addsf3
                0x08000b0c                __aeabi_ui2f
                0x08000b0c                __floatunsisf
                0x08000b14                __aeabi_i2f
                0x08000b14                __floatsisf
                0x08000b30                __aeabi_ul2f
                0x08000b30                __floatundisf
                0x08000b40                __aeabi_l2f
                0x08000b40                __floatdisf
 .text          0x08000bbc      0x2a0 d:/program files (x86)/gnu tools arm embedded/5.4 2016q3/bin/../lib/gcc/arm-none-eabi/5.4.1/armv7-m\libgcc.a(_arm_muldivsf3.o)
                0x08000bbc                __mulsf3
                0x08000bbc                __aeabi_fmul
                0x08000d24                __aeabi_fdiv
                0x08000d24                __divsf3
 .text          0x08000e5c       0x40 d:/program files (x86)/gnu tools arm embedded/5.4 2016q3/bin/../lib/gcc/arm-none-eabi/5.4.1/armv7-m\libgcc.a(_arm_fixunssfsi.o)
                0x08000e5c                __fixunssfsi
                0x08000e5c                __aeabi_f2uiz
 .text          0x08000e9c       0x10 d:/program files (x86)/gnu tools arm embedded/5.4 2016q3/bin/../lib/gcc/arm-none-eabi/5.4.1/../../../../arm-none-eabi/lib/armv7-m\libg_nano.a(lib_a-strlen.o)
                0x08000e9c                strlen
 .text          0x08000eac      0x110 d:/program files (x86)/gnu tools arm embedded/5.4 2016q3/bin/../lib/gcc/arm-none-eabi/5.4.1/armv7-m\libgcc.a(_arm_cmpdf2.o)
                0x08000eac                __gtdf2
                0x08000eac                __gedf2
                0x08000eb4                __ltdf2
                0x08000eb4                __ledf2
                0x08000ebc                __nedf2
                0x08000ebc                __eqdf2
                0x08000ebc                __cmpdf2
                0x08000f38                __aeabi_cdrcmple
                0x08000f48                __aeabi_cdcmpeq
                0x08000f48                __aeabi_cdcmple
                0x08000f58                __aeabi_dcmpeq
                0x08000f6c                __aeabi_dcmplt
                0x08000f80                __aeabi_dcmple
                0x08000f94                __aeabi_dcmpge
                0x08000fa8                __aeabi_dcmpgt
 .text          0x08000fbc       0x2c d:/program files (x86)/gnu tools arm embedded/5.4 2016q3/bin/../lib/gcc/arm-none-eabi/5.4.1/armv7-m\libgcc.a(_arm_unorddf2.o)
                0x08000fbc                __unorddf2
                0x08000fbc                __aeabi_dcmpun
 .text          0x08000fe8       0x50 d:/program files (x86)/gnu tools arm embedded/5.4 2016q3/bin/../lib/gcc/arm-none-eabi/5.4.1/armv7-m\libgcc.a(_arm_fixdfsi.o)
                0x08000fe8                __aeabi_d2iz
                0x08000fe8                __fixdfsi
 *(.text*)
 .text.Adc_Init
                0x08001038       0x88 CMakeFiles/ADC.elf.dir/HARDWARE/Src/adc.c.obj
                0x08001038                Adc_Init
 .text.Get_Adc  0x080010c0       0x30 CMakeFiles/ADC.elf.dir/HARDWARE/Src/adc.c.obj
                0x080010c0                Get_Adc
 .text.Get_Adc_Average
                0x080010f0       0x2c CMakeFiles/ADC.elf.dir/HARDWARE/Src/adc.c.obj
                0x080010f0                Get_Adc_Average
 .text.beep_init
                0x0800111c       0x3c CMakeFiles/ADC.elf.dir/HARDWARE/Src/beep.c.obj
                0x0800111c                beep_init
 .text.EXTI0_IRQHandler
                0x08001158       0x40 CMakeFiles/ADC.elf.dir/HARDWARE/Src/exti.c.obj
                0x08001158                EXTI0_IRQHandler
 .text.EXTI2_IRQHandler
                0x08001198       0x24 CMakeFiles/ADC.elf.dir/HARDWARE/Src/exti.c.obj
                0x08001198                EXTI2_IRQHandler
 .text.EXTI9_5_IRQHandler
                0x080011bc       0x44 CMakeFiles/ADC.elf.dir/HARDWARE/Src/exti.c.obj
                0x080011bc                EXTI9_5_IRQHandler
 .text.key_init
                0x08001200       0x5c CMakeFiles/ADC.elf.dir/HARDWARE/Src/key.c.obj
                0x08001200                key_init
 .text.led_init
                0x0800125c       0x48 CMakeFiles/ADC.elf.dir/HARDWARE/Src/led.c.obj
                0x0800125c                led_init
 .text.SPI2_ReadWriteByte
                0x080012a4       0x54 CMakeFiles/ADC.elf.dir/HARDWARE/Src/spi.c.obj
                0x080012a4                SPI2_ReadWriteByte
 .text.SPI2_Init
                0x080012f8       0x94 CMakeFiles/ADC.elf.dir/HARDWARE/Src/spi.c.obj
                0x080012f8                SPI2_Init
 .text.SPI2_SetSpeed
                0x0800138c       0x28 CMakeFiles/ADC.elf.dir/HARDWARE/Src/spi.c.obj
                0x0800138c                SPI2_SetSpeed
 .text.TIM3_Int_Init
                0x080013b4       0x64 CMakeFiles/ADC.elf.dir/HARDWARE/Src/timer.c.obj
                0x080013b4                TIM3_Int_Init
 .text.TIM3_IRQHandler
                0x08001418       0x2c CMakeFiles/ADC.elf.dir/HARDWARE/Src/timer.c.obj
                0x08001418                TIM3_IRQHandler
 .text.TIM2_IRQHandler
                0x08001444       0x2c CMakeFiles/ADC.elf.dir/HARDWARE/Src/timer.c.obj
                0x08001444                TIM2_IRQHandler
 .text.W25QXX_ReadID
                0x08001470       0x40 CMakeFiles/ADC.elf.dir/HARDWARE/Src/w25qxx.c.obj
                0x08001470                W25QXX_ReadID
 .text.W25QXX_Init
                0x080014b0       0x5c CMakeFiles/ADC.elf.dir/HARDWARE/Src/w25qxx.c.obj
                0x080014b0                W25QXX_Init
 .text.OLED_IIC_Start
                0x0800150c       0x1c CMakeFiles/ADC.elf.dir/OLED/Src/oled.c.obj
 .text.OLED_IIC_Stop
                0x08001528       0x18 CMakeFiles/ADC.elf.dir/OLED/Src/oled.c.obj
 .text.IIC_Wait_Ack
                0x08001540       0x34 CMakeFiles/ADC.elf.dir/OLED/Src/oled.c.obj
 .text.Write_IIC_Byte
                0x08001574       0x4c CMakeFiles/ADC.elf.dir/OLED/Src/oled.c.obj
 .text.Write_IIC_Data
                0x080015c0       0x20 CMakeFiles/ADC.elf.dir/OLED/Src/oled.c.obj
 .text.Write_IIC_Command
                0x080015e0       0x20 CMakeFiles/ADC.elf.dir/OLED/Src/oled.c.obj
 .text.OLED_GPIO_Init
                0x08001600       0x40 CMakeFiles/ADC.elf.dir/OLED/Src/oled.c.obj
                0x08001600                OLED_GPIO_Init
 .text.OLED_WR_Byte
                0x08001640       0x10 CMakeFiles/ADC.elf.dir/OLED/Src/oled.c.obj
                0x08001640                OLED_WR_Byte
 .text.OLED_Set_Pos
                0x08001650       0x28 CMakeFiles/ADC.elf.dir/OLED/Src/oled.c.obj
                0x08001650                OLED_Set_Pos
 .text.OLED_Clear
                0x08001678       0x44 CMakeFiles/ADC.elf.dir/OLED/Src/oled.c.obj
                0x08001678                OLED_Clear
 .text.OLED_ShowChar
                0x080016bc       0x64 CMakeFiles/ADC.elf.dir/OLED/Src/oled.c.obj
                0x080016bc                OLED_ShowChar
 .text.oled_pow
                0x08001720       0x18 CMakeFiles/ADC.elf.dir/OLED/Src/oled.c.obj
                0x08001720                oled_pow
 .text.OLED_ShowNum
                0x08001738       0x7c CMakeFiles/ADC.elf.dir/OLED/Src/oled.c.obj
                0x08001738                OLED_ShowNum
 .text.OLED_ShowString
                0x080017b4       0x30 CMakeFiles/ADC.elf.dir/OLED/Src/oled.c.obj
                0x080017b4                OLED_ShowString
 .text.OLED_Init
                0x080017e4       0xdc CMakeFiles/ADC.elf.dir/OLED/Src/oled.c.obj
                0x080017e4                OLED_Init
 .text.NVIC_Init
                0x080018c0       0x64 CMakeFiles/ADC.elf.dir/STM32F10x_FWLib/Src/misc.c.obj
                0x080018c0                NVIC_Init
 .text.SysTick_CLKSourceConfig
                0x08001924       0x20 CMakeFiles/ADC.elf.dir/STM32F10x_FWLib/Src/misc.c.obj
                0x08001924                SysTick_CLKSourceConfig
 .text.ADC_DeInit
                0x08001944       0x64 CMakeFiles/ADC.elf.dir/STM32F10x_FWLib/Src/stm32f10x_adc.c.obj
                0x08001944                ADC_DeInit
 .text.ADC_Init
                0x080019a8       0x48 CMakeFiles/ADC.elf.dir/STM32F10x_FWLib/Src/stm32f10x_adc.c.obj
                0x080019a8                ADC_Init
 .text.ADC_Cmd  0x080019f0       0x18 CMakeFiles/ADC.elf.dir/STM32F10x_FWLib/Src/stm32f10x_adc.c.obj
                0x080019f0                ADC_Cmd
 .text.ADC_ResetCalibration
                0x08001a08        0xc CMakeFiles/ADC.elf.dir/STM32F10x_FWLib/Src/stm32f10x_adc.c.obj
                0x08001a08                ADC_ResetCalibration
 .text.ADC_GetResetCalibrationStatus
                0x08001a14       0x10 CMakeFiles/ADC.elf.dir/STM32F10x_FWLib/Src/stm32f10x_adc.c.obj
                0x08001a14                ADC_GetResetCalibrationStatus
 .text.ADC_StartCalibration
                0x08001a24        0xc CMakeFiles/ADC.elf.dir/STM32F10x_FWLib/Src/stm32f10x_adc.c.obj
                0x08001a24                ADC_StartCalibration
 .text.ADC_GetCalibrationStatus
                0x08001a30       0x10 CMakeFiles/ADC.elf.dir/STM32F10x_FWLib/Src/stm32f10x_adc.c.obj
                0x08001a30                ADC_GetCalibrationStatus
 .text.ADC_SoftwareStartConvCmd
                0x08001a40       0x18 CMakeFiles/ADC.elf.dir/STM32F10x_FWLib/Src/stm32f10x_adc.c.obj
                0x08001a40                ADC_SoftwareStartConvCmd
 .text.ADC_RegularChannelConfig
                0x08001a58       0x8c CMakeFiles/ADC.elf.dir/STM32F10x_FWLib/Src/stm32f10x_adc.c.obj
                0x08001a58                ADC_RegularChannelConfig
 .text.ADC_GetConversionValue
                0x08001ae4        0x8 CMakeFiles/ADC.elf.dir/STM32F10x_FWLib/Src/stm32f10x_adc.c.obj
                0x08001ae4                ADC_GetConversionValue
 .text.ADC_GetFlagStatus
                0x08001aec       0x10 CMakeFiles/ADC.elf.dir/STM32F10x_FWLib/Src/stm32f10x_adc.c.obj
                0x08001aec                ADC_GetFlagStatus
 .text.EXTI_ClearITPendingBit
                0x08001afc        0xc CMakeFiles/ADC.elf.dir/STM32F10x_FWLib/Src/stm32f10x_exti.c.obj
                0x08001afc                EXTI_ClearITPendingBit
 .text.GPIO_Init
                0x08001b08       0x9c CMakeFiles/ADC.elf.dir/STM32F10x_FWLib/Src/stm32f10x_gpio.c.obj
                0x08001b08                GPIO_Init
 .text.GPIO_ReadInputDataBit
                0x08001ba4       0x10 CMakeFiles/ADC.elf.dir/STM32F10x_FWLib/Src/stm32f10x_gpio.c.obj
                0x08001ba4                GPIO_ReadInputDataBit
 .text.GPIO_SetBits
                0x08001bb4        0x4 CMakeFiles/ADC.elf.dir/STM32F10x_FWLib/Src/stm32f10x_gpio.c.obj
                0x08001bb4                GPIO_SetBits
 .text.RCC_ADCCLKConfig
                0x08001bb8       0x14 CMakeFiles/ADC.elf.dir/STM32F10x_FWLib/Src/stm32f10x_rcc.c.obj
                0x08001bb8                RCC_ADCCLKConfig
 .text.RCC_GetClocksFreq
                0x08001bcc       0xbc CMakeFiles/ADC.elf.dir/STM32F10x_FWLib/Src/stm32f10x_rcc.c.obj
                0x08001bcc                RCC_GetClocksFreq
 .text.RCC_APB2PeriphClockCmd
                0x08001c88       0x1c CMakeFiles/ADC.elf.dir/STM32F10x_FWLib/Src/stm32f10x_rcc.c.obj
                0x08001c88                RCC_APB2PeriphClockCmd
 .text.RCC_APB1PeriphClockCmd
                0x08001ca4       0x1c CMakeFiles/ADC.elf.dir/STM32F10x_FWLib/Src/stm32f10x_rcc.c.obj
                0x08001ca4                RCC_APB1PeriphClockCmd
 .text.RCC_APB2PeriphResetCmd
                0x08001cc0       0x1c CMakeFiles/ADC.elf.dir/STM32F10x_FWLib/Src/stm32f10x_rcc.c.obj
                0x08001cc0                RCC_APB2PeriphResetCmd
 .text.SPI_Init
                0x08001cdc       0x4c CMakeFiles/ADC.elf.dir/STM32F10x_FWLib/Src/stm32f10x_spi.c.obj
                0x08001cdc                SPI_Init
 .text.SPI_Cmd  0x08001d28       0x1c CMakeFiles/ADC.elf.dir/STM32F10x_FWLib/Src/stm32f10x_spi.c.obj
                0x08001d28                SPI_Cmd
 .text.SPI_I2S_SendData
                0x08001d44        0x4 CMakeFiles/ADC.elf.dir/STM32F10x_FWLib/Src/stm32f10x_spi.c.obj
                0x08001d44                SPI_I2S_SendData
 .text.SPI_I2S_ReceiveData
                0x08001d48        0x8 CMakeFiles/ADC.elf.dir/STM32F10x_FWLib/Src/stm32f10x_spi.c.obj
                0x08001d48                SPI_I2S_ReceiveData
 .text.SPI_I2S_GetFlagStatus
                0x08001d50       0x10 CMakeFiles/ADC.elf.dir/STM32F10x_FWLib/Src/stm32f10x_spi.c.obj
                0x08001d50                SPI_I2S_GetFlagStatus
 .text.TIM_TimeBaseInit
                0x08001d60       0x94 CMakeFiles/ADC.elf.dir/STM32F10x_FWLib/Src/stm32f10x_tim.c.obj
                0x08001d60                TIM_TimeBaseInit
 .text.TIM_Cmd  0x08001df4       0x1c CMakeFiles/ADC.elf.dir/STM32F10x_FWLib/Src/stm32f10x_tim.c.obj
                0x08001df4                TIM_Cmd
 .text.TIM_ITConfig
                0x08001e10       0x18 CMakeFiles/ADC.elf.dir/STM32F10x_FWLib/Src/stm32f10x_tim.c.obj
                0x08001e10                TIM_ITConfig
 .text.TIM_GetITStatus
                0x08001e28       0x18 CMakeFiles/ADC.elf.dir/STM32F10x_FWLib/Src/stm32f10x_tim.c.obj
                0x08001e28                TIM_GetITStatus
 .text.TIM_ClearITPendingBit
                0x08001e40        0x8 CMakeFiles/ADC.elf.dir/STM32F10x_FWLib/Src/stm32f10x_tim.c.obj
                0x08001e40                TIM_ClearITPendingBit
 .text.USART_Init
                0x08001e48       0xc8 CMakeFiles/ADC.elf.dir/STM32F10x_FWLib/Src/stm32f10x_usart.c.obj
                0x08001e48                USART_Init
 .text.USART_Cmd
                0x08001f10       0x1c CMakeFiles/ADC.elf.dir/STM32F10x_FWLib/Src/stm32f10x_usart.c.obj
                0x08001f10                USART_Cmd
 .text.USART_ITConfig
                0x08001f2c       0x38 CMakeFiles/ADC.elf.dir/STM32F10x_FWLib/Src/stm32f10x_usart.c.obj
                0x08001f2c                USART_ITConfig
 .text.USART_SendData
                0x08001f64        0x8 CMakeFiles/ADC.elf.dir/STM32F10x_FWLib/Src/stm32f10x_usart.c.obj
                0x08001f64                USART_SendData
 .text.USART_ReceiveData
                0x08001f6c        0x8 CMakeFiles/ADC.elf.dir/STM32F10x_FWLib/Src/stm32f10x_usart.c.obj
                0x08001f6c                USART_ReceiveData
 .text.USART_GetFlagStatus
                0x08001f74       0x10 CMakeFiles/ADC.elf.dir/STM32F10x_FWLib/Src/stm32f10x_usart.c.obj
                0x08001f74                USART_GetFlagStatus
 .text.delay_init
                0x08001f84       0x3c CMakeFiles/ADC.elf.dir/SYSTEM/Src/delay.c.obj
                0x08001f84                delay_init
 .text.delay_ms
                0x08001fc0       0x3c CMakeFiles/ADC.elf.dir/SYSTEM/Src/delay.c.obj
                0x08001fc0                delay_ms
 .text.PrintfInit
                0x08001ffc       0x20 CMakeFiles/ADC.elf.dir/SYSTEM/Src/usart.c.obj
                0x08001ffc                PrintfInit
 .text.uart_init
                0x0800201c       0xa4 CMakeFiles/ADC.elf.dir/SYSTEM/Src/usart.c.obj
                0x0800201c                uart_init
 .text._isatty  0x080020c0        0xc CMakeFiles/ADC.elf.dir/SYSTEM/Src/usart.c.obj
                0x080020c0                _isatty
 .text._write   0x080020cc       0x4c CMakeFiles/ADC.elf.dir/SYSTEM/Src/usart.c.obj
                0x080020cc                _write
 .text._close   0x08002118       0x10 CMakeFiles/ADC.elf.dir/SYSTEM/Src/usart.c.obj
                0x08002118                _close
 .text._lseek   0x08002128        0x8 CMakeFiles/ADC.elf.dir/SYSTEM/Src/usart.c.obj
                0x08002128                _lseek
 .text._read    0x08002130       0x28 CMakeFiles/ADC.elf.dir/SYSTEM/Src/usart.c.obj
                0x08002130                _read
 .text.Reset_Handler
                0x08002158       0x48 CMakeFiles/ADC.elf.dir/Startup/startup_stm32f103rbtx.s.obj
                0x08002158                Reset_Handler
 .text.Default_Handler
                0x080021a0        0x2 CMakeFiles/ADC.elf.dir/Startup/startup_stm32f103rbtx.s.obj
                0x080021a0                RTC_Alarm_IRQHandler
                0x080021a0                TIM1_CC_IRQHandler
                0x080021a0                PVD_IRQHandler
                0x080021a0                EXTI3_IRQHandler
                0x080021a0                I2C2_EV_IRQHandler
                0x080021a0                ADC1_2_IRQHandler
                0x080021a0                SPI1_IRQHandler
                0x080021a0                TAMPER_IRQHandler
                0x080021a0                DMA1_Channel4_IRQHandler
                0x080021a0                USART3_IRQHandler
                0x080021a0                RTC_IRQHandler
                0x080021a0                DMA1_Channel7_IRQHandler
                0x080021a0                CAN1_RX1_IRQHandler
                0x080021a0                TIM4_IRQHandler
                0x080021a0                I2C1_EV_IRQHandler
                0x080021a0                DMA1_Channel6_IRQHandler
                0x080021a0                RCC_IRQHandler
                0x080021a0                TIM1_TRG_COM_IRQHandler
                0x080021a0                DMA1_Channel1_IRQHandler
                0x080021a0                Default_Handler
                0x080021a0                EXTI15_10_IRQHandler
                0x080021a0                SPI2_IRQHandler
                0x080021a0                DMA1_Channel5_IRQHandler
                0x080021a0                EXTI4_IRQHandler
                0x080021a0                USB_LP_CAN1_RX0_IRQHandler
                0x080021a0                USB_HP_CAN1_TX_IRQHandler
                0x080021a0                DMA1_Channel3_IRQHandler
                0x080021a0                TIM1_UP_IRQHandler
                0x080021a0                WWDG_IRQHandler
                0x080021a0                TIM1_BRK_IRQHandler
                0x080021a0                EXTI1_IRQHandler
                0x080021a0                USART2_IRQHandler
                0x080021a0                I2C2_ER_IRQHandler
                0x080021a0                DMA1_Channel2_IRQHandler
                0x080021a0                CAN1_SCE_IRQHandler
                0x080021a0                FLASH_IRQHandler
                0x080021a0                USART1_IRQHandler
                0x080021a0                I2C1_ER_IRQHandler
                0x080021a0                USBWakeUp_IRQHandler
 *fill*         0x080021a2        0x6 
 .text.main     0x080021a8      0x190 CMakeFiles/ADC.elf.dir/USER/Src/main.c.obj
                0x080021a8                main
 .text.NMI_Handler
                0x08002338        0x4 CMakeFiles/ADC.elf.dir/USER/Src/stm32f10x_it.c.obj
                0x08002338                NMI_Handler
 .text.HardFault_Handler
                0x0800233c        0x4 CMakeFiles/ADC.elf.dir/USER/Src/stm32f10x_it.c.obj
                0x0800233c                HardFault_Handler
 .text.MemManage_Handler
                0x08002340        0x4 CMakeFiles/ADC.elf.dir/USER/Src/stm32f10x_it.c.obj
                0x08002340                MemManage_Handler
 .text.BusFault_Handler
                0x08002344        0x4 CMakeFiles/ADC.elf.dir/USER/Src/stm32f10x_it.c.obj
                0x08002344                BusFault_Handler
 .text.UsageFault_Handler
                0x08002348        0x4 CMakeFiles/ADC.elf.dir/USER/Src/stm32f10x_it.c.obj
                0x08002348                UsageFault_Handler
 .text.SVC_Handler
                0x0800234c        0x4 CMakeFiles/ADC.elf.dir/USER/Src/stm32f10x_it.c.obj
                0x0800234c                SVC_Handler
 .text.DebugMon_Handler
                0x08002350        0x4 CMakeFiles/ADC.elf.dir/USER/Src/stm32f10x_it.c.obj
                0x08002350                DebugMon_Handler
 .text.PendSV_Handler
                0x08002354        0x4 CMakeFiles/ADC.elf.dir/USER/Src/stm32f10x_it.c.obj
                0x08002354                PendSV_Handler
 .text.SysTick_Handler
                0x08002358        0x4 CMakeFiles/ADC.elf.dir/USER/Src/stm32f10x_it.c.obj
                0x08002358                SysTick_Handler
 .text.SetSysClockTo72
                0x0800235c       0xc4 CMakeFiles/ADC.elf.dir/USER/Src/system_stm32f10x.c.obj
 .text.SetSysClock
                0x08002420        0x8 CMakeFiles/ADC.elf.dir/USER/Src/system_stm32f10x.c.obj
 .text.SystemInit
                0x08002428       0x50 CMakeFiles/ADC.elf.dir/USER/Src/system_stm32f10x.c.obj
                0x08002428                SystemInit
 .text.__libc_init_array
                0x08002478       0x4c d:/program files (x86)/gnu tools arm embedded/5.4 2016q3/bin/../lib/gcc/arm-none-eabi/5.4.1/../../../../arm-none-eabi/lib/armv7-m\libg_nano.a(lib_a-init.o)
                0x08002478                __libc_init_array
 .text.memset   0x080024c4       0x10 d:/program files (x86)/gnu tools arm embedded/5.4 2016q3/bin/../lib/gcc/arm-none-eabi/5.4.1/../../../../arm-none-eabi/lib/armv7-m\libg_nano.a(lib_a-memset.o)
                0x080024c4                memset
 .text.__cvt    0x080024d4       0xc0 d:/program files (x86)/gnu tools arm embedded/5.4 2016q3/bin/../lib/gcc/arm-none-eabi/5.4.1/../../../../arm-none-eabi/lib/armv7-m\libg_nano.a(lib_a-nano-vfprintf_float.o)
                0x080024d4                __cvt
 .text.__exponent
                0x08002594       0x62 d:/program files (x86)/gnu tools arm embedded/5.4 2016q3/bin/../lib/gcc/arm-none-eabi/5.4.1/../../../../arm-none-eabi/lib/armv7-m\libg_nano.a(lib_a-nano-vfprintf_float.o)
                0x08002594                __exponent
 *fill*         0x080025f6        0x2 
 .text._printf_float
                0x080025f8      0x488 d:/program files (x86)/gnu tools arm embedded/5.4 2016q3/bin/../lib/gcc/arm-none-eabi/5.4.1/../../../../arm-none-eabi/lib/armv7-m\libg_nano.a(lib_a-nano-vfprintf_float.o)
                0x080025f8                _printf_float
 .text._printf_common
                0x08002a80       0xec d:/program files (x86)/gnu tools arm embedded/5.4 2016q3/bin/../lib/gcc/arm-none-eabi/5.4.1/../../../../arm-none-eabi/lib/armv7-m\libg_nano.a(lib_a-nano-vfprintf_i.o)
                0x08002a80                _printf_common
 .text._puts_r  0x08002b6c       0xb4 d:/program files (x86)/gnu tools arm embedded/5.4 2016q3/bin/../lib/gcc/arm-none-eabi/5.4.1/../../../../arm-none-eabi/lib/armv7-m\libg_nano.a(lib_a-puts.o)
                0x08002b6c                _puts_r
 .text.puts     0x08002c20       0x10 d:/program files (x86)/gnu tools arm embedded/5.4 2016q3/bin/../lib/gcc/arm-none-eabi/5.4.1/../../../../arm-none-eabi/lib/armv7-m\libg_nano.a(lib_a-puts.o)
                0x08002c20                puts
 .text.setvbuf  0x08002c30      0x154 d:/program files (x86)/gnu tools arm embedded/5.4 2016q3/bin/../lib/gcc/arm-none-eabi/5.4.1/../../../../arm-none-eabi/lib/armv7-m\libg_nano.a(lib_a-setvbuf.o)
                0x08002c30                setvbuf
 .text.__swbuf_r
                0x08002d84       0xa8 d:/program files (x86)/gnu tools arm embedded/5.4 2016q3/bin/../lib/gcc/arm-none-eabi/5.4.1/../../../../arm-none-eabi/lib/armv7-m\libg_nano.a(lib_a-wbuf.o)
                0x08002d84                __swbuf_r
 .text.__swsetup_r
                0x08002e2c       0xdc d:/program files (x86)/gnu tools arm embedded/5.4 2016q3/bin/../lib/gcc/arm-none-eabi/5.4.1/../../../../arm-none-eabi/lib/armv7-m\libg_nano.a(lib_a-wsetup.o)
                0x08002e2c                __swsetup_r
 .text.quorem   0x08002f08      0x116 d:/program files (x86)/gnu tools arm embedded/5.4 2016q3/bin/../lib/gcc/arm-none-eabi/5.4.1/../../../../arm-none-eabi/lib/armv7-m\libg_nano.a(lib_a-dtoa.o)
 *fill*         0x0800301e        0x2 
 .text._dtoa_r  0x08003020      0xb30 d:/program files (x86)/gnu tools arm embedded/5.4 2016q3/bin/../lib/gcc/arm-none-eabi/5.4.1/../../../../arm-none-eabi/lib/armv7-m\libg_nano.a(lib_a-dtoa.o)
                0x08003020                _dtoa_r
 .text.__sflush_r
                0x08003b50      0x10c d:/program files (x86)/gnu tools arm embedded/5.4 2016q3/bin/../lib/gcc/arm-none-eabi/5.4.1/../../../../arm-none-eabi/lib/armv7-m\libg_nano.a(lib_a-fflush.o)
                0x08003b50                __sflush_r
 .text._fflush_r
                0x08003c5c       0x54 d:/program files (x86)/gnu tools arm embedded/5.4 2016q3/bin/../lib/gcc/arm-none-eabi/5.4.1/../../../../arm-none-eabi/lib/armv7-m\libg_nano.a(lib_a-fflush.o)
                0x08003c5c                _fflush_r
 .text._cleanup_r
                0x08003cb0        0xc d:/program files (x86)/gnu tools arm embedded/5.4 2016q3/bin/../lib/gcc/arm-none-eabi/5.4.1/../../../../arm-none-eabi/lib/armv7-m\libg_nano.a(lib_a-findfp.o)
                0x08003cb0                _cleanup_r
 .text.std.isra.0
                0x08003cbc       0x48 d:/program files (x86)/gnu tools arm embedded/5.4 2016q3/bin/../lib/gcc/arm-none-eabi/5.4.1/../../../../arm-none-eabi/lib/armv7-m\libg_nano.a(lib_a-findfp.o)
 .text.__sfmoreglue
                0x08003d04       0x2c d:/program files (x86)/gnu tools arm embedded/5.4 2016q3/bin/../lib/gcc/arm-none-eabi/5.4.1/../../../../arm-none-eabi/lib/armv7-m\libg_nano.a(lib_a-findfp.o)
                0x08003d04                __sfmoreglue
 .text.__sinit  0x08003d30       0x60 d:/program files (x86)/gnu tools arm embedded/5.4 2016q3/bin/../lib/gcc/arm-none-eabi/5.4.1/../../../../arm-none-eabi/lib/armv7-m\libg_nano.a(lib_a-findfp.o)
                0x08003d30                __sinit
 .text.__sfp    0x08003d90       0x78 d:/program files (x86)/gnu tools arm embedded/5.4 2016q3/bin/../lib/gcc/arm-none-eabi/5.4.1/../../../../arm-none-eabi/lib/armv7-m\libg_nano.a(lib_a-findfp.o)
                0x08003d90                __sfp
 .text._fwalk_reent
                0x08003e08       0x3c d:/program files (x86)/gnu tools arm embedded/5.4 2016q3/bin/../lib/gcc/arm-none-eabi/5.4.1/../../../../arm-none-eabi/lib/armv7-m\libg_nano.a(lib_a-fwalk.o)
                0x08003e08                _fwalk_reent
 .text._localeconv_r
                0x08003e44       0x1c d:/program files (x86)/gnu tools arm embedded/5.4 2016q3/bin/../lib/gcc/arm-none-eabi/5.4.1/../../../../arm-none-eabi/lib/armv7-m\libg_nano.a(lib_a-localeconv.o)
                0x08003e44                _localeconv_r
 .text.__swhatbuf_r
                0x08003e60       0x46 d:/program files (x86)/gnu tools arm embedded/5.4 2016q3/bin/../lib/gcc/arm-none-eabi/5.4.1/../../../../arm-none-eabi/lib/armv7-m\libg_nano.a(lib_a-makebuf.o)
                0x08003e60                __swhatbuf_r
 *fill*         0x08003ea6        0x2 
 .text.__smakebuf_r
                0x08003ea8       0x78 d:/program files (x86)/gnu tools arm embedded/5.4 2016q3/bin/../lib/gcc/arm-none-eabi/5.4.1/../../../../arm-none-eabi/lib/armv7-m\libg_nano.a(lib_a-makebuf.o)
                0x08003ea8                __smakebuf_r
 .text.malloc   0x08003f20       0x10 d:/program files (x86)/gnu tools arm embedded/5.4 2016q3/bin/../lib/gcc/arm-none-eabi/5.4.1/../../../../arm-none-eabi/lib/armv7-m\libg_nano.a(lib_a-malloc.o)
                0x08003f20                malloc
 .text.memcpy   0x08003f30       0x16 d:/program files (x86)/gnu tools arm embedded/5.4 2016q3/bin/../lib/gcc/arm-none-eabi/5.4.1/../../../../arm-none-eabi/lib/armv7-m\libg_nano.a(lib_a-memcpy-stub.o)
                0x08003f30                memcpy
 .text._Balloc  0x08003f46       0x6a d:/program files (x86)/gnu tools arm embedded/5.4 2016q3/bin/../lib/gcc/arm-none-eabi/5.4.1/../../../../arm-none-eabi/lib/armv7-m\libg_nano.a(lib_a-mprec.o)
                0x08003f46                _Balloc
 .text._Bfree   0x08003fb0       0x2e d:/program files (x86)/gnu tools arm embedded/5.4 2016q3/bin/../lib/gcc/arm-none-eabi/5.4.1/../../../../arm-none-eabi/lib/armv7-m\libg_nano.a(lib_a-mprec.o)
                0x08003fb0                _Bfree
 .text.__multadd
                0x08003fde       0x76 d:/program files (x86)/gnu tools arm embedded/5.4 2016q3/bin/../lib/gcc/arm-none-eabi/5.4.1/../../../../arm-none-eabi/lib/armv7-m\libg_nano.a(lib_a-mprec.o)
                0x08003fde                __multadd
 .text.__hi0bits
                0x08004054       0x40 d:/program files (x86)/gnu tools arm embedded/5.4 2016q3/bin/../lib/gcc/arm-none-eabi/5.4.1/../../../../arm-none-eabi/lib/armv7-m\libg_nano.a(lib_a-mprec.o)
                0x08004054                __hi0bits
 .text.__lo0bits
                0x08004094       0x5a d:/program files (x86)/gnu tools arm embedded/5.4 2016q3/bin/../lib/gcc/arm-none-eabi/5.4.1/../../../../arm-none-eabi/lib/armv7-m\libg_nano.a(lib_a-mprec.o)
                0x08004094                __lo0bits
 .text.__i2b    0x080040ee       0x12 d:/program files (x86)/gnu tools arm embedded/5.4 2016q3/bin/../lib/gcc/arm-none-eabi/5.4.1/../../../../arm-none-eabi/lib/armv7-m\libg_nano.a(lib_a-mprec.o)
                0x080040ee                __i2b
 .text.__multiply
                0x08004100      0x120 d:/program files (x86)/gnu tools arm embedded/5.4 2016q3/bin/../lib/gcc/arm-none-eabi/5.4.1/../../../../arm-none-eabi/lib/armv7-m\libg_nano.a(lib_a-mprec.o)
                0x08004100                __multiply
 .text.__pow5mult
                0x08004220       0x9c d:/program files (x86)/gnu tools arm embedded/5.4 2016q3/bin/../lib/gcc/arm-none-eabi/5.4.1/../../../../arm-none-eabi/lib/armv7-m\libg_nano.a(lib_a-mprec.o)
                0x08004220                __pow5mult
 .text.__lshift
                0x080042bc       0xa2 d:/program files (x86)/gnu tools arm embedded/5.4 2016q3/bin/../lib/gcc/arm-none-eabi/5.4.1/../../../../arm-none-eabi/lib/armv7-m\libg_nano.a(lib_a-mprec.o)
                0x080042bc                __lshift
 .text.__mcmp   0x0800435e       0x38 d:/program files (x86)/gnu tools arm embedded/5.4 2016q3/bin/../lib/gcc/arm-none-eabi/5.4.1/../../../../arm-none-eabi/lib/armv7-m\libg_nano.a(lib_a-mprec.o)
                0x0800435e                __mcmp
 .text.__mdiff  0x08004396       0xbe d:/program files (x86)/gnu tools arm embedded/5.4 2016q3/bin/../lib/gcc/arm-none-eabi/5.4.1/../../../../arm-none-eabi/lib/armv7-m\libg_nano.a(lib_a-mprec.o)
                0x08004396                __mdiff
 .text.__d2b    0x08004454       0x9c d:/program files (x86)/gnu tools arm embedded/5.4 2016q3/bin/../lib/gcc/arm-none-eabi/5.4.1/../../../../arm-none-eabi/lib/armv7-m\libg_nano.a(lib_a-mprec.o)
                0x08004454                __d2b
 .text._calloc_r
                0x080044f0       0x1c d:/program files (x86)/gnu tools arm embedded/5.4 2016q3/bin/../lib/gcc/arm-none-eabi/5.4.1/../../../../arm-none-eabi/lib/armv7-m\libg_nano.a(lib_a-nano-callocr.o)
                0x080044f0                _calloc_r
 .text._free_r  0x0800450c       0x98 d:/program files (x86)/gnu tools arm embedded/5.4 2016q3/bin/../lib/gcc/arm-none-eabi/5.4.1/../../../../arm-none-eabi/lib/armv7-m\libg_nano.a(lib_a-nano-freer.o)
                0x0800450c                _free_r
 .text._malloc_r
                0x080045a4       0xbc d:/program files (x86)/gnu tools arm embedded/5.4 2016q3/bin/../lib/gcc/arm-none-eabi/5.4.1/../../../../arm-none-eabi/lib/armv7-m\libg_nano.a(lib_a-nano-mallocr.o)
                0x080045a4                _malloc_r
 .text._sbrk_r  0x08004660       0x20 d:/program files (x86)/gnu tools arm embedded/5.4 2016q3/bin/../lib/gcc/arm-none-eabi/5.4.1/../../../../arm-none-eabi/lib/armv7-m\libg_nano.a(lib_a-sbrkr.o)
                0x08004660                _sbrk_r
 .text.__sread  0x08004680       0x22 d:/program files (x86)/gnu tools arm embedded/5.4 2016q3/bin/../lib/gcc/arm-none-eabi/5.4.1/../../../../arm-none-eabi/lib/armv7-m\libg_nano.a(lib_a-stdio.o)
                0x08004680                __sread
 .text.__swrite
                0x080046a2       0x38 d:/program files (x86)/gnu tools arm embedded/5.4 2016q3/bin/../lib/gcc/arm-none-eabi/5.4.1/../../../../arm-none-eabi/lib/armv7-m\libg_nano.a(lib_a-stdio.o)
                0x080046a2                __swrite
 .text.__sseek  0x080046da       0x24 d:/program files (x86)/gnu tools arm embedded/5.4 2016q3/bin/../lib/gcc/arm-none-eabi/5.4.1/../../../../arm-none-eabi/lib/armv7-m\libg_nano.a(lib_a-stdio.o)
                0x080046da                __sseek
 .text.__sclose
                0x080046fe        0x8 d:/program files (x86)/gnu tools arm embedded/5.4 2016q3/bin/../lib/gcc/arm-none-eabi/5.4.1/../../../../arm-none-eabi/lib/armv7-m\libg_nano.a(lib_a-stdio.o)
                0x080046fe                __sclose
 *fill*         0x08004706        0x2 
 .text._write_r
                0x08004708       0x24 d:/program files (x86)/gnu tools arm embedded/5.4 2016q3/bin/../lib/gcc/arm-none-eabi/5.4.1/../../../../arm-none-eabi/lib/armv7-m\libg_nano.a(lib_a-writer.o)
                0x08004708                _write_r
 .text._close_r
                0x0800472c       0x20 d:/program files (x86)/gnu tools arm embedded/5.4 2016q3/bin/../lib/gcc/arm-none-eabi/5.4.1/../../../../arm-none-eabi/lib/armv7-m\libg_nano.a(lib_a-closer.o)
                0x0800472c                _close_r
 .text._fstat_r
                0x0800474c       0x24 d:/program files (x86)/gnu tools arm embedded/5.4 2016q3/bin/../lib/gcc/arm-none-eabi/5.4.1/../../../../arm-none-eabi/lib/armv7-m\libg_nano.a(lib_a-fstatr.o)
                0x0800474c                _fstat_r
 .text._isatty_r
                0x08004770       0x20 d:/program files (x86)/gnu tools arm embedded/5.4 2016q3/bin/../lib/gcc/arm-none-eabi/5.4.1/../../../../arm-none-eabi/lib/armv7-m\libg_nano.a(lib_a-isattyr.o)
                0x08004770                _isatty_r
 .text._lseek_r
                0x08004790       0x24 d:/program files (x86)/gnu tools arm embedded/5.4 2016q3/bin/../lib/gcc/arm-none-eabi/5.4.1/../../../../arm-none-eabi/lib/armv7-m\libg_nano.a(lib_a-lseekr.o)
                0x08004790                _lseek_r
 .text.__ascii_mbtowc
                0x080047b4       0x24 d:/program files (x86)/gnu tools arm embedded/5.4 2016q3/bin/../lib/gcc/arm-none-eabi/5.4.1/../../../../arm-none-eabi/lib/armv7-m\libg_nano.a(lib_a-mbtowc_r.o)
                0x080047b4                __ascii_mbtowc
 .text.__malloc_lock
                0x080047d8        0x2 d:/program files (x86)/gnu tools arm embedded/5.4 2016q3/bin/../lib/gcc/arm-none-eabi/5.4.1/../../../../arm-none-eabi/lib/armv7-m\libg_nano.a(lib_a-mlock.o)
                0x080047d8                __malloc_lock
 .text.__malloc_unlock
                0x080047da        0x2 d:/program files (x86)/gnu tools arm embedded/5.4 2016q3/bin/../lib/gcc/arm-none-eabi/5.4.1/../../../../arm-none-eabi/lib/armv7-m\libg_nano.a(lib_a-mlock.o)
                0x080047da                __malloc_unlock
 .text._read_r  0x080047dc       0x24 d:/program files (x86)/gnu tools arm embedded/5.4 2016q3/bin/../lib/gcc/arm-none-eabi/5.4.1/../../../../arm-none-eabi/lib/armv7-m\libg_nano.a(lib_a-readr.o)
                0x080047dc                _read_r
 .text.__ascii_wctomb
                0x08004800       0x1a d:/program files (x86)/gnu tools arm embedded/5.4 2016q3/bin/../lib/gcc/arm-none-eabi/5.4.1/../../../../arm-none-eabi/lib/armv7-m\libg_nano.a(lib_a-wctomb_r.o)
                0x08004800                __ascii_wctomb
 *fill*         0x0800481a        0x2 
 .text._fstat   0x0800481c       0x10 d:/program files (x86)/gnu tools arm embedded/5.4 2016q3/bin/../lib/gcc/arm-none-eabi/5.4.1/../../../../arm-none-eabi/lib/armv7-m\libnosys.a(fstat.o)
                0x0800481c                _fstat
 .text._sbrk    0x0800482c       0x1c d:/program files (x86)/gnu tools arm embedded/5.4 2016q3/bin/../lib/gcc/arm-none-eabi/5.4.1/../../../../arm-none-eabi/lib/armv7-m\libnosys.a(sbrk.o)
                0x0800482c                _sbrk
 *(.glue_7)
 .glue_7        0x08004848        0x0 linker stubs
 *(.glue_7t)
 .glue_7t       0x08004848        0x0 linker stubs
 *(.eh_frame)
 .eh_frame      0x08004848        0x0 d:/program files (x86)/gnu tools arm embedded/5.4 2016q3/bin/../lib/gcc/arm-none-eabi/5.4.1/armv7-m/crtbegin.o
 *(.init)
 .init          0x08004848        0x4 d:/program files (x86)/gnu tools arm embedded/5.4 2016q3/bin/../lib/gcc/arm-none-eabi/5.4.1/armv7-m/crti.o
                0x08004848                _init
 .init          0x0800484c        0x8 d:/program files (x86)/gnu tools arm embedded/5.4 2016q3/bin/../lib/gcc/arm-none-eabi/5.4.1/armv7-m/crtn.o
 *(.fini)
 .fini          0x08004854        0x4 d:/program files (x86)/gnu tools arm embedded/5.4 2016q3/bin/../lib/gcc/arm-none-eabi/5.4.1/armv7-m/crti.o
                0x08004854                _fini
 .fini          0x08004858        0x8 d:/program files (x86)/gnu tools arm embedded/5.4 2016q3/bin/../lib/gcc/arm-none-eabi/5.4.1/armv7-m/crtn.o
                0x08004860                . = ALIGN (0x4)
                0x08004860                _etext = .

.vfp11_veneer   0x08004860        0x0
 .vfp11_veneer  0x08004860        0x0 linker stubs

.v4_bx          0x08004860        0x0
 .v4_bx         0x08004860        0x0 linker stubs

.iplt           0x08004860        0x0
 .iplt          0x08004860        0x0 d:/program files (x86)/gnu tools arm embedded/5.4 2016q3/bin/../lib/gcc/arm-none-eabi/5.4.1/armv7-m/crtbegin.o

.rodata         0x08004860      0x8d0
                0x08004860                . = ALIGN (0x4)
 *(.rodata)
 *(.rodata*)
 .rodata.F8X16  0x08004860      0x5f0 CMakeFiles/ADC.elf.dir/OLED/Src/oled.c.obj
                0x08004860                F8X16
 .rodata.str1.4
                0x08004e50       0x50 CMakeFiles/ADC.elf.dir/USER/Src/main.c.obj
                                 0x4e (size before relaxing)
 .rodata._global_impure_ptr
                0x08004ea0        0x4 d:/program files (x86)/gnu tools arm embedded/5.4 2016q3/bin/../lib/gcc/arm-none-eabi/5.4.1/../../../../arm-none-eabi/lib/armv7-m\libg_nano.a(lib_a-impure.o)
                0x08004ea0                _global_impure_ptr
 .rodata.str1.1
                0x08004ea4       0x12 d:/program files (x86)/gnu tools arm embedded/5.4 2016q3/bin/../lib/gcc/arm-none-eabi/5.4.1/../../../../arm-none-eabi/lib/armv7-m\libg_nano.a(lib_a-nano-vfprintf_float.o)
 .rodata.str1.1
                0x08004eb6        0xd d:/program files (x86)/gnu tools arm embedded/5.4 2016q3/bin/../lib/gcc/arm-none-eabi/5.4.1/../../../../arm-none-eabi/lib/armv7-m\libg_nano.a(lib_a-dtoa.o)
                                  0xf (size before relaxing)
 *fill*         0x08004ec3        0x1 
 .rodata.__sf_fake_stdin
                0x08004ec4       0x20 d:/program files (x86)/gnu tools arm embedded/5.4 2016q3/bin/../lib/gcc/arm-none-eabi/5.4.1/../../../../arm-none-eabi/lib/armv7-m\libg_nano.a(lib_a-findfp.o)
                0x08004ec4                __sf_fake_stdin
 .rodata.__sf_fake_stdout
                0x08004ee4       0x20 d:/program files (x86)/gnu tools arm embedded/5.4 2016q3/bin/../lib/gcc/arm-none-eabi/5.4.1/../../../../arm-none-eabi/lib/armv7-m\libg_nano.a(lib_a-findfp.o)
                0x08004ee4                __sf_fake_stdout
 .rodata.__sf_fake_stderr
                0x08004f04       0x20 d:/program files (x86)/gnu tools arm embedded/5.4 2016q3/bin/../lib/gcc/arm-none-eabi/5.4.1/../../../../arm-none-eabi/lib/armv7-m\libg_nano.a(lib_a-findfp.o)
                0x08004f04                __sf_fake_stderr
 *fill*         0x08004f24        0x4 
 .rodata.__mprec_tens
                0x08004f28       0xc8 d:/program files (x86)/gnu tools arm embedded/5.4 2016q3/bin/../lib/gcc/arm-none-eabi/5.4.1/../../../../arm-none-eabi/lib/armv7-m\libg_nano.a(lib_a-mprec.o)
                0x08004f28                __mprec_tens
 .rodata.__mprec_bigtens
                0x08004ff0       0x28 d:/program files (x86)/gnu tools arm embedded/5.4 2016q3/bin/../lib/gcc/arm-none-eabi/5.4.1/../../../../arm-none-eabi/lib/armv7-m\libg_nano.a(lib_a-mprec.o)
                0x08004ff0                __mprec_bigtens
 .rodata.p05.6097
                0x08005018        0xc d:/program files (x86)/gnu tools arm embedded/5.4 2016q3/bin/../lib/gcc/arm-none-eabi/5.4.1/../../../../arm-none-eabi/lib/armv7-m\libg_nano.a(lib_a-mprec.o)
 .rodata.str1.1
                0x08005024        0xa d:/program files (x86)/gnu tools arm embedded/5.4 2016q3/bin/../lib/gcc/arm-none-eabi/5.4.1/../../../../arm-none-eabi/lib/armv7-m\libg_nano.a(lib_a-locale.o)
                                  0xb (size before relaxing)
 .rodata._ctype_
                0x0800502e      0x101 d:/program files (x86)/gnu tools arm embedded/5.4 2016q3/bin/../lib/gcc/arm-none-eabi/5.4.1/../../../../arm-none-eabi/lib/armv7-m\libg_nano.a(lib_a-ctype_.o)
                0x0800502e                _ctype_
                0x08005130                . = ALIGN (0x4)
 *fill*         0x0800512f        0x1 

.rel.dyn        0x08005130        0x0
 .rel.iplt      0x08005130        0x0 d:/program files (x86)/gnu tools arm embedded/5.4 2016q3/bin/../lib/gcc/arm-none-eabi/5.4.1/armv7-m/crtbegin.o

.ARM.extab      0x08005130        0x0
                0x08005130                . = ALIGN (0x4)
 *(.ARM.extab* .gnu.linkonce.armextab.*)
                0x08005130                . = ALIGN (0x4)

.ARM            0x08005130        0x0
                0x08005130                . = ALIGN (0x4)
                0x08005130                __exidx_start = .
 *(.ARM.exidx*)
                0x08005130                __exidx_end = .
                0x08005130                . = ALIGN (0x4)

.preinit_array  0x08005130        0x0
                0x08005130                . = ALIGN (0x4)
                0x08005130                PROVIDE (__preinit_array_start, .)
 *(.preinit_array*)
                0x08005130                PROVIDE (__preinit_array_end, .)
                0x08005130                . = ALIGN (0x4)

.init_array     0x08005130        0x4
                0x08005130                . = ALIGN (0x4)
                0x08005130                PROVIDE (__init_array_start, .)
 *(SORT(.init_array.*))
 *(.init_array*)
 .init_array    0x08005130        0x4 d:/program files (x86)/gnu tools arm embedded/5.4 2016q3/bin/../lib/gcc/arm-none-eabi/5.4.1/armv7-m/crtbegin.o
                0x08005134                PROVIDE (__init_array_end, .)
                0x08005134                . = ALIGN (0x4)

.fini_array     0x08005134        0x4
                0x08005134                . = ALIGN (0x4)
                [!provide]                PROVIDE (__fini_array_start, .)
 *(SORT(.fini_array.*))
 *(.fini_array*)
 .fini_array    0x08005134        0x4 d:/program files (x86)/gnu tools arm embedded/5.4 2016q3/bin/../lib/gcc/arm-none-eabi/5.4.1/armv7-m/crtbegin.o
                [!provide]                PROVIDE (__fini_array_end, .)
                0x08005138                . = ALIGN (0x4)
                0x08005138                _sidata = LOADADDR (.data)

.data           0x20000000      0x1ec load address 0x08005138
                0x20000000                . = ALIGN (0x4)
                0x20000000                _sdata = .
 *(.data)
 *(.data*)
 .data.W25QXX_TYPE
                0x20000000        0x2 CMakeFiles/ADC.elf.dir/HARDWARE/Src/w25qxx.c.obj
                0x20000000                W25QXX_TYPE
 *fill*         0x20000002        0x2 
 .data.ADCPrescTable
                0x20000004        0x4 CMakeFiles/ADC.elf.dir/STM32F10x_FWLib/Src/stm32f10x_rcc.c.obj
 .data.APBAHBPrescTable
                0x20000008       0x10 CMakeFiles/ADC.elf.dir/STM32F10x_FWLib/Src/stm32f10x_rcc.c.obj
 .data.SystemCoreClock
                0x20000018        0x4 CMakeFiles/ADC.elf.dir/USER/Src/system_stm32f10x.c.obj
                0x20000018                SystemCoreClock
 .data.impure_data
                0x2000001c       0x60 d:/program files (x86)/gnu tools arm embedded/5.4 2016q3/bin/../lib/gcc/arm-none-eabi/5.4.1/../../../../arm-none-eabi/lib/armv7-m\libg_nano.a(lib_a-impure.o)
 .data._impure_ptr
                0x2000007c        0x4 d:/program files (x86)/gnu tools arm embedded/5.4 2016q3/bin/../lib/gcc/arm-none-eabi/5.4.1/../../../../arm-none-eabi/lib/armv7-m\libg_nano.a(lib_a-impure.o)
                0x2000007c                _impure_ptr
 .data.__global_locale
                0x20000080      0x16c d:/program files (x86)/gnu tools arm embedded/5.4 2016q3/bin/../lib/gcc/arm-none-eabi/5.4.1/../../../../arm-none-eabi/lib/armv7-m\libg_nano.a(lib_a-locale.o)
                0x20000080                __global_locale
 *(.RamFunc)
 *(.RamFunc*)
                0x200001ec                . = ALIGN (0x4)
                0x200001ec                _edata = .

.jcr            0x200001ec        0x0 load address 0x08005324
 .jcr           0x200001ec        0x0 d:/program files (x86)/gnu tools arm embedded/5.4 2016q3/bin/../lib/gcc/arm-none-eabi/5.4.1/armv7-m/crtbegin.o

.igot.plt       0x200001ec        0x0 load address 0x08005324
 .igot.plt      0x200001ec        0x0 d:/program files (x86)/gnu tools arm embedded/5.4 2016q3/bin/../lib/gcc/arm-none-eabi/5.4.1/armv7-m/crtbegin.o
                0x200001ec                . = ALIGN (0x4)

.bss            0x200001ec       0x3c load address 0x08005324
                0x200001ec                _sbss = .
                0x200001ec                __bss_start__ = _sbss
 *(.bss)
 .bss           0x200001ec       0x1c d:/program files (x86)/gnu tools arm embedded/5.4 2016q3/bin/../lib/gcc/arm-none-eabi/5.4.1/armv7-m/crtbegin.o
 *(.bss*)
 .bss.fac_us    0x20000208        0x1 CMakeFiles/ADC.elf.dir/SYSTEM/Src/delay.c.obj
 *fill*         0x20000209        0x1 
 .bss.fac_ms    0x2000020a        0x2 CMakeFiles/ADC.elf.dir/SYSTEM/Src/delay.c.obj
 .bss.G_uart    0x2000020c        0x4 CMakeFiles/ADC.elf.dir/SYSTEM/Src/usart.c.obj
                0x2000020c                G_uart
 .bss.temp      0x20000210        0x4 CMakeFiles/ADC.elf.dir/USER/Src/main.c.obj
                0x20000210                temp
 .bss.adc_x     0x20000214        0x2 CMakeFiles/ADC.elf.dir/USER/Src/main.c.obj
                0x20000214                adc_x
 *fill*         0x20000216        0x2 
 .bss.__malloc_sbrk_start
                0x20000218        0x4 d:/program files (x86)/gnu tools arm embedded/5.4 2016q3/bin/../lib/gcc/arm-none-eabi/5.4.1/../../../../arm-none-eabi/lib/armv7-m\libg_nano.a(lib_a-nano-mallocr.o)
                0x20000218                __malloc_sbrk_start
 .bss.__malloc_free_list
                0x2000021c        0x4 d:/program files (x86)/gnu tools arm embedded/5.4 2016q3/bin/../lib/gcc/arm-none-eabi/5.4.1/../../../../arm-none-eabi/lib/armv7-m\libg_nano.a(lib_a-nano-mallocr.o)
                0x2000021c                __malloc_free_list
 .bss.heap_end.4167
                0x20000220        0x4 d:/program files (x86)/gnu tools arm embedded/5.4 2016q3/bin/../lib/gcc/arm-none-eabi/5.4.1/../../../../arm-none-eabi/lib/armv7-m\libnosys.a(sbrk.o)
 *(COMMON)
 COMMON         0x20000224        0x4 d:/program files (x86)/gnu tools arm embedded/5.4 2016q3/bin/../lib/gcc/arm-none-eabi/5.4.1/../../../../arm-none-eabi/lib/armv7-m\libg_nano.a(lib_a-reent.o)
                0x20000224                errno
                0x20000228                . = ALIGN (0x4)
                0x20000228                _ebss = .
                0x20000228                __bss_end__ = _ebss

._user_heap_stack
                0x20000228      0x600 load address 0x08005324
                0x20000228                . = ALIGN (0x8)
                0x20000228                PROVIDE (end, .)
                [!provide]                PROVIDE (_end, .)
                0x20000428                . = (. + _Min_Heap_Size)
 *fill*         0x20000228      0x200 
                0x20000828                . = (. + _Min_Stack_Size)
 *fill*         0x20000428      0x400 
                0x20000828                . = ALIGN (0x8)

/DISCARD/
 libc.a(*)
 libm.a(*)
 libgcc.a(*)

.ARM.attributes
                0x00000000       0x29
 *(.ARM.attributes)
 .ARM.attributes
                0x00000000       0x1d d:/program files (x86)/gnu tools arm embedded/5.4 2016q3/bin/../lib/gcc/arm-none-eabi/5.4.1/armv7-m/crti.o
 .ARM.attributes
                0x0000001d       0x2d d:/program files (x86)/gnu tools arm embedded/5.4 2016q3/bin/../lib/gcc/arm-none-eabi/5.4.1/armv7-m/crtbegin.o
 .ARM.attributes
                0x0000004a       0x33 CMakeFiles/ADC.elf.dir/HARDWARE/Src/adc.c.obj
 .ARM.attributes
                0x0000007d       0x33 CMakeFiles/ADC.elf.dir/HARDWARE/Src/beep.c.obj
 .ARM.attributes
                0x000000b0       0x33 CMakeFiles/ADC.elf.dir/HARDWARE/Src/exti.c.obj
 .ARM.attributes
                0x000000e3       0x33 CMakeFiles/ADC.elf.dir/HARDWARE/Src/key.c.obj
 .ARM.attributes
                0x00000116       0x33 CMakeFiles/ADC.elf.dir/HARDWARE/Src/led.c.obj
 .ARM.attributes
                0x00000149       0x33 CMakeFiles/ADC.elf.dir/HARDWARE/Src/spi.c.obj
 .ARM.attributes
                0x0000017c       0x33 CMakeFiles/ADC.elf.dir/HARDWARE/Src/timer.c.obj
 .ARM.attributes
                0x000001af       0x33 CMakeFiles/ADC.elf.dir/HARDWARE/Src/w25qxx.c.obj
 .ARM.attributes
                0x000001e2       0x33 CMakeFiles/ADC.elf.dir/OLED/Src/oled.c.obj
 .ARM.attributes
                0x00000215       0x33 CMakeFiles/ADC.elf.dir/STM32F10x_FWLib/Src/misc.c.obj
 .ARM.attributes
                0x00000248       0x33 CMakeFiles/ADC.elf.dir/STM32F10x_FWLib/Src/stm32f10x_adc.c.obj
 .ARM.attributes
                0x0000027b       0x33 CMakeFiles/ADC.elf.dir/STM32F10x_FWLib/Src/stm32f10x_exti.c.obj
 .ARM.attributes
                0x000002ae       0x33 CMakeFiles/ADC.elf.dir/STM32F10x_FWLib/Src/stm32f10x_gpio.c.obj
 .ARM.attributes
                0x000002e1       0x33 CMakeFiles/ADC.elf.dir/STM32F10x_FWLib/Src/stm32f10x_rcc.c.obj
 .ARM.attributes
                0x00000314       0x33 CMakeFiles/ADC.elf.dir/STM32F10x_FWLib/Src/stm32f10x_spi.c.obj
 .ARM.attributes
                0x00000347       0x33 CMakeFiles/ADC.elf.dir/STM32F10x_FWLib/Src/stm32f10x_tim.c.obj
 .ARM.attributes
                0x0000037a       0x33 CMakeFiles/ADC.elf.dir/STM32F10x_FWLib/Src/stm32f10x_usart.c.obj
 .ARM.attributes
                0x000003ad       0x33 CMakeFiles/ADC.elf.dir/SYSTEM/Src/delay.c.obj
 .ARM.attributes
                0x000003e0       0x33 CMakeFiles/ADC.elf.dir/SYSTEM/Src/usart.c.obj
 .ARM.attributes
                0x00000413       0x21 CMakeFiles/ADC.elf.dir/Startup/startup_stm32f103rbtx.s.obj
 .ARM.attributes
                0x00000434       0x33 CMakeFiles/ADC.elf.dir/USER/Src/main.c.obj
 .ARM.attributes
                0x00000467       0x33 CMakeFiles/ADC.elf.dir/USER/Src/stm32f10x_it.c.obj
 .ARM.attributes
                0x0000049a       0x33 CMakeFiles/ADC.elf.dir/USER/Src/system_stm32f10x.c.obj
 .ARM.attributes
                0x000004cd       0x1d d:/program files (x86)/gnu tools arm embedded/5.4 2016q3/bin/../lib/gcc/arm-none-eabi/5.4.1/armv7-m\libgcc.a(_arm_addsubdf3.o)
 .ARM.attributes
                0x000004ea       0x1d d:/program files (x86)/gnu tools arm embedded/5.4 2016q3/bin/../lib/gcc/arm-none-eabi/5.4.1/armv7-m\libgcc.a(_arm_muldivdf3.o)
 .ARM.attributes
                0x00000507       0x1d d:/program files (x86)/gnu tools arm embedded/5.4 2016q3/bin/../lib/gcc/arm-none-eabi/5.4.1/armv7-m\libgcc.a(_arm_truncdfsf2.o)
 .ARM.attributes
                0x00000524       0x1d d:/program files (x86)/gnu tools arm embedded/5.4 2016q3/bin/../lib/gcc/arm-none-eabi/5.4.1/armv7-m\libgcc.a(_arm_addsubsf3.o)
 .ARM.attributes
                0x00000541       0x1d d:/program files (x86)/gnu tools arm embedded/5.4 2016q3/bin/../lib/gcc/arm-none-eabi/5.4.1/armv7-m\libgcc.a(_arm_muldivsf3.o)
 .ARM.attributes
                0x0000055e       0x1d d:/program files (x86)/gnu tools arm embedded/5.4 2016q3/bin/../lib/gcc/arm-none-eabi/5.4.1/armv7-m\libgcc.a(_arm_fixunssfsi.o)
 .ARM.attributes
                0x0000057b       0x2d d:/program files (x86)/gnu tools arm embedded/5.4 2016q3/bin/../lib/gcc/arm-none-eabi/5.4.1/../../../../arm-none-eabi/lib/armv7-m\libg_nano.a(lib_a-impure.o)
 .ARM.attributes
                0x000005a8       0x2d d:/program files (x86)/gnu tools arm embedded/5.4 2016q3/bin/../lib/gcc/arm-none-eabi/5.4.1/../../../../arm-none-eabi/lib/armv7-m\libg_nano.a(lib_a-init.o)
 .ARM.attributes
                0x000005d5       0x2d d:/program files (x86)/gnu tools arm embedded/5.4 2016q3/bin/../lib/gcc/arm-none-eabi/5.4.1/../../../../arm-none-eabi/lib/armv7-m\libg_nano.a(lib_a-memset.o)
 .ARM.attributes
                0x00000602       0x2d d:/program files (x86)/gnu tools arm embedded/5.4 2016q3/bin/../lib/gcc/arm-none-eabi/5.4.1/../../../../arm-none-eabi/lib/armv7-m\libg_nano.a(lib_a-nano-vfprintf_float.o)
 .ARM.attributes
                0x0000062f       0x2d d:/program files (x86)/gnu tools arm embedded/5.4 2016q3/bin/../lib/gcc/arm-none-eabi/5.4.1/../../../../arm-none-eabi/lib/armv7-m\libg_nano.a(lib_a-nano-vfprintf_i.o)
 .ARM.attributes
                0x0000065c       0x2d d:/program files (x86)/gnu tools arm embedded/5.4 2016q3/bin/../lib/gcc/arm-none-eabi/5.4.1/../../../../arm-none-eabi/lib/armv7-m\libg_nano.a(lib_a-puts.o)
 .ARM.attributes
                0x00000689       0x2d d:/program files (x86)/gnu tools arm embedded/5.4 2016q3/bin/../lib/gcc/arm-none-eabi/5.4.1/../../../../arm-none-eabi/lib/armv7-m\libg_nano.a(lib_a-setvbuf.o)
 .ARM.attributes
                0x000006b6       0x17 d:/program files (x86)/gnu tools arm embedded/5.4 2016q3/bin/../lib/gcc/arm-none-eabi/5.4.1/../../../../arm-none-eabi/lib/armv7-m\libg_nano.a(lib_a-strlen.o)
 .ARM.attributes
                0x000006cd       0x2d d:/program files (x86)/gnu tools arm embedded/5.4 2016q3/bin/../lib/gcc/arm-none-eabi/5.4.1/../../../../arm-none-eabi/lib/armv7-m\libg_nano.a(lib_a-wbuf.o)
 .ARM.attributes
                0x000006fa       0x2d d:/program files (x86)/gnu tools arm embedded/5.4 2016q3/bin/../lib/gcc/arm-none-eabi/5.4.1/../../../../arm-none-eabi/lib/armv7-m\libg_nano.a(lib_a-wsetup.o)
 .ARM.attributes
                0x00000727       0x2d d:/program files (x86)/gnu tools arm embedded/5.4 2016q3/bin/../lib/gcc/arm-none-eabi/5.4.1/../../../../arm-none-eabi/lib/armv7-m\libg_nano.a(lib_a-dtoa.o)
 .ARM.attributes
                0x00000754       0x2d d:/program files (x86)/gnu tools arm embedded/5.4 2016q3/bin/../lib/gcc/arm-none-eabi/5.4.1/../../../../arm-none-eabi/lib/armv7-m\libg_nano.a(lib_a-fflush.o)
 .ARM.attributes
                0x00000781       0x2d d:/program files (x86)/gnu tools arm embedded/5.4 2016q3/bin/../lib/gcc/arm-none-eabi/5.4.1/../../../../arm-none-eabi/lib/armv7-m\libg_nano.a(lib_a-findfp.o)
 .ARM.attributes
                0x000007ae       0x2d d:/program files (x86)/gnu tools arm embedded/5.4 2016q3/bin/../lib/gcc/arm-none-eabi/5.4.1/../../../../arm-none-eabi/lib/armv7-m\libg_nano.a(lib_a-fwalk.o)
 .ARM.attributes
                0x000007db       0x2d d:/program files (x86)/gnu tools arm embedded/5.4 2016q3/bin/../lib/gcc/arm-none-eabi/5.4.1/../../../../arm-none-eabi/lib/armv7-m\libg_nano.a(lib_a-localeconv.o)
 .ARM.attributes
                0x00000808       0x2d d:/program files (x86)/gnu tools arm embedded/5.4 2016q3/bin/../lib/gcc/arm-none-eabi/5.4.1/../../../../arm-none-eabi/lib/armv7-m\libg_nano.a(lib_a-makebuf.o)
 .ARM.attributes
                0x00000835       0x2d d:/program files (x86)/gnu tools arm embedded/5.4 2016q3/bin/../lib/gcc/arm-none-eabi/5.4.1/../../../../arm-none-eabi/lib/armv7-m\libg_nano.a(lib_a-malloc.o)
 .ARM.attributes
                0x00000862       0x2d d:/program files (x86)/gnu tools arm embedded/5.4 2016q3/bin/../lib/gcc/arm-none-eabi/5.4.1/../../../../arm-none-eabi/lib/armv7-m\libg_nano.a(lib_a-memcpy-stub.o)
 .ARM.attributes
                0x0000088f       0x2d d:/program files (x86)/gnu tools arm embedded/5.4 2016q3/bin/../lib/gcc/arm-none-eabi/5.4.1/../../../../arm-none-eabi/lib/armv7-m\libg_nano.a(lib_a-mprec.o)
 .ARM.attributes
                0x000008bc       0x2d d:/program files (x86)/gnu tools arm embedded/5.4 2016q3/bin/../lib/gcc/arm-none-eabi/5.4.1/../../../../arm-none-eabi/lib/armv7-m\libg_nano.a(lib_a-nano-callocr.o)
 .ARM.attributes
                0x000008e9       0x2d d:/program files (x86)/gnu tools arm embedded/5.4 2016q3/bin/../lib/gcc/arm-none-eabi/5.4.1/../../../../arm-none-eabi/lib/armv7-m\libg_nano.a(lib_a-nano-freer.o)
 .ARM.attributes
                0x00000916       0x2d d:/program files (x86)/gnu tools arm embedded/5.4 2016q3/bin/../lib/gcc/arm-none-eabi/5.4.1/../../../../arm-none-eabi/lib/armv7-m\libg_nano.a(lib_a-nano-mallocr.o)
 .ARM.attributes
                0x00000943       0x2d d:/program files (x86)/gnu tools arm embedded/5.4 2016q3/bin/../lib/gcc/arm-none-eabi/5.4.1/../../../../arm-none-eabi/lib/armv7-m\libg_nano.a(lib_a-sbrkr.o)
 .ARM.attributes
                0x00000970       0x2d d:/program files (x86)/gnu tools arm embedded/5.4 2016q3/bin/../lib/gcc/arm-none-eabi/5.4.1/../../../../arm-none-eabi/lib/armv7-m\libg_nano.a(lib_a-stdio.o)
 .ARM.attributes
                0x0000099d       0x2d d:/program files (x86)/gnu tools arm embedded/5.4 2016q3/bin/../lib/gcc/arm-none-eabi/5.4.1/../../../../arm-none-eabi/lib/armv7-m\libg_nano.a(lib_a-writer.o)
 .ARM.attributes
                0x000009ca       0x2d d:/program files (x86)/gnu tools arm embedded/5.4 2016q3/bin/../lib/gcc/arm-none-eabi/5.4.1/../../../../arm-none-eabi/lib/armv7-m\libg_nano.a(lib_a-closer.o)
 .ARM.attributes
                0x000009f7       0x2d d:/program files (x86)/gnu tools arm embedded/5.4 2016q3/bin/../lib/gcc/arm-none-eabi/5.4.1/../../../../arm-none-eabi/lib/armv7-m\libg_nano.a(lib_a-fstatr.o)
 .ARM.attributes
                0x00000a24       0x2d d:/program files (x86)/gnu tools arm embedded/5.4 2016q3/bin/../lib/gcc/arm-none-eabi/5.4.1/../../../../arm-none-eabi/lib/armv7-m\libg_nano.a(lib_a-isattyr.o)
 .ARM.attributes
                0x00000a51       0x2d d:/program files (x86)/gnu tools arm embedded/5.4 2016q3/bin/../lib/gcc/arm-none-eabi/5.4.1/../../../../arm-none-eabi/lib/armv7-m\libg_nano.a(lib_a-locale.o)
 .ARM.attributes
                0x00000a7e       0x2d d:/program files (x86)/gnu tools arm embedded/5.4 2016q3/bin/../lib/gcc/arm-none-eabi/5.4.1/../../../../arm-none-eabi/lib/armv7-m\libg_nano.a(lib_a-lseekr.o)
 .ARM.attributes
                0x00000aab       0x2d d:/program files (x86)/gnu tools arm embedded/5.4 2016q3/bin/../lib/gcc/arm-none-eabi/5.4.1/../../../../arm-none-eabi/lib/armv7-m\libg_nano.a(lib_a-mbtowc_r.o)
 .ARM.attributes
                0x00000ad8       0x2d d:/program files (x86)/gnu tools arm embedded/5.4 2016q3/bin/../lib/gcc/arm-none-eabi/5.4.1/../../../../arm-none-eabi/lib/armv7-m\libg_nano.a(lib_a-mlock.o)
 .ARM.attributes
                0x00000b05       0x2d d:/program files (x86)/gnu tools arm embedded/5.4 2016q3/bin/../lib/gcc/arm-none-eabi/5.4.1/../../../../arm-none-eabi/lib/armv7-m\libg_nano.a(lib_a-readr.o)
 .ARM.attributes
                0x00000b32       0x2d d:/program files (x86)/gnu tools arm embedded/5.4 2016q3/bin/../lib/gcc/arm-none-eabi/5.4.1/../../../../arm-none-eabi/lib/armv7-m\libg_nano.a(lib_a-reent.o)
 .ARM.attributes
                0x00000b5f       0x2d d:/program files (x86)/gnu tools arm embedded/5.4 2016q3/bin/../lib/gcc/arm-none-eabi/5.4.1/../../../../arm-none-eabi/lib/armv7-m\libg_nano.a(lib_a-wctomb_r.o)
 .ARM.attributes
                0x00000b8c       0x2d d:/program files (x86)/gnu tools arm embedded/5.4 2016q3/bin/../lib/gcc/arm-none-eabi/5.4.1/../../../../arm-none-eabi/lib/armv7-m\libg_nano.a(lib_a-ctype_.o)
 .ARM.attributes
                0x00000bb9       0x1d d:/program files (x86)/gnu tools arm embedded/5.4 2016q3/bin/../lib/gcc/arm-none-eabi/5.4.1/armv7-m\libgcc.a(_arm_cmpdf2.o)
 .ARM.attributes
                0x00000bd6       0x1d d:/program files (x86)/gnu tools arm embedded/5.4 2016q3/bin/../lib/gcc/arm-none-eabi/5.4.1/armv7-m\libgcc.a(_arm_unorddf2.o)
 .ARM.attributes
                0x00000bf3       0x1d d:/program files (x86)/gnu tools arm embedded/5.4 2016q3/bin/../lib/gcc/arm-none-eabi/5.4.1/armv7-m\libgcc.a(_arm_fixdfsi.o)
 .ARM.attributes
                0x00000c10       0x2d d:/program files (x86)/gnu tools arm embedded/5.4 2016q3/bin/../lib/gcc/arm-none-eabi/5.4.1/../../../../arm-none-eabi/lib/armv7-m\libnosys.a(fstat.o)
 .ARM.attributes
                0x00000c3d       0x2d d:/program files (x86)/gnu tools arm embedded/5.4 2016q3/bin/../lib/gcc/arm-none-eabi/5.4.1/../../../../arm-none-eabi/lib/armv7-m\libnosys.a(sbrk.o)
 .ARM.attributes
                0x00000c6a       0x1d d:/program files (x86)/gnu tools arm embedded/5.4 2016q3/bin/../lib/gcc/arm-none-eabi/5.4.1/armv7-m/crtn.o
OUTPUT(ADC.elf elf32-littlearm)

.debug_info     0x00000000     0xb25a
 .debug_info    0x00000000      0x662 CMakeFiles/ADC.elf.dir/HARDWARE/Src/adc.c.obj
 .debug_info    0x00000662      0x253 CMakeFiles/ADC.elf.dir/HARDWARE/Src/beep.c.obj
 .debug_info    0x000008b5      0x5b6 CMakeFiles/ADC.elf.dir/HARDWARE/Src/exti.c.obj
 .debug_info    0x00000e6b      0x2f4 CMakeFiles/ADC.elf.dir/HARDWARE/Src/key.c.obj
 .debug_info    0x0000115f      0x253 CMakeFiles/ADC.elf.dir/HARDWARE/Src/led.c.obj
 .debug_info    0x000013b2      0x5c9 CMakeFiles/ADC.elf.dir/HARDWARE/Src/spi.c.obj
 .debug_info    0x0000197b      0x7e7 CMakeFiles/ADC.elf.dir/HARDWARE/Src/timer.c.obj
 .debug_info    0x00002162      0x931 CMakeFiles/ADC.elf.dir/HARDWARE/Src/w25qxx.c.obj
 .debug_info    0x00002a93      0xe20 CMakeFiles/ADC.elf.dir/OLED/Src/oled.c.obj
 .debug_info    0x000038b3      0x4f8 CMakeFiles/ADC.elf.dir/STM32F10x_FWLib/Src/misc.c.obj
 .debug_info    0x00003dab      0xc13 CMakeFiles/ADC.elf.dir/STM32F10x_FWLib/Src/stm32f10x_adc.c.obj
 .debug_info    0x000049be      0x33e CMakeFiles/ADC.elf.dir/STM32F10x_FWLib/Src/stm32f10x_exti.c.obj
 .debug_info    0x00004cfc      0x879 CMakeFiles/ADC.elf.dir/STM32F10x_FWLib/Src/stm32f10x_gpio.c.obj
 .debug_info    0x00005575      0x8bf CMakeFiles/ADC.elf.dir/STM32F10x_FWLib/Src/stm32f10x_rcc.c.obj
 .debug_info    0x00005e34      0x9b1 CMakeFiles/ADC.elf.dir/STM32F10x_FWLib/Src/stm32f10x_spi.c.obj
 .debug_info    0x000067e5     0x2186 CMakeFiles/ADC.elf.dir/STM32F10x_FWLib/Src/stm32f10x_tim.c.obj
 .debug_info    0x0000896b      0xb0e CMakeFiles/ADC.elf.dir/STM32F10x_FWLib/Src/stm32f10x_usart.c.obj
 .debug_info    0x00009479      0x1ff CMakeFiles/ADC.elf.dir/SYSTEM/Src/delay.c.obj
 .debug_info    0x00009678     0x10b2 CMakeFiles/ADC.elf.dir/SYSTEM/Src/usart.c.obj
 .debug_info    0x0000a72a       0xb4 CMakeFiles/ADC.elf.dir/Startup/startup_stm32f103rbtx.s.obj
 .debug_info    0x0000a7de      0x4fd CMakeFiles/ADC.elf.dir/USER/Src/main.c.obj
 .debug_info    0x0000acdb      0x119 CMakeFiles/ADC.elf.dir/USER/Src/stm32f10x_it.c.obj
 .debug_info    0x0000adf4      0x466 CMakeFiles/ADC.elf.dir/USER/Src/system_stm32f10x.c.obj

.debug_abbrev   0x00000000     0x22bc
 .debug_abbrev  0x00000000      0x19a CMakeFiles/ADC.elf.dir/HARDWARE/Src/adc.c.obj
 .debug_abbrev  0x0000019a      0x126 CMakeFiles/ADC.elf.dir/HARDWARE/Src/beep.c.obj
 .debug_abbrev  0x000002c0      0x131 CMakeFiles/ADC.elf.dir/HARDWARE/Src/exti.c.obj
 .debug_abbrev  0x000003f1      0x160 CMakeFiles/ADC.elf.dir/HARDWARE/Src/key.c.obj
 .debug_abbrev  0x00000551      0x126 CMakeFiles/ADC.elf.dir/HARDWARE/Src/led.c.obj
 .debug_abbrev  0x00000677      0x176 CMakeFiles/ADC.elf.dir/HARDWARE/Src/spi.c.obj
 .debug_abbrev  0x000007ed      0x167 CMakeFiles/ADC.elf.dir/HARDWARE/Src/timer.c.obj
 .debug_abbrev  0x00000954      0x1ef CMakeFiles/ADC.elf.dir/HARDWARE/Src/w25qxx.c.obj
 .debug_abbrev  0x00000b43      0x28c CMakeFiles/ADC.elf.dir/OLED/Src/oled.c.obj
 .debug_abbrev  0x00000dcf      0x165 CMakeFiles/ADC.elf.dir/STM32F10x_FWLib/Src/misc.c.obj
 .debug_abbrev  0x00000f34      0x1e2 CMakeFiles/ADC.elf.dir/STM32F10x_FWLib/Src/stm32f10x_adc.c.obj
 .debug_abbrev  0x00001116      0x164 CMakeFiles/ADC.elf.dir/STM32F10x_FWLib/Src/stm32f10x_exti.c.obj
 .debug_abbrev  0x0000127a      0x1ed CMakeFiles/ADC.elf.dir/STM32F10x_FWLib/Src/stm32f10x_gpio.c.obj
 .debug_abbrev  0x00001467      0x1e2 CMakeFiles/ADC.elf.dir/STM32F10x_FWLib/Src/stm32f10x_rcc.c.obj
 .debug_abbrev  0x00001649      0x1c8 CMakeFiles/ADC.elf.dir/STM32F10x_FWLib/Src/stm32f10x_spi.c.obj
 .debug_abbrev  0x00001811      0x1dc CMakeFiles/ADC.elf.dir/STM32F10x_FWLib/Src/stm32f10x_tim.c.obj
 .debug_abbrev  0x000019ed      0x1c6 CMakeFiles/ADC.elf.dir/STM32F10x_FWLib/Src/stm32f10x_usart.c.obj
 .debug_abbrev  0x00001bb3      0x119 CMakeFiles/ADC.elf.dir/SYSTEM/Src/delay.c.obj
 .debug_abbrev  0x00001ccc      0x2d5 CMakeFiles/ADC.elf.dir/SYSTEM/Src/usart.c.obj
 .debug_abbrev  0x00001fa1       0x12 CMakeFiles/ADC.elf.dir/Startup/startup_stm32f103rbtx.s.obj
 .debug_abbrev  0x00001fb3      0x117 CMakeFiles/ADC.elf.dir/USER/Src/main.c.obj
 .debug_abbrev  0x000020ca       0x73 CMakeFiles/ADC.elf.dir/USER/Src/stm32f10x_it.c.obj
 .debug_abbrev  0x0000213d      0x17f CMakeFiles/ADC.elf.dir/USER/Src/system_stm32f10x.c.obj

.debug_loc      0x00000000     0x50d3
 .debug_loc     0x00000000       0xac CMakeFiles/ADC.elf.dir/HARDWARE/Src/adc.c.obj
 .debug_loc     0x000000ac       0x8e CMakeFiles/ADC.elf.dir/HARDWARE/Src/spi.c.obj
 .debug_loc     0x0000013a       0x84 CMakeFiles/ADC.elf.dir/HARDWARE/Src/timer.c.obj
 .debug_loc     0x000001be      0x3d5 CMakeFiles/ADC.elf.dir/HARDWARE/Src/w25qxx.c.obj
 .debug_loc     0x00000593      0x673 CMakeFiles/ADC.elf.dir/OLED/Src/oled.c.obj
 .debug_loc     0x00000c06      0x160 CMakeFiles/ADC.elf.dir/STM32F10x_FWLib/Src/misc.c.obj
 .debug_loc     0x00000d66      0xa70 CMakeFiles/ADC.elf.dir/STM32F10x_FWLib/Src/stm32f10x_adc.c.obj
 .debug_loc     0x000017d6      0x164 CMakeFiles/ADC.elf.dir/STM32F10x_FWLib/Src/stm32f10x_exti.c.obj
 .debug_loc     0x0000193a      0x542 CMakeFiles/ADC.elf.dir/STM32F10x_FWLib/Src/stm32f10x_gpio.c.obj
 .debug_loc     0x00001e7c      0x692 CMakeFiles/ADC.elf.dir/STM32F10x_FWLib/Src/stm32f10x_rcc.c.obj
 .debug_loc     0x0000250e      0x60e CMakeFiles/ADC.elf.dir/STM32F10x_FWLib/Src/stm32f10x_spi.c.obj
 .debug_loc     0x00002b1c     0x1aed CMakeFiles/ADC.elf.dir/STM32F10x_FWLib/Src/stm32f10x_tim.c.obj
 .debug_loc     0x00004609      0x736 CMakeFiles/ADC.elf.dir/STM32F10x_FWLib/Src/stm32f10x_usart.c.obj
 .debug_loc     0x00004d3f       0x68 CMakeFiles/ADC.elf.dir/SYSTEM/Src/delay.c.obj
 .debug_loc     0x00004da7      0x24d CMakeFiles/ADC.elf.dir/SYSTEM/Src/usart.c.obj
 .debug_loc     0x00004ff4       0xdf CMakeFiles/ADC.elf.dir/USER/Src/system_stm32f10x.c.obj

.debug_aranges  0x00000000      0xc30
 .debug_aranges
                0x00000000       0x30 CMakeFiles/ADC.elf.dir/HARDWARE/Src/adc.c.obj
 .debug_aranges
                0x00000030       0x20 CMakeFiles/ADC.elf.dir/HARDWARE/Src/beep.c.obj
 .debug_aranges
                0x00000050       0x38 CMakeFiles/ADC.elf.dir/HARDWARE/Src/exti.c.obj
 .debug_aranges
                0x00000088       0x28 CMakeFiles/ADC.elf.dir/HARDWARE/Src/key.c.obj
 .debug_aranges
                0x000000b0       0x20 CMakeFiles/ADC.elf.dir/HARDWARE/Src/led.c.obj
 .debug_aranges
                0x000000d0       0x30 CMakeFiles/ADC.elf.dir/HARDWARE/Src/spi.c.obj
 .debug_aranges
                0x00000100       0x38 CMakeFiles/ADC.elf.dir/HARDWARE/Src/timer.c.obj
 .debug_aranges
                0x00000138       0x90 CMakeFiles/ADC.elf.dir/HARDWARE/Src/w25qxx.c.obj
 .debug_aranges
                0x000001c8       0xb8 CMakeFiles/ADC.elf.dir/OLED/Src/oled.c.obj
 .debug_aranges
                0x00000280       0x40 CMakeFiles/ADC.elf.dir/STM32F10x_FWLib/Src/misc.c.obj
 .debug_aranges
                0x000002c0      0x138 CMakeFiles/ADC.elf.dir/STM32F10x_FWLib/Src/stm32f10x_adc.c.obj
 .debug_aranges
                0x000003f8       0x58 CMakeFiles/ADC.elf.dir/STM32F10x_FWLib/Src/stm32f10x_exti.c.obj
 .debug_aranges
                0x00000450       0xa8 CMakeFiles/ADC.elf.dir/STM32F10x_FWLib/Src/stm32f10x_gpio.c.obj
 .debug_aranges
                0x000004f8      0x118 CMakeFiles/ADC.elf.dir/STM32F10x_FWLib/Src/stm32f10x_rcc.c.obj
 .debug_aranges
                0x00000610       0xd0 CMakeFiles/ADC.elf.dir/STM32F10x_FWLib/Src/stm32f10x_spi.c.obj
 .debug_aranges
                0x000006e0      0x2f0 CMakeFiles/ADC.elf.dir/STM32F10x_FWLib/Src/stm32f10x_tim.c.obj
 .debug_aranges
                0x000009d0      0x100 CMakeFiles/ADC.elf.dir/STM32F10x_FWLib/Src/stm32f10x_usart.c.obj
 .debug_aranges
                0x00000ad0       0x30 CMakeFiles/ADC.elf.dir/SYSTEM/Src/delay.c.obj
 .debug_aranges
                0x00000b00       0x50 CMakeFiles/ADC.elf.dir/SYSTEM/Src/usart.c.obj
 .debug_aranges
                0x00000b50       0x28 CMakeFiles/ADC.elf.dir/Startup/startup_stm32f103rbtx.s.obj
 .debug_aranges
                0x00000b78       0x20 CMakeFiles/ADC.elf.dir/USER/Src/main.c.obj
 .debug_aranges
                0x00000b98       0x60 CMakeFiles/ADC.elf.dir/USER/Src/stm32f10x_it.c.obj
 .debug_aranges
                0x00000bf8       0x38 CMakeFiles/ADC.elf.dir/USER/Src/system_stm32f10x.c.obj

.debug_ranges   0x00000000      0xae0
 .debug_ranges  0x00000000       0x20 CMakeFiles/ADC.elf.dir/HARDWARE/Src/adc.c.obj
 .debug_ranges  0x00000020       0x10 CMakeFiles/ADC.elf.dir/HARDWARE/Src/beep.c.obj
 .debug_ranges  0x00000030       0x28 CMakeFiles/ADC.elf.dir/HARDWARE/Src/exti.c.obj
 .debug_ranges  0x00000058       0x18 CMakeFiles/ADC.elf.dir/HARDWARE/Src/key.c.obj
 .debug_ranges  0x00000070       0x10 CMakeFiles/ADC.elf.dir/HARDWARE/Src/led.c.obj
 .debug_ranges  0x00000080       0x20 CMakeFiles/ADC.elf.dir/HARDWARE/Src/spi.c.obj
 .debug_ranges  0x000000a0       0x28 CMakeFiles/ADC.elf.dir/HARDWARE/Src/timer.c.obj
 .debug_ranges  0x000000c8       0x80 CMakeFiles/ADC.elf.dir/HARDWARE/Src/w25qxx.c.obj
 .debug_ranges  0x00000148       0xa8 CMakeFiles/ADC.elf.dir/OLED/Src/oled.c.obj
 .debug_ranges  0x000001f0       0x30 CMakeFiles/ADC.elf.dir/STM32F10x_FWLib/Src/misc.c.obj
 .debug_ranges  0x00000220      0x128 CMakeFiles/ADC.elf.dir/STM32F10x_FWLib/Src/stm32f10x_adc.c.obj
 .debug_ranges  0x00000348       0x48 CMakeFiles/ADC.elf.dir/STM32F10x_FWLib/Src/stm32f10x_exti.c.obj
 .debug_ranges  0x00000390       0x98 CMakeFiles/ADC.elf.dir/STM32F10x_FWLib/Src/stm32f10x_gpio.c.obj
 .debug_ranges  0x00000428      0x108 CMakeFiles/ADC.elf.dir/STM32F10x_FWLib/Src/stm32f10x_rcc.c.obj
 .debug_ranges  0x00000530       0xc0 CMakeFiles/ADC.elf.dir/STM32F10x_FWLib/Src/stm32f10x_spi.c.obj
 .debug_ranges  0x000005f0      0x2e0 CMakeFiles/ADC.elf.dir/STM32F10x_FWLib/Src/stm32f10x_tim.c.obj
 .debug_ranges  0x000008d0       0xf0 CMakeFiles/ADC.elf.dir/STM32F10x_FWLib/Src/stm32f10x_usart.c.obj
 .debug_ranges  0x000009c0       0x20 CMakeFiles/ADC.elf.dir/SYSTEM/Src/delay.c.obj
 .debug_ranges  0x000009e0       0x58 CMakeFiles/ADC.elf.dir/SYSTEM/Src/usart.c.obj
 .debug_ranges  0x00000a38       0x20 CMakeFiles/ADC.elf.dir/Startup/startup_stm32f103rbtx.s.obj
 .debug_ranges  0x00000a58       0x10 CMakeFiles/ADC.elf.dir/USER/Src/main.c.obj
 .debug_ranges  0x00000a68       0x50 CMakeFiles/ADC.elf.dir/USER/Src/stm32f10x_it.c.obj
 .debug_ranges  0x00000ab8       0x28 CMakeFiles/ADC.elf.dir/USER/Src/system_stm32f10x.c.obj

.debug_line     0x00000000     0x503b
 .debug_line    0x00000000      0x2e6 CMakeFiles/ADC.elf.dir/HARDWARE/Src/adc.c.obj
 .debug_line    0x000002e6      0x239 CMakeFiles/ADC.elf.dir/HARDWARE/Src/beep.c.obj
 .debug_line    0x0000051f      0x33f CMakeFiles/ADC.elf.dir/HARDWARE/Src/exti.c.obj
 .debug_line    0x0000085e      0x2d0 CMakeFiles/ADC.elf.dir/HARDWARE/Src/key.c.obj
 .debug_line    0x00000b2e      0x23b CMakeFiles/ADC.elf.dir/HARDWARE/Src/led.c.obj
 .debug_line    0x00000d69      0x28b CMakeFiles/ADC.elf.dir/HARDWARE/Src/spi.c.obj
 .debug_line    0x00000ff4      0x28b CMakeFiles/ADC.elf.dir/HARDWARE/Src/timer.c.obj
 .debug_line    0x0000127f      0x44e CMakeFiles/ADC.elf.dir/HARDWARE/Src/w25qxx.c.obj
 .debug_line    0x000016cd      0x4f7 CMakeFiles/ADC.elf.dir/OLED/Src/oled.c.obj
 .debug_line    0x00001bc4      0x275 CMakeFiles/ADC.elf.dir/STM32F10x_FWLib/Src/misc.c.obj
 .debug_line    0x00001e39      0x53c CMakeFiles/ADC.elf.dir/STM32F10x_FWLib/Src/stm32f10x_adc.c.obj
 .debug_line    0x00002375      0x2d5 CMakeFiles/ADC.elf.dir/STM32F10x_FWLib/Src/stm32f10x_exti.c.obj
 .debug_line    0x0000264a      0x3eb CMakeFiles/ADC.elf.dir/STM32F10x_FWLib/Src/stm32f10x_gpio.c.obj
 .debug_line    0x00002a35      0x4c0 CMakeFiles/ADC.elf.dir/STM32F10x_FWLib/Src/stm32f10x_rcc.c.obj
 .debug_line    0x00002ef5      0x433 CMakeFiles/ADC.elf.dir/STM32F10x_FWLib/Src/stm32f10x_spi.c.obj
 .debug_line    0x00003328      0xaa9 CMakeFiles/ADC.elf.dir/STM32F10x_FWLib/Src/stm32f10x_tim.c.obj
 .debug_line    0x00003dd1      0x4a4 CMakeFiles/ADC.elf.dir/STM32F10x_FWLib/Src/stm32f10x_usart.c.obj
 .debug_line    0x00004275      0x270 CMakeFiles/ADC.elf.dir/SYSTEM/Src/delay.c.obj
 .debug_line    0x000044e5      0x3df CMakeFiles/ADC.elf.dir/SYSTEM/Src/usart.c.obj
 .debug_line    0x000048c4       0xad CMakeFiles/ADC.elf.dir/Startup/startup_stm32f103rbtx.s.obj
 .debug_line    0x00004971      0x332 CMakeFiles/ADC.elf.dir/USER/Src/main.c.obj
 .debug_line    0x00004ca3      0x13b CMakeFiles/ADC.elf.dir/USER/Src/stm32f10x_it.c.obj
 .debug_line    0x00004dde      0x25d CMakeFiles/ADC.elf.dir/USER/Src/system_stm32f10x.c.obj

.debug_str      0x00000000     0x378f
 .debug_str     0x00000000      0x4ef CMakeFiles/ADC.elf.dir/HARDWARE/Src/adc.c.obj
                                0x547 (size before relaxing)
 .debug_str     0x000004ef       0x4d CMakeFiles/ADC.elf.dir/HARDWARE/Src/beep.c.obj
                                0x32f (size before relaxing)
 .debug_str     0x0000053c      0x5d8 CMakeFiles/ADC.elf.dir/HARDWARE/Src/exti.c.obj
                                0x79c (size before relaxing)
 .debug_str     0x00000b14       0x52 CMakeFiles/ADC.elf.dir/HARDWARE/Src/key.c.obj
                                0x358 (size before relaxing)
 .debug_str     0x00000b66       0x4b CMakeFiles/ADC.elf.dir/HARDWARE/Src/led.c.obj
                                0x32d (size before relaxing)
 .debug_str     0x00000bb1      0x207 CMakeFiles/ADC.elf.dir/HARDWARE/Src/spi.c.obj
                                0x501 (size before relaxing)
 .debug_str     0x00000db8      0x208 CMakeFiles/ADC.elf.dir/HARDWARE/Src/timer.c.obj
                                0x86e (size before relaxing)
 .debug_str     0x00000fc0      0x225 CMakeFiles/ADC.elf.dir/HARDWARE/Src/w25qxx.c.obj
                                0x556 (size before relaxing)
 .debug_str     0x000011e5      0x189 CMakeFiles/ADC.elf.dir/OLED/Src/oled.c.obj
                                0x49b (size before relaxing)
 .debug_str     0x0000136e      0x1b1 CMakeFiles/ADC.elf.dir/STM32F10x_FWLib/Src/misc.c.obj
                                0x404 (size before relaxing)
 .debug_str     0x0000151f      0x3d5 CMakeFiles/ADC.elf.dir/STM32F10x_FWLib/Src/stm32f10x_adc.c.obj
                                0x75e (size before relaxing)
 .debug_str     0x000018f4       0xe9 CMakeFiles/ADC.elf.dir/STM32F10x_FWLib/Src/stm32f10x_exti.c.obj
                                0x395 (size before relaxing)
 .debug_str     0x000019dd      0x230 CMakeFiles/ADC.elf.dir/STM32F10x_FWLib/Src/stm32f10x_gpio.c.obj
                                0x57c (size before relaxing)
 .debug_str     0x00001c0d      0x409 CMakeFiles/ADC.elf.dir/STM32F10x_FWLib/Src/stm32f10x_rcc.c.obj
                                0x666 (size before relaxing)
 .debug_str     0x00002016      0x27e CMakeFiles/ADC.elf.dir/STM32F10x_FWLib/Src/stm32f10x_spi.c.obj
                                0x689 (size before relaxing)
 .debug_str     0x00002294      0xa25 CMakeFiles/ADC.elf.dir/STM32F10x_FWLib/Src/stm32f10x_tim.c.obj
                                0xe57 (size before relaxing)
 .debug_str     0x00002cb9      0x43a CMakeFiles/ADC.elf.dir/STM32F10x_FWLib/Src/stm32f10x_usart.c.obj
                                0x71c (size before relaxing)
 .debug_str     0x000030f3       0x6b CMakeFiles/ADC.elf.dir/SYSTEM/Src/delay.c.obj
                                0x24b (size before relaxing)
 .debug_str     0x0000315e      0x454 CMakeFiles/ADC.elf.dir/SYSTEM/Src/usart.c.obj
                                0xd1e (size before relaxing)
 .debug_str     0x000035b2       0x5a CMakeFiles/ADC.elf.dir/USER/Src/main.c.obj
                                0x360 (size before relaxing)
 .debug_str     0x0000360c       0xd7 CMakeFiles/ADC.elf.dir/USER/Src/stm32f10x_it.c.obj
                                0x231 (size before relaxing)
 .debug_str     0x000036e3       0xac CMakeFiles/ADC.elf.dir/USER/Src/system_stm32f10x.c.obj
                                0x321 (size before relaxing)

.comment        0x00000000       0x6e
 .comment       0x00000000       0x6e CMakeFiles/ADC.elf.dir/HARDWARE/Src/adc.c.obj
                                 0x6f (size before relaxing)
 .comment       0x0000006e       0x6f CMakeFiles/ADC.elf.dir/HARDWARE/Src/beep.c.obj
 .comment       0x0000006e       0x6f CMakeFiles/ADC.elf.dir/HARDWARE/Src/exti.c.obj
 .comment       0x0000006e       0x6f CMakeFiles/ADC.elf.dir/HARDWARE/Src/key.c.obj
 .comment       0x0000006e       0x6f CMakeFiles/ADC.elf.dir/HARDWARE/Src/led.c.obj
 .comment       0x0000006e       0x6f CMakeFiles/ADC.elf.dir/HARDWARE/Src/spi.c.obj
 .comment       0x0000006e       0x6f CMakeFiles/ADC.elf.dir/HARDWARE/Src/timer.c.obj
 .comment       0x0000006e       0x6f CMakeFiles/ADC.elf.dir/HARDWARE/Src/w25qxx.c.obj
 .comment       0x0000006e       0x6f CMakeFiles/ADC.elf.dir/OLED/Src/oled.c.obj
 .comment       0x0000006e       0x6f CMakeFiles/ADC.elf.dir/STM32F10x_FWLib/Src/misc.c.obj
 .comment       0x0000006e       0x6f CMakeFiles/ADC.elf.dir/STM32F10x_FWLib/Src/stm32f10x_adc.c.obj
 .comment       0x0000006e       0x6f CMakeFiles/ADC.elf.dir/STM32F10x_FWLib/Src/stm32f10x_exti.c.obj
 .comment       0x0000006e       0x6f CMakeFiles/ADC.elf.dir/STM32F10x_FWLib/Src/stm32f10x_gpio.c.obj
 .comment       0x0000006e       0x6f CMakeFiles/ADC.elf.dir/STM32F10x_FWLib/Src/stm32f10x_rcc.c.obj
 .comment       0x0000006e       0x6f CMakeFiles/ADC.elf.dir/STM32F10x_FWLib/Src/stm32f10x_spi.c.obj
 .comment       0x0000006e       0x6f CMakeFiles/ADC.elf.dir/STM32F10x_FWLib/Src/stm32f10x_tim.c.obj
 .comment       0x0000006e       0x6f CMakeFiles/ADC.elf.dir/STM32F10x_FWLib/Src/stm32f10x_usart.c.obj
 .comment       0x0000006e       0x6f CMakeFiles/ADC.elf.dir/SYSTEM/Src/delay.c.obj
 .comment       0x0000006e       0x6f CMakeFiles/ADC.elf.dir/SYSTEM/Src/usart.c.obj
 .comment       0x0000006e       0x6f CMakeFiles/ADC.elf.dir/USER/Src/main.c.obj
 .comment       0x0000006e       0x6f CMakeFiles/ADC.elf.dir/USER/Src/stm32f10x_it.c.obj
 .comment       0x0000006e       0x6f CMakeFiles/ADC.elf.dir/USER/Src/system_stm32f10x.c.obj

.debug_frame    0x00000000     0x25d0
 .debug_frame   0x00000000       0x68 CMakeFiles/ADC.elf.dir/HARDWARE/Src/adc.c.obj
 .debug_frame   0x00000068       0x2c CMakeFiles/ADC.elf.dir/HARDWARE/Src/beep.c.obj
 .debug_frame   0x00000094       0x80 CMakeFiles/ADC.elf.dir/HARDWARE/Src/exti.c.obj
 .debug_frame   0x00000114       0x48 CMakeFiles/ADC.elf.dir/HARDWARE/Src/key.c.obj
 .debug_frame   0x0000015c       0x2c CMakeFiles/ADC.elf.dir/HARDWARE/Src/led.c.obj
 .debug_frame   0x00000188       0x64 CMakeFiles/ADC.elf.dir/HARDWARE/Src/spi.c.obj
 .debug_frame   0x000001ec       0x80 CMakeFiles/ADC.elf.dir/HARDWARE/Src/timer.c.obj
 .debug_frame   0x0000026c      0x1b0 CMakeFiles/ADC.elf.dir/HARDWARE/Src/w25qxx.c.obj
 .debug_frame   0x0000041c      0x214 CMakeFiles/ADC.elf.dir/OLED/Src/oled.c.obj
 .debug_frame   0x00000630       0x60 CMakeFiles/ADC.elf.dir/STM32F10x_FWLib/Src/misc.c.obj
 .debug_frame   0x00000690      0x294 CMakeFiles/ADC.elf.dir/STM32F10x_FWLib/Src/stm32f10x_adc.c.obj
 .debug_frame   0x00000924       0xa4 CMakeFiles/ADC.elf.dir/STM32F10x_FWLib/Src/stm32f10x_exti.c.obj
 .debug_frame   0x000009c8      0x16c CMakeFiles/ADC.elf.dir/STM32F10x_FWLib/Src/stm32f10x_gpio.c.obj
 .debug_frame   0x00000b34      0x228 CMakeFiles/ADC.elf.dir/STM32F10x_FWLib/Src/stm32f10x_rcc.c.obj
 .debug_frame   0x00000d5c      0x1b8 CMakeFiles/ADC.elf.dir/STM32F10x_FWLib/Src/stm32f10x_spi.c.obj
 .debug_frame   0x00000f14      0x6c4 CMakeFiles/ADC.elf.dir/STM32F10x_FWLib/Src/stm32f10x_tim.c.obj
 .debug_frame   0x000015d8      0x220 CMakeFiles/ADC.elf.dir/STM32F10x_FWLib/Src/stm32f10x_usart.c.obj
 .debug_frame   0x000017f8       0x48 CMakeFiles/ADC.elf.dir/SYSTEM/Src/delay.c.obj
 .debug_frame   0x00001840       0xc4 CMakeFiles/ADC.elf.dir/SYSTEM/Src/usart.c.obj
 .debug_frame   0x00001904       0x28 CMakeFiles/ADC.elf.dir/USER/Src/main.c.obj
 .debug_frame   0x0000192c       0xa0 CMakeFiles/ADC.elf.dir/USER/Src/stm32f10x_it.c.obj
 .debug_frame   0x000019cc       0x68 CMakeFiles/ADC.elf.dir/USER/Src/system_stm32f10x.c.obj
 .debug_frame   0x00001a34       0x2c d:/program files (x86)/gnu tools arm embedded/5.4 2016q3/bin/../lib/gcc/arm-none-eabi/5.4.1/../../../../arm-none-eabi/lib/armv7-m\libg_nano.a(lib_a-init.o)
 .debug_frame   0x00001a60       0x20 d:/program files (x86)/gnu tools arm embedded/5.4 2016q3/bin/../lib/gcc/arm-none-eabi/5.4.1/../../../../arm-none-eabi/lib/armv7-m\libg_nano.a(lib_a-memset.o)
 .debug_frame   0x00001a80       0x8c d:/program files (x86)/gnu tools arm embedded/5.4 2016q3/bin/../lib/gcc/arm-none-eabi/5.4.1/../../../../arm-none-eabi/lib/armv7-m\libg_nano.a(lib_a-nano-vfprintf_float.o)
 .debug_frame   0x00001b0c       0x60 d:/program files (x86)/gnu tools arm embedded/5.4 2016q3/bin/../lib/gcc/arm-none-eabi/5.4.1/../../../../arm-none-eabi/lib/armv7-m\libg_nano.a(lib_a-nano-vfprintf_i.o)
 .debug_frame   0x00001b6c       0x3c d:/program files (x86)/gnu tools arm embedded/5.4 2016q3/bin/../lib/gcc/arm-none-eabi/5.4.1/../../../../arm-none-eabi/lib/armv7-m\libg_nano.a(lib_a-puts.o)
 .debug_frame   0x00001ba8       0x38 d:/program files (x86)/gnu tools arm embedded/5.4 2016q3/bin/../lib/gcc/arm-none-eabi/5.4.1/../../../../arm-none-eabi/lib/armv7-m\libg_nano.a(lib_a-setvbuf.o)
 .debug_frame   0x00001be0       0x40 d:/program files (x86)/gnu tools arm embedded/5.4 2016q3/bin/../lib/gcc/arm-none-eabi/5.4.1/../../../../arm-none-eabi/lib/armv7-m\libg_nano.a(lib_a-wbuf.o)
 .debug_frame   0x00001c20       0x2c d:/program files (x86)/gnu tools arm embedded/5.4 2016q3/bin/../lib/gcc/arm-none-eabi/5.4.1/../../../../arm-none-eabi/lib/armv7-m\libg_nano.a(lib_a-wsetup.o)
 .debug_frame   0x00001c4c       0x6c d:/program files (x86)/gnu tools arm embedded/5.4 2016q3/bin/../lib/gcc/arm-none-eabi/5.4.1/../../../../arm-none-eabi/lib/armv7-m\libg_nano.a(lib_a-dtoa.o)
 .debug_frame   0x00001cb8       0x68 d:/program files (x86)/gnu tools arm embedded/5.4 2016q3/bin/../lib/gcc/arm-none-eabi/5.4.1/../../../../arm-none-eabi/lib/armv7-m\libg_nano.a(lib_a-fflush.o)
 .debug_frame   0x00001d20      0x11c d:/program files (x86)/gnu tools arm embedded/5.4 2016q3/bin/../lib/gcc/arm-none-eabi/5.4.1/../../../../arm-none-eabi/lib/armv7-m\libg_nano.a(lib_a-findfp.o)
 .debug_frame   0x00001e3c       0x54 d:/program files (x86)/gnu tools arm embedded/5.4 2016q3/bin/../lib/gcc/arm-none-eabi/5.4.1/../../../../arm-none-eabi/lib/armv7-m\libg_nano.a(lib_a-fwalk.o)
 .debug_frame   0x00001e90       0x40 d:/program files (x86)/gnu tools arm embedded/5.4 2016q3/bin/../lib/gcc/arm-none-eabi/5.4.1/../../../../arm-none-eabi/lib/armv7-m\libg_nano.a(lib_a-localeconv.o)
 .debug_frame   0x00001ed0       0x54 d:/program files (x86)/gnu tools arm embedded/5.4 2016q3/bin/../lib/gcc/arm-none-eabi/5.4.1/../../../../arm-none-eabi/lib/armv7-m\libg_nano.a(lib_a-makebuf.o)
 .debug_frame   0x00001f24       0x30 d:/program files (x86)/gnu tools arm embedded/5.4 2016q3/bin/../lib/gcc/arm-none-eabi/5.4.1/../../../../arm-none-eabi/lib/armv7-m\libg_nano.a(lib_a-malloc.o)
 .debug_frame   0x00001f54       0x28 d:/program files (x86)/gnu tools arm embedded/5.4 2016q3/bin/../lib/gcc/arm-none-eabi/5.4.1/../../../../arm-none-eabi/lib/armv7-m\libg_nano.a(lib_a-memcpy-stub.o)
 .debug_frame   0x00001f7c      0x234 d:/program files (x86)/gnu tools arm embedded/5.4 2016q3/bin/../lib/gcc/arm-none-eabi/5.4.1/../../../../arm-none-eabi/lib/armv7-m\libg_nano.a(lib_a-mprec.o)
 .debug_frame   0x000021b0       0x2c d:/program files (x86)/gnu tools arm embedded/5.4 2016q3/bin/../lib/gcc/arm-none-eabi/5.4.1/../../../../arm-none-eabi/lib/armv7-m\libg_nano.a(lib_a-nano-callocr.o)
 .debug_frame   0x000021dc       0x38 d:/program files (x86)/gnu tools arm embedded/5.4 2016q3/bin/../lib/gcc/arm-none-eabi/5.4.1/../../../../arm-none-eabi/lib/armv7-m\libg_nano.a(lib_a-nano-freer.o)
 .debug_frame   0x00002214       0x2c d:/program files (x86)/gnu tools arm embedded/5.4 2016q3/bin/../lib/gcc/arm-none-eabi/5.4.1/../../../../arm-none-eabi/lib/armv7-m\libg_nano.a(lib_a-nano-mallocr.o)
 .debug_frame   0x00002240       0x2c d:/program files (x86)/gnu tools arm embedded/5.4 2016q3/bin/../lib/gcc/arm-none-eabi/5.4.1/../../../../arm-none-eabi/lib/armv7-m\libg_nano.a(lib_a-sbrkr.o)
 .debug_frame   0x0000226c       0x88 d:/program files (x86)/gnu tools arm embedded/5.4 2016q3/bin/../lib/gcc/arm-none-eabi/5.4.1/../../../../arm-none-eabi/lib/armv7-m\libg_nano.a(lib_a-stdio.o)
 .debug_frame   0x000022f4       0x2c d:/program files (x86)/gnu tools arm embedded/5.4 2016q3/bin/../lib/gcc/arm-none-eabi/5.4.1/../../../../arm-none-eabi/lib/armv7-m\libg_nano.a(lib_a-writer.o)
 .debug_frame   0x00002320       0x2c d:/program files (x86)/gnu tools arm embedded/5.4 2016q3/bin/../lib/gcc/arm-none-eabi/5.4.1/../../../../arm-none-eabi/lib/armv7-m\libg_nano.a(lib_a-closer.o)
 .debug_frame   0x0000234c       0x2c d:/program files (x86)/gnu tools arm embedded/5.4 2016q3/bin/../lib/gcc/arm-none-eabi/5.4.1/../../../../arm-none-eabi/lib/armv7-m\libg_nano.a(lib_a-fstatr.o)
 .debug_frame   0x00002378       0x2c d:/program files (x86)/gnu tools arm embedded/5.4 2016q3/bin/../lib/gcc/arm-none-eabi/5.4.1/../../../../arm-none-eabi/lib/armv7-m\libg_nano.a(lib_a-isattyr.o)
 .debug_frame   0x000023a4       0x88 d:/program files (x86)/gnu tools arm embedded/5.4 2016q3/bin/../lib/gcc/arm-none-eabi/5.4.1/../../../../arm-none-eabi/lib/armv7-m\libg_nano.a(lib_a-locale.o)
 .debug_frame   0x0000242c       0x2c d:/program files (x86)/gnu tools arm embedded/5.4 2016q3/bin/../lib/gcc/arm-none-eabi/5.4.1/../../../../arm-none-eabi/lib/armv7-m\libg_nano.a(lib_a-lseekr.o)
 .debug_frame   0x00002458       0x44 d:/program files (x86)/gnu tools arm embedded/5.4 2016q3/bin/../lib/gcc/arm-none-eabi/5.4.1/../../../../arm-none-eabi/lib/armv7-m\libg_nano.a(lib_a-mbtowc_r.o)
 .debug_frame   0x0000249c       0x30 d:/program files (x86)/gnu tools arm embedded/5.4 2016q3/bin/../lib/gcc/arm-none-eabi/5.4.1/../../../../arm-none-eabi/lib/armv7-m\libg_nano.a(lib_a-mlock.o)
 .debug_frame   0x000024cc       0x2c d:/program files (x86)/gnu tools arm embedded/5.4 2016q3/bin/../lib/gcc/arm-none-eabi/5.4.1/../../../../arm-none-eabi/lib/armv7-m\libg_nano.a(lib_a-readr.o)
 .debug_frame   0x000024f8       0x5c d:/program files (x86)/gnu tools arm embedded/5.4 2016q3/bin/../lib/gcc/arm-none-eabi/5.4.1/../../../../arm-none-eabi/lib/armv7-m\libg_nano.a(lib_a-reent.o)
 .debug_frame   0x00002554       0x3c d:/program files (x86)/gnu tools arm embedded/5.4 2016q3/bin/../lib/gcc/arm-none-eabi/5.4.1/../../../../arm-none-eabi/lib/armv7-m\libg_nano.a(lib_a-wctomb_r.o)
 .debug_frame   0x00002590       0x20 d:/program files (x86)/gnu tools arm embedded/5.4 2016q3/bin/../lib/gcc/arm-none-eabi/5.4.1/../../../../arm-none-eabi/lib/armv7-m\libnosys.a(fstat.o)