Archive member included to satisfy reference by file (symbol)

d:/program files (x86)/gnu tools arm embedded/5.4 2016q3/bin/../lib/gcc/arm-none-eabi/5.4.1/armv7-m\libgcc.a(_arm_addsubdf3.o)
                              CMakeFiles/IOTLink.elf.dir/USER/Src/main.c.obj (__aeabi_f2d)
d:/program files (x86)/gnu tools arm embedded/5.4 2016q3/bin/../lib/gcc/arm-none-eabi/5.4.1/armv7-m\libgcc.a(_arm_muldivdf3.o)
                              CMakeFiles/IOTLink.elf.dir/USER/Src/main.c.obj (__aeabi_dmul)
d:/program files (x86)/gnu tools arm embedded/5.4 2016q3/bin/../lib/gcc/arm-none-eabi/5.4.1/armv7-m\libgcc.a(_arm_fixunsdfsi.o)
                              CMakeFiles/IOTLink.elf.dir/USER/Src/main.c.obj (__aeabi_d2uiz)
d:/program files (x86)/gnu tools arm embedded/5.4 2016q3/bin/../lib/gcc/arm-none-eabi/5.4.1/armv7-m\libgcc.a(_arm_addsubsf3.o)
                              CMakeFiles/IOTLink.elf.dir/USER/Src/main.c.obj (__aeabi_fsub)
d:/program files (x86)/gnu tools arm embedded/5.4 2016q3/bin/../lib/gcc/arm-none-eabi/5.4.1/armv7-m\libgcc.a(_arm_muldivsf3.o)
                              CMakeFiles/IOTLink.elf.dir/USER/Src/main.c.obj (__aeabi_fmul)
d:/program files (x86)/gnu tools arm embedded/5.4 2016q3/bin/../lib/gcc/arm-none-eabi/5.4.1/../../../../arm-none-eabi/lib/armv7-m\libg_nano.a(lib_a-exit.o)
                              d:/program files (x86)/gnu tools arm embedded/5.4 2016q3/bin/../lib/gcc/arm-none-eabi/5.4.1/../../../../arm-none-eabi/lib/armv7-m/crt0.o (exit)
d:/program files (x86)/gnu tools arm embedded/5.4 2016q3/bin/../lib/gcc/arm-none-eabi/5.4.1/../../../../arm-none-eabi/lib/armv7-m\libg_nano.a(lib_a-impure.o)
                              d:/program files (x86)/gnu tools arm embedded/5.4 2016q3/bin/../lib/gcc/arm-none-eabi/5.4.1/../../../../arm-none-eabi/lib/armv7-m\libg_nano.a(lib_a-exit.o) (_global_impure_ptr)
d:/program files (x86)/gnu tools arm embedded/5.4 2016q3/bin/../lib/gcc/arm-none-eabi/5.4.1/../../../../arm-none-eabi/lib/armv7-m\libg_nano.a(lib_a-init.o)
                              d:/program files (x86)/gnu tools arm embedded/5.4 2016q3/bin/../lib/gcc/arm-none-eabi/5.4.1/../../../../arm-none-eabi/lib/armv7-m/crt0.o (__libc_init_array)
d:/program files (x86)/gnu tools arm embedded/5.4 2016q3/bin/../lib/gcc/arm-none-eabi/5.4.1/../../../../arm-none-eabi/lib/armv7-m\libg_nano.a(lib_a-memcpy-stub.o)
                              CMakeFiles/IOTLink.elf.dir/ALINK/HMAC/utils_hmac.c.obj (memcpy)
d:/program files (x86)/gnu tools arm embedded/5.4 2016q3/bin/../lib/gcc/arm-none-eabi/5.4.1/../../../../arm-none-eabi/lib/armv7-m\libg_nano.a(lib_a-memset.o)
                              d:/program files (x86)/gnu tools arm embedded/5.4 2016q3/bin/../lib/gcc/arm-none-eabi/5.4.1/../../../../arm-none-eabi/lib/armv7-m/crt0.o (memset)
d:/program files (x86)/gnu tools arm embedded/5.4 2016q3/bin/../lib/gcc/arm-none-eabi/5.4.1/../../../../arm-none-eabi/lib/armv7-m\libg_nano.a(lib_a-nano-vfprintf_float.o)
                              (_printf_float)
d:/program files (x86)/gnu tools arm embedded/5.4 2016q3/bin/../lib/gcc/arm-none-eabi/5.4.1/../../../../arm-none-eabi/lib/armv7-m\libg_nano.a(lib_a-nano-vfprintf_i.o)
                              d:/program files (x86)/gnu tools arm embedded/5.4 2016q3/bin/../lib/gcc/arm-none-eabi/5.4.1/../../../../arm-none-eabi/lib/armv7-m\libg_nano.a(lib_a-nano-vfprintf_float.o) (_printf_common)
d:/program files (x86)/gnu tools arm embedded/5.4 2016q3/bin/../lib/gcc/arm-none-eabi/5.4.1/../../../../arm-none-eabi/lib/armv7-m\libg_nano.a(lib_a-printf.o)
                              CMakeFiles/IOTLink.elf.dir/ALINK/Src/connect.c.obj (printf)
d:/program files (x86)/gnu tools arm embedded/5.4 2016q3/bin/../lib/gcc/arm-none-eabi/5.4.1/../../../../arm-none-eabi/lib/armv7-m\libg_nano.a(lib_a-puts.o)
                              CMakeFiles/IOTLink.elf.dir/ALINK/Src/connect.c.obj (puts)
d:/program files (x86)/gnu tools arm embedded/5.4 2016q3/bin/../lib/gcc/arm-none-eabi/5.4.1/../../../../arm-none-eabi/lib/armv7-m\libg_nano.a(lib_a-setvbuf.o)
                              CMakeFiles/IOTLink.elf.dir/SYSTEM/Src/usart.c.obj (setvbuf)
d:/program files (x86)/gnu tools arm embedded/5.4 2016q3/bin/../lib/gcc/arm-none-eabi/5.4.1/../../../../arm-none-eabi/lib/armv7-m\libg_nano.a(lib_a-sprintf.o)
                              CMakeFiles/IOTLink.elf.dir/ALINK/Src/mqtt.c.obj (sprintf)
d:/program files (x86)/gnu tools arm embedded/5.4 2016q3/bin/../lib/gcc/arm-none-eabi/5.4.1/../../../../arm-none-eabi/lib/armv7-m\libg_nano.a(lib_a-strlen.o)
                              CMakeFiles/IOTLink.elf.dir/ALINK/Src/connect.c.obj (strlen)
d:/program files (x86)/gnu tools arm embedded/5.4 2016q3/bin/../lib/gcc/arm-none-eabi/5.4.1/../../../../arm-none-eabi/lib/armv7-m\libg_nano.a(lib_a-strstr.o)
                              CMakeFiles/IOTLink.elf.dir/ALINK/Src/wifi.c.obj (strstr)
[...]
Memory Configuration

Name             Origin             Length             Attributes
RAM              0x20000000         0x00005000         xrw
FLASH            0x08000000         0x00020000         xr
*default*        0x00000000         0xffffffff

Linker script and memory map

LOAD d:/program files (x86)/gnu tools arm embedded/5.4 2016q3/bin/../lib/gcc/arm-none-eabi/5.4.1/armv7-m/crti.o
LOAD d:/program files (x86)/gnu tools arm embedded/5.4 2016q3/bin/../lib/gcc/arm-none-eabi/5.4.1/armv7-m/crtbegin.o
LOAD d:/program files (x86)/gnu tools arm embedded/5.4 2016q3/bin/../lib/gcc/arm-none-eabi/5.4.1/../../../../arm-none-eabi/lib/armv7-m/crt0.o
LOAD CMakeFiles/IOTLink.elf.dir/ALINK/HMAC/utils_hmac.c.obj
LOAD CMakeFiles/IOTLink.elf.dir/ALINK/HMAC/utils_md5.c.obj
LOAD CMakeFiles/IOTLink.elf.dir/ALINK/HMAC/utils_sha1.c.obj
LOAD CMakeFiles/IOTLink.elf.dir/ALINK/Src/connect.c.obj
LOAD CMakeFiles/IOTLink.elf.dir/ALINK/Src/mqtt.c.obj
LOAD CMakeFiles/IOTLink.elf.dir/ALINK/Src/timer1.c.obj
LOAD CMakeFiles/IOTLink.elf.dir/ALINK/Src/timer3.c.obj
LOAD CMakeFiles/IOTLink.elf.dir/ALINK/Src/timer4.c.obj
LOAD CMakeFiles/IOTLink.elf.dir/ALINK/Src/usart2.c.obj
LOAD CMakeFiles/IOTLink.elf.dir/ALINK/Src/wifi.c.obj
LOAD CMakeFiles/IOTLink.elf.dir/CORE/Src/core_cm3.c.obj
LOAD CMakeFiles/IOTLink.elf.dir/HARDWARE/Src/adc.c.obj
LOAD CMakeFiles/IOTLink.elf.dir/HARDWARE/Src/beep.c.obj
LOAD CMakeFiles/IOTLink.elf.dir/HARDWARE/Src/dht11.c.obj
LOAD CMakeFiles/IOTLink.elf.dir/HARDWARE/Src/exti.c.obj
LOAD CMakeFiles/IOTLink.elf.dir/HARDWARE/Src/key.c.obj
LOAD CMakeFiles/IOTLink.elf.dir/HARDWARE/Src/led.c.obj
LOAD CMakeFiles/IOTLink.elf.dir/HARDWARE/Src/light.c.obj
LOAD CMakeFiles/IOTLink.elf.dir/HARDWARE/Src/pwm.c.obj
LOAD CMakeFiles/IOTLink.elf.dir/HARDWARE/Src/relay.c.obj
LOAD CMakeFiles/IOTLink.elf.dir/HARDWARE/Src/soil.c.obj
LOAD CMakeFiles/IOTLink.elf.dir/HARDWARE/Src/timer.c.obj
LOAD CMakeFiles/IOTLink.elf.dir/STM32F10x_FWLib/Src/misc.c.obj
LOAD CMakeFiles/IOTLink.elf.dir/STM32F10x_FWLib/Src/stm32f10x_adc.c.obj
LOAD CMakeFiles/IOTLink.elf.dir/STM32F10x_FWLib/Src/stm32f10x_bkp.c.obj
LOAD CMakeFiles/IOTLink.elf.dir/STM32F10x_FWLib/Src/stm32f10x_can.c.obj
LOAD CMakeFiles/IOTLink.elf.dir/STM32F10x_FWLib/Src/stm32f10x_cec.c.obj
LOAD CMakeFiles/IOTLink.elf.dir/STM32F10x_FWLib/Src/stm32f10x_crc.c.obj
LOAD CMakeFiles/IOTLink.elf.dir/STM32F10x_FWLib/Src/stm32f10x_dac.c.obj
LOAD CMakeFiles/IOTLink.elf.dir/STM32F10x_FWLib/Src/stm32f10x_dbgmcu.c.obj
LOAD CMakeFiles/IOTLink.elf.dir/STM32F10x_FWLib/Src/stm32f10x_dma.c.obj
LOAD CMakeFiles/IOTLink.elf.dir/STM32F10x_FWLib/Src/stm32f10x_exti.c.obj
LOAD CMakeFiles/IOTLink.elf.dir/STM32F10x_FWLib/Src/stm32f10x_flash.c.obj
LOAD CMakeFiles/IOTLink.elf.dir/STM32F10x_FWLib/Src/stm32f10x_fsmc.c.obj
LOAD CMakeFiles/IOTLink.elf.dir/STM32F10x_FWLib/Src/stm32f10x_gpio.c.obj
LOAD CMakeFiles/IOTLink.elf.dir/STM32F10x_FWLib/Src/stm32f10x_i2c.c.obj
LOAD CMakeFiles/IOTLink.elf.dir/STM32F10x_FWLib/Src/stm32f10x_iwdg.c.obj
LOAD CMakeFiles/IOTLink.elf.dir/STM32F10x_FWLib/Src/stm32f10x_pwr.c.obj
LOAD CMakeFiles/IOTLink.elf.dir/STM32F10x_FWLib/Src/stm32f10x_rcc.c.obj
LOAD CMakeFiles/IOTLink.elf.dir/STM32F10x_FWLib/Src/stm32f10x_rtc.c.obj
LOAD CMakeFiles/IOTLink.elf.dir/STM32F10x_FWLib/Src/stm32f10x_sdio.c.obj
LOAD CMakeFiles/IOTLink.elf.dir/STM32F10x_FWLib/Src/stm32f10x_spi.c.obj
LOAD CMakeFiles/IOTLink.elf.dir/STM32F10x_FWLib/Src/stm32f10x_tim.c.obj
LOAD CMakeFiles/IOTLink.elf.dir/STM32F10x_FWLib/Src/stm32f10x_usart.c.obj
LOAD CMakeFiles/IOTLink.elf.dir/STM32F10x_FWLib/Src/stm32f10x_wwdg.c.obj
LOAD CMakeFiles/IOTLink.elf.dir/SYSTEM/Src/delay.c.obj
LOAD CMakeFiles/IOTLink.elf.dir/SYSTEM/Src/sys.c.obj
LOAD CMakeFiles/IOTLink.elf.dir/SYSTEM/Src/usart.c.obj
LOAD CMakeFiles/IOTLink.elf.dir/Startup/startup_stm32f103rbtx.s.obj
LOAD CMakeFiles/IOTLink.elf.dir/USER/Src/main.c.obj
LOAD CMakeFiles/IOTLink.elf.dir/USER/Src/stm32f10x_it.c.obj
LOAD CMakeFiles/IOTLink.elf.dir/USER/Src/system_stm32f10x.c.obj
START GROUP
LOAD d:/program files (x86)/gnu tools arm embedded/5.4 2016q3/bin/../lib/gcc/arm-none-eabi/5.4.1/armv7-m\libgcc.a
LOAD d:/program files (x86)/gnu tools arm embedded/5.4 2016q3/bin/../lib/gcc/arm-none-eabi/5.4.1/../../../../arm-none-eabi/lib/armv7-m\libg_nano.a
LOAD d:/program files (x86)/gnu tools arm embedded/5.4 2016q3/bin/../lib/gcc/arm-none-eabi/5.4.1/../../../../arm-none-eabi/lib/armv7-m\libc_nano.a
END GROUP
START GROUP
LOAD d:/program files (x86)/gnu tools arm embedded/5.4 2016q3/bin/../lib/gcc/arm-none-eabi/5.4.1/armv7-m\libgcc.a
LOAD d:/program files (x86)/gnu tools arm embedded/5.4 2016q3/bin/../lib/gcc/arm-none-eabi/5.4.1/../../../../arm-none-eabi/lib/armv7-m\libc_nano.a
LOAD d:/program files (x86)/gnu tools arm embedded/5.4 2016q3/bin/../lib/gcc/arm-none-eabi/5.4.1/../../../../arm-none-eabi/lib/armv7-m\libnosys.a
END GROUP
START GROUP
LOAD d:/program files (x86)/gnu tools arm embedded/5.4 2016q3/bin/../lib/gcc/arm-none-eabi/5.4.1/armv7-m\libgcc.a
LOAD d:/program files (x86)/gnu tools arm embedded/5.4 2016q3/bin/../lib/gcc/arm-none-eabi/5.4.1/../../../../arm-none-eabi/lib/armv7-m\libc_nano.a
LOAD d:/program files (x86)/gnu tools arm embedded/5.4 2016q3/bin/../lib/gcc/arm-none-eabi/5.4.1/../../../../arm-none-eabi/lib/armv7-m\libnosys.a
END GROUP
LOAD d:/program files (x86)/gnu tools arm embedded/5.4 2016q3/bin/../lib/gcc/arm-none-eabi/5.4.1/armv7-m/crtend.o
LOAD d:/program files (x86)/gnu tools arm embedded/5.4 2016q3/bin/../lib/gcc/arm-none-eabi/5.4.1/armv7-m/crtn.o
                0x20005000                _estack = (ORIGIN (RAM) + LENGTH (RAM))
                0x00000200                _Min_Heap_Size = 0x200
                0x00000400                _Min_Stack_Size = 0x400

.isr_vector     0x08000000      0x10c
                0x08000000                . = ALIGN (0x4)
 *(.isr_vector)
 .isr_vector    0x08000000      0x10c CMakeFiles/IOTLink.elf.dir/Startup/startup_stm32f103rbtx.s.obj
                0x08000000                g_pfnVectors
                0x0800010c                . = ALIGN (0x4)

.text           0x08000110     0x74a4
                0x08000110                . = ALIGN (0x4)
 *(.text)
 .text          0x08000110       0x5c d:/program files (x86)/gnu tools arm embedded/5.4 2016q3/bin/../lib/gcc/arm-none-eabi/5.4.1/armv7-m/crtbegin.o
 .text          0x0800016c      0x370 d:/program files (x86)/gnu tools arm embedded/5.4 2016q3/bin/../lib/gcc/arm-none-eabi/5.4.1/armv7-m\libgcc.a(_arm_addsubdf3.o)
                0x0800016c                __aeabi_drsub
                0x08000174                __aeabi_dsub
                0x08000174                __subdf3
                0x08000178                __aeabi_dadd
                0x08000178                __adddf3
                0x080003f0                __floatunsidf
                0x080003f0                __aeabi_ui2d
                0x08000410                __floatsidf
                0x08000410                __aeabi_i2d
                0x08000434                __aeabi_f2d
                0x08000434                __extendsfdf2
                0x08000470                __floatundidf
                0x08000470                __aeabi_ul2d
                0x08000480                __floatdidf
                0x08000480                __aeabi_l2d
 .text          0x080004dc      0x424 d:/program files (x86)/gnu tools arm embedded/5.4 2016q3/bin/../lib/gcc/arm-none-eabi/5.4.1/armv7-m\libgcc.a(_arm_muldivdf3.o)
                0x080004dc                __aeabi_dmul
                0x080004dc                __muldf3
                0x08000730                __divdf3
                0x08000730                __aeabi_ddiv
 .text          0x08000900       0x40 d:/program files (x86)/gnu tools arm embedded/5.4 2016q3/bin/../lib/gcc/arm-none-eabi/5.4.1/armv7-m\libgcc.a(_arm_fixunsdfsi.o)
                0x08000900                __aeabi_d2uiz
                0x08000900                __fixunsdfsi
 .text          0x08000940      0x21c d:/program files (x86)/gnu tools arm embedded/5.4 2016q3/bin/../lib/gcc/arm-none-eabi/5.4.1/armv7-m\libgcc.a(_arm_addsubsf3.o)
                0x08000940                __aeabi_frsub
                0x08000948                __subsf3
                0x08000948                __aeabi_fsub
                0x0800094c                __aeabi_fadd
                0x0800094c                __addsf3
                0x08000aac                __aeabi_ui2f
                0x08000aac                __floatunsisf
                0x08000ab4                __aeabi_i2f
                0x08000ab4                __floatsisf
                0x08000ad0                __aeabi_ul2f
                0x08000ad0                __floatundisf
                0x08000ae0                __aeabi_l2f
                0x08000ae0                __floatdisf
 .text          0x08000b5c      0x2a0 d:/program files (x86)/gnu tools arm embedded/5.4 2016q3/bin/../lib/gcc/arm-none-eabi/5.4.1/armv7-m\libgcc.a(_arm_muldivsf3.o)
                0x08000b5c                __mulsf3
                0x08000b5c                __aeabi_fmul
                0x08000cc4                __aeabi_fdiv
                0x08000cc4                __divsf3
 .text          0x08000dfc       0x10 d:/program files (x86)/gnu tools arm embedded/5.4 2016q3/bin/../lib/gcc/arm-none-eabi/5.4.1/../../../../arm-none-eabi/lib/armv7-m\libg_nano.a(lib_a-strlen.o)
                0x08000dfc                strlen
 .text          0x08000e0c      0x110 d:/program files (x86)/gnu tools arm embedded/5.4 2016q3/bin/../lib/gcc/arm-none-eabi/5.4.1/armv7-m\libgcc.a(_arm_cmpdf2.o)
                0x08000e0c                __gtdf2
                0x08000e0c                __gedf2
                0x08000e14                __ltdf2
                0x08000e14                __ledf2
                0x08000e1c                __nedf2
                0x08000e1c                __eqdf2
                0x08000e1c                __cmpdf2
                0x08000e98                __aeabi_cdrcmple
                0x08000ea8                __aeabi_cdcmpeq
                0x08000ea8                __aeabi_cdcmple
                0x08000eb8                __aeabi_dcmpeq
                0x08000ecc                __aeabi_dcmplt
                0x08000ee0                __aeabi_dcmple
                0x08000ef4                __aeabi_dcmpge
                0x08000f08                __aeabi_dcmpgt
 .text          0x08000f1c       0x2c d:/program files (x86)/gnu tools arm embedded/5.4 2016q3/bin/../lib/gcc/arm-none-eabi/5.4.1/armv7-m\libgcc.a(_arm_unorddf2.o)
                0x08000f1c                __unorddf2
                0x08000f1c                __aeabi_dcmpun
 .text          0x08000f48       0x50 d:/program files (x86)/gnu tools arm embedded/5.4 2016q3/bin/../lib/gcc/arm-none-eabi/5.4.1/armv7-m\libgcc.a(_arm_fixdfsi.o)
                0x08000f48                __aeabi_d2iz
                0x08000f48                __fixdfsi
 *(.text*)
 .text.utils_hmac_sha1
                0x08000f98       0xf4 CMakeFiles/IOTLink.elf.dir/ALINK/HMAC/utils_hmac.c.obj
                0x08000f98                utils_hmac_sha1
 .text.utils_hb2hex
                0x0800108c       0x14 CMakeFiles/IOTLink.elf.dir/ALINK/HMAC/utils_md5.c.obj
                0x0800108c                utils_hb2hex
 .text.utils_sha1_init
                0x080010a0        0xc CMakeFiles/IOTLink.elf.dir/ALINK/HMAC/utils_sha1.c.obj
                0x080010a0                utils_sha1_init
 .text.utils_sha1_starts
                0x080010ac       0x34 CMakeFiles/IOTLink.elf.dir/ALINK/HMAC/utils_sha1.c.obj
                0x080010ac                utils_sha1_starts
 .text.utils_sha1_process
                0x080010e0     0x1040 CMakeFiles/IOTLink.elf.dir/ALINK/HMAC/utils_sha1.c.obj
                0x080010e0                utils_sha1_process
 .text.utils_sha1_update
                0x08002120       0x74 CMakeFiles/IOTLink.elf.dir/ALINK/HMAC/utils_sha1.c.obj
                0x08002120                utils_sha1_update
 .text.utils_sha1_finish
                0x08002194       0xc4 CMakeFiles/IOTLink.elf.dir/ALINK/HMAC/utils_sha1.c.obj
                0x08002194                utils_sha1_finish
 .text.connect_deal
                0x08002258      0x25c CMakeFiles/IOTLink.elf.dir/ALINK/Src/connect.c.obj
                0x08002258                connect_deal
 .text.LED0_State
                0x080024b4       0x50 CMakeFiles/IOTLink.elf.dir/ALINK/Src/connect.c.obj
                0x080024b4                LED0_State
 .text.BEEP_State
                0x08002504       0x50 CMakeFiles/IOTLink.elf.dir/ALINK/Src/connect.c.obj
                0x08002504                BEEP_State
 .text.MQTT_Buff_Init
                0x08002554       0x8c CMakeFiles/IOTLink.elf.dir/ALINK/Src/mqtt.c.obj
                0x08002554                MQTT_Buff_Init
 .text.AliIoT_Parameter_Init
                0x080025e0       0xf0 CMakeFiles/IOTLink.elf.dir/ALINK/Src/mqtt.c.obj
                0x080025e0                AliIoT_Parameter_Init
 .text.TxDataBuf_Deal
                0x080026d0       0x64 CMakeFiles/IOTLink.elf.dir/ALINK/Src/mqtt.c.obj
                0x080026d0                TxDataBuf_Deal
 .text.MQTT_ConectPack
                0x08002734      0x1b0 CMakeFiles/IOTLink.elf.dir/ALINK/Src/mqtt.c.obj
                0x08002734                MQTT_ConectPack
 .text.MQTT_Subscribe
                0x080028e4       0x74 CMakeFiles/IOTLink.elf.dir/ALINK/Src/mqtt.c.obj
                0x080028e4                MQTT_Subscribe
 .text.MQTT_Buff_ReInit
                0x08002958       0x98 CMakeFiles/IOTLink.elf.dir/ALINK/Src/mqtt.c.obj
                0x08002958                MQTT_Buff_ReInit
 .text.MQTT_PingREQ
                0x080029f0       0x18 CMakeFiles/IOTLink.elf.dir/ALINK/Src/mqtt.c.obj
                0x080029f0                MQTT_PingREQ
 .text.MQTT_PublishQs0
                0x08002a08       0xc4 CMakeFiles/IOTLink.elf.dir/ALINK/Src/mqtt.c.obj
                0x08002a08                MQTT_PublishQs0
 .text.CMDBuf_Deal
                0x08002acc       0x6c CMakeFiles/IOTLink.elf.dir/ALINK/Src/mqtt.c.obj
                0x08002acc                CMDBuf_Deal
 .text.MQTT_DealPushdata_Qs0
                0x08002b38       0xb4 CMakeFiles/IOTLink.elf.dir/ALINK/Src/mqtt.c.obj
                0x08002b38                MQTT_DealPushdata_Qs0
 .text.TIM1_Init
                0x08002bec       0x74 CMakeFiles/IOTLink.elf.dir/ALINK/Src/timer1.c.obj
                0x08002bec                TIM1_Init
 .text.TIM1_UP_IRQHandler
                0x08002c60       0x30 CMakeFiles/IOTLink.elf.dir/ALINK/Src/timer1.c.obj
                0x08002c60                TIM1_UP_IRQHandler
 .text.TIM3_ENABLE_2S
                0x08002c90       0x7c CMakeFiles/IOTLink.elf.dir/ALINK/Src/timer3.c.obj
                0x08002c90                TIM3_ENABLE_2S
 .text.TIM3_ENABLE_5S
                0x08002d0c       0x7c CMakeFiles/IOTLink.elf.dir/ALINK/Src/timer3.c.obj
                0x08002d0c                TIM3_ENABLE_5S
 .text.TIM3_ENABLE_30S
                0x08002d88       0x7c CMakeFiles/IOTLink.elf.dir/ALINK/Src/timer3.c.obj
                0x08002d88                TIM3_ENABLE_30S
 .text.TIM3_IRQHandler
                0x08002e04       0x88 CMakeFiles/IOTLink.elf.dir/ALINK/Src/timer3.c.obj
                0x08002e04                TIM3_IRQHandler
 .text.TIM4_Init
                0x08002e8c       0x70 CMakeFiles/IOTLink.elf.dir/ALINK/Src/timer4.c.obj
                0x08002e8c                TIM4_Init
 .text.TIM4_IRQHandler
                0x08002efc       0x78 CMakeFiles/IOTLink.elf.dir/ALINK/Src/timer4.c.obj
                0x08002efc                TIM4_IRQHandler
 .text.Usart2_Init
                0x08002f74       0xbc CMakeFiles/IOTLink.elf.dir/ALINK/Src/usart2.c.obj
                0x08002f74                Usart2_Init
 .text.u2_printf
                0x08003030       0x5c CMakeFiles/IOTLink.elf.dir/ALINK/Src/usart2.c.obj
                0x08003030                u2_printf
 .text.u2_TxData
                0x0800308c       0x3c CMakeFiles/IOTLink.elf.dir/ALINK/Src/usart2.c.obj
                0x0800308c                u2_TxData
 .text.USART2_IRQHandler
                0x080030c8       0x6c CMakeFiles/IOTLink.elf.dir/ALINK/Src/usart2.c.obj
                0x080030c8                USART2_IRQHandler
 .text.WiFi_ResetIO_Init
                0x08003134       0x3c CMakeFiles/IOTLink.elf.dir/ALINK/Src/wifi.c.obj
                0x08003134                WiFi_ResetIO_Init
 .text.WiFi_SendCmd
                0x08003170       0x6c CMakeFiles/IOTLink.elf.dir/ALINK/Src/wifi.c.obj
                0x08003170                WiFi_SendCmd
 .text.WiFi_Reset
                0x080031dc       0x6c CMakeFiles/IOTLink.elf.dir/ALINK/Src/wifi.c.obj
                0x080031dc                WiFi_Reset
 .text.WiFi_JoinAP
                0x08003248       0x74 CMakeFiles/IOTLink.elf.dir/ALINK/Src/wifi.c.obj
                0x08003248                WiFi_JoinAP
 .text.WiFi_Connect_Server
                0x080032bc      0x130 CMakeFiles/IOTLink.elf.dir/ALINK/Src/wifi.c.obj
                0x080032bc                WiFi_Connect_Server
 .text.WiFi_Connect_IoTServer
                0x080033ec      0x148 CMakeFiles/IOTLink.elf.dir/ALINK/Src/wifi.c.obj
                0x080033ec                WiFi_Connect_IoTServer
 .text.Adc_Init
                0x08003534       0xa0 CMakeFiles/IOTLink.elf.dir/HARDWARE/Src/adc.c.obj
                0x08003534                Adc_Init
 .text.Get_Adc  0x080035d4       0x30 CMakeFiles/IOTLink.elf.dir/HARDWARE/Src/adc.c.obj
                0x080035d4                Get_Adc
 .text.Get_Adc_Average
                0x08003604       0x2c CMakeFiles/IOTLink.elf.dir/HARDWARE/Src/adc.c.obj
                0x08003604                Get_Adc_Average
 .text.beep_init
                0x08003630       0x34 CMakeFiles/IOTLink.elf.dir/HARDWARE/Src/beep.c.obj
                0x08003630                beep_init
 .text.DHT11_Rst
                0x08003664       0x34 CMakeFiles/IOTLink.elf.dir/HARDWARE/Src/dht11.c.obj
                0x08003664                DHT11_Rst
 .text.DHT11_Check
                0x08003698       0x60 CMakeFiles/IOTLink.elf.dir/HARDWARE/Src/dht11.c.obj
                0x08003698                DHT11_Check
 .text.DHT11_Read_Bit
                0x080036f8       0x50 CMakeFiles/IOTLink.elf.dir/HARDWARE/Src/dht11.c.obj
                0x080036f8                DHT11_Read_Bit
 .text.DHT11_Read_Byte
                0x08003748       0x20 CMakeFiles/IOTLink.elf.dir/HARDWARE/Src/dht11.c.obj
                0x08003748                DHT11_Read_Byte
 .text.DHT11_Read_Data
                0x08003768       0x58 CMakeFiles/IOTLink.elf.dir/HARDWARE/Src/dht11.c.obj
                0x08003768                DHT11_Read_Data
 .text.EXTI0_IRQHandler
                0x080037c0       0x10 CMakeFiles/IOTLink.elf.dir/HARDWARE/Src/exti.c.obj
                0x080037c0                EXTI0_IRQHandler
 .text.EXTI2_IRQHandler
                0x080037d0       0x24 CMakeFiles/IOTLink.elf.dir/HARDWARE/Src/exti.c.obj
                0x080037d0                EXTI2_IRQHandler
 .text.EXTI9_5_IRQHandler
                0x080037f4       0x44 CMakeFiles/IOTLink.elf.dir/HARDWARE/Src/exti.c.obj
                0x080037f4                EXTI9_5_IRQHandler
 .text.led_init
                0x08003838       0x4c CMakeFiles/IOTLink.elf.dir/HARDWARE/Src/led.c.obj
                0x08003838                led_init
 .text.TIM2_IRQHandler
                0x08003884       0x2c CMakeFiles/IOTLink.elf.dir/HARDWARE/Src/timer.c.obj
                0x08003884                TIM2_IRQHandler
 .text.NVIC_PriorityGroupConfig
                0x080038b0       0x14 CMakeFiles/IOTLink.elf.dir/STM32F10x_FWLib/Src/misc.c.obj
                0x080038b0                NVIC_PriorityGroupConfig
 .text.NVIC_Init
                0x080038c4       0x64 CMakeFiles/IOTLink.elf.dir/STM32F10x_FWLib/Src/misc.c.obj
                0x080038c4                NVIC_Init
 .text.SysTick_CLKSourceConfig
                0x08003928       0x20 CMakeFiles/IOTLink.elf.dir/STM32F10x_FWLib/Src/misc.c.obj
                0x08003928                SysTick_CLKSourceConfig
 .text.ADC_DeInit
                0x08003948       0x64 CMakeFiles/IOTLink.elf.dir/STM32F10x_FWLib/Src/stm32f10x_adc.c.obj
                0x08003948                ADC_DeInit
 .text.ADC_Init
                0x080039ac       0x48 CMakeFiles/IOTLink.elf.dir/STM32F10x_FWLib/Src/stm32f10x_adc.c.obj
                0x080039ac                ADC_Init
 .text.ADC_Cmd  0x080039f4       0x18 CMakeFiles/IOTLink.elf.dir/STM32F10x_FWLib/Src/stm32f10x_adc.c.obj
                0x080039f4                ADC_Cmd
 .text.ADC_ResetCalibration
                0x08003a0c        0xc CMakeFiles/IOTLink.elf.dir/STM32F10x_FWLib/Src/stm32f10x_adc.c.obj
                0x08003a0c                ADC_ResetCalibration
 .text.ADC_GetResetCalibrationStatus
                0x08003a18       0x10 CMakeFiles/IOTLink.elf.dir/STM32F10x_FWLib/Src/stm32f10x_adc.c.obj
                0x08003a18                ADC_GetResetCalibrationStatus
 .text.ADC_StartCalibration
                0x08003a28        0xc CMakeFiles/IOTLink.elf.dir/STM32F10x_FWLib/Src/stm32f10x_adc.c.obj
                0x08003a28                ADC_StartCalibration
 .text.ADC_GetCalibrationStatus
                0x08003a34       0x10 CMakeFiles/IOTLink.elf.dir/STM32F10x_FWLib/Src/stm32f10x_adc.c.obj
                0x08003a34                ADC_GetCalibrationStatus
 .text.ADC_SoftwareStartConvCmd
                0x08003a44       0x18 CMakeFiles/IOTLink.elf.dir/STM32F10x_FWLib/Src/stm32f10x_adc.c.obj
                0x08003a44                ADC_SoftwareStartConvCmd
 .text.ADC_RegularChannelConfig
                0x08003a5c       0x8c CMakeFiles/IOTLink.elf.dir/STM32F10x_FWLib/Src/stm32f10x_adc.c.obj
                0x08003a5c                ADC_RegularChannelConfig
 .text.ADC_GetConversionValue
                0x08003ae8        0x8 CMakeFiles/IOTLink.elf.dir/STM32F10x_FWLib/Src/stm32f10x_adc.c.obj
                0x08003ae8                ADC_GetConversionValue
 .text.ADC_GetFlagStatus
                0x08003af0       0x10 CMakeFiles/IOTLink.elf.dir/STM32F10x_FWLib/Src/stm32f10x_adc.c.obj
                0x08003af0                ADC_GetFlagStatus
 .text.EXTI_ClearITPendingBit
                0x08003b00        0xc CMakeFiles/IOTLink.elf.dir/STM32F10x_FWLib/Src/stm32f10x_exti.c.obj
                0x08003b00                EXTI_ClearITPendingBit
 .text.GPIO_Init
                0x08003b0c       0x9c CMakeFiles/IOTLink.elf.dir/STM32F10x_FWLib/Src/stm32f10x_gpio.c.obj
                0x08003b0c                GPIO_Init
 .text.GPIO_ReadOutputDataBit
                0x08003ba8       0x10 CMakeFiles/IOTLink.elf.dir/STM32F10x_FWLib/Src/stm32f10x_gpio.c.obj
                0x08003ba8                GPIO_ReadOutputDataBit
 .text.GPIO_WriteBit
                0x08003bb8        0xc CMakeFiles/IOTLink.elf.dir/STM32F10x_FWLib/Src/stm32f10x_gpio.c.obj
                0x08003bb8                GPIO_WriteBit
 .text.RCC_ADCCLKConfig
                0x08003bc4       0x14 CMakeFiles/IOTLink.elf.dir/STM32F10x_FWLib/Src/stm32f10x_rcc.c.obj
                0x08003bc4                RCC_ADCCLKConfig
 .text.RCC_GetClocksFreq
                0x08003bd8       0xbc CMakeFiles/IOTLink.elf.dir/STM32F10x_FWLib/Src/stm32f10x_rcc.c.obj
                0x08003bd8                RCC_GetClocksFreq
 .text.RCC_APB2PeriphClockCmd
                0x08003c94       0x1c CMakeFiles/IOTLink.elf.dir/STM32F10x_FWLib/Src/stm32f10x_rcc.c.obj
                0x08003c94                RCC_APB2PeriphClockCmd
 .text.RCC_APB1PeriphClockCmd
                0x08003cb0       0x1c CMakeFiles/IOTLink.elf.dir/STM32F10x_FWLib/Src/stm32f10x_rcc.c.obj
                0x08003cb0                RCC_APB1PeriphClockCmd
 .text.RCC_APB2PeriphResetCmd
                0x08003ccc       0x1c CMakeFiles/IOTLink.elf.dir/STM32F10x_FWLib/Src/stm32f10x_rcc.c.obj
                0x08003ccc                RCC_APB2PeriphResetCmd
 .text.RCC_APB1PeriphResetCmd
                0x08003ce8       0x1c CMakeFiles/IOTLink.elf.dir/STM32F10x_FWLib/Src/stm32f10x_rcc.c.obj
                0x08003ce8                RCC_APB1PeriphResetCmd
 .text.TIM_DeInit
                0x08003d04      0x200 CMakeFiles/IOTLink.elf.dir/STM32F10x_FWLib/Src/stm32f10x_tim.c.obj
                0x08003d04                TIM_DeInit
 .text.TIM_TimeBaseInit
                0x08003f04       0x94 CMakeFiles/IOTLink.elf.dir/STM32F10x_FWLib/Src/stm32f10x_tim.c.obj
                0x08003f04                TIM_TimeBaseInit
 .text.TIM_Cmd  0x08003f98       0x1c CMakeFiles/IOTLink.elf.dir/STM32F10x_FWLib/Src/stm32f10x_tim.c.obj
                0x08003f98                TIM_Cmd
 .text.TIM_ITConfig
                0x08003fb4       0x18 CMakeFiles/IOTLink.elf.dir/STM32F10x_FWLib/Src/stm32f10x_tim.c.obj
                0x08003fb4                TIM_ITConfig
 .text.TIM_SetCounter
                0x08003fcc        0x4 CMakeFiles/IOTLink.elf.dir/STM32F10x_FWLib/Src/stm32f10x_tim.c.obj
                0x08003fcc                TIM_SetCounter
 .text.TIM_GetITStatus
                0x08003fd0       0x18 CMakeFiles/IOTLink.elf.dir/STM32F10x_FWLib/Src/stm32f10x_tim.c.obj
                0x08003fd0                TIM_GetITStatus
 .text.TIM_ClearITPendingBit
                0x08003fe8        0x8 CMakeFiles/IOTLink.elf.dir/STM32F10x_FWLib/Src/stm32f10x_tim.c.obj
                0x08003fe8                TIM_ClearITPendingBit
 .text.USART_DeInit
                0x08003ff0       0xa4 CMakeFiles/IOTLink.elf.dir/STM32F10x_FWLib/Src/stm32f10x_usart.c.obj
                0x08003ff0                USART_DeInit
 .text.USART_Init
                0x08004094       0xc8 CMakeFiles/IOTLink.elf.dir/STM32F10x_FWLib/Src/stm32f10x_usart.c.obj
                0x08004094                USART_Init
 .text.USART_Cmd
                0x0800415c       0x1c CMakeFiles/IOTLink.elf.dir/STM32F10x_FWLib/Src/stm32f10x_usart.c.obj
                0x0800415c                USART_Cmd
 .text.USART_ITConfig
                0x08004178       0x38 CMakeFiles/IOTLink.elf.dir/STM32F10x_FWLib/Src/stm32f10x_usart.c.obj
                0x08004178                USART_ITConfig
 .text.USART_SendData
                0x080041b0        0x8 CMakeFiles/IOTLink.elf.dir/STM32F10x_FWLib/Src/stm32f10x_usart.c.obj
                0x080041b0                USART_SendData
 .text.USART_ReceiveData
                0x080041b8        0x8 CMakeFiles/IOTLink.elf.dir/STM32F10x_FWLib/Src/stm32f10x_usart.c.obj
                0x080041b8                USART_ReceiveData
 .text.USART_GetFlagStatus
                0x080041c0       0x10 CMakeFiles/IOTLink.elf.dir/STM32F10x_FWLib/Src/stm32f10x_usart.c.obj
                0x080041c0                USART_GetFlagStatus
 .text.USART_ClearFlag
                0x080041d0        0x8 CMakeFiles/IOTLink.elf.dir/STM32F10x_FWLib/Src/stm32f10x_usart.c.obj
                0x080041d0                USART_ClearFlag
 .text.USART_GetITStatus
                0x080041d8       0x4c CMakeFiles/IOTLink.elf.dir/STM32F10x_FWLib/Src/stm32f10x_usart.c.obj
                0x080041d8                USART_GetITStatus
 .text.delay_init
                0x08004224       0x3c CMakeFiles/IOTLink.elf.dir/SYSTEM/Src/delay.c.obj
                0x08004224                delay_init
 .text.delay_us
                0x08004260       0x3c CMakeFiles/IOTLink.elf.dir/SYSTEM/Src/delay.c.obj
                0x08004260                delay_us
 .text.delay_ms
                0x0800429c       0x3c CMakeFiles/IOTLink.elf.dir/SYSTEM/Src/delay.c.obj
                0x0800429c                delay_ms
 .text.PrintfInit
                0x080042d8       0x20 CMakeFiles/IOTLink.elf.dir/SYSTEM/Src/usart.c.obj
                0x080042d8                PrintfInit
 .text.uart_init
                0x080042f8       0xa4 CMakeFiles/IOTLink.elf.dir/SYSTEM/Src/usart.c.obj
                0x080042f8                uart_init
 .text.USART1_IRQHandler
                0x0800439c       0x7c CMakeFiles/IOTLink.elf.dir/SYSTEM/Src/usart.c.obj
                0x0800439c                USART1_IRQHandler
 .text._isatty  0x08004418        0xc CMakeFiles/IOTLink.elf.dir/SYSTEM/Src/usart.c.obj
                0x08004418                _isatty
 .text._write   0x08004424       0x4c CMakeFiles/IOTLink.elf.dir/SYSTEM/Src/usart.c.obj
                0x08004424                _write
 .text._close   0x08004470       0x10 CMakeFiles/IOTLink.elf.dir/SYSTEM/Src/usart.c.obj
                0x08004470                _close
 .text._lseek   0x08004480        0x8 CMakeFiles/IOTLink.elf.dir/SYSTEM/Src/usart.c.obj
                0x08004480                _lseek
 .text._read    0x08004488       0x28 CMakeFiles/IOTLink.elf.dir/SYSTEM/Src/usart.c.obj
                0x08004488                _read
 .text.Reset_Handler
                0x080044b0       0x48 CMakeFiles/IOTLink.elf.dir/Startup/startup_stm32f103rbtx.s.obj
                0x080044b0                Reset_Handler
 .text.Default_Handler
                0x080044f8        0x2 CMakeFiles/IOTLink.elf.dir/Startup/startup_stm32f103rbtx.s.obj
                0x080044f8                RTC_Alarm_IRQHandler
                0x080044f8                TIM1_CC_IRQHandler
                0x080044f8                PVD_IRQHandler
                0x080044f8                EXTI3_IRQHandler
                0x080044f8                I2C2_EV_IRQHandler
                0x080044f8                ADC1_2_IRQHandler
                0x080044f8                SPI1_IRQHandler
                0x080044f8                TAMPER_IRQHandler
                0x080044f8                DMA1_Channel4_IRQHandler
                0x080044f8                USART3_IRQHandler
                0x080044f8                RTC_IRQHandler
                0x080044f8                DMA1_Channel7_IRQHandler
                0x080044f8                CAN1_RX1_IRQHandler
                0x080044f8                I2C1_EV_IRQHandler
                0x080044f8                DMA1_Channel6_IRQHandler
                0x080044f8                RCC_IRQHandler
                0x080044f8                TIM1_TRG_COM_IRQHandler
                0x080044f8                DMA1_Channel1_IRQHandler
                0x080044f8                Default_Handler
                0x080044f8                EXTI15_10_IRQHandler
                0x080044f8                SPI2_IRQHandler
                0x080044f8                DMA1_Channel5_IRQHandler
                0x080044f8                EXTI4_IRQHandler
                0x080044f8                USB_LP_CAN1_RX0_IRQHandler
                0x080044f8                USB_HP_CAN1_TX_IRQHandler
                0x080044f8                DMA1_Channel3_IRQHandler
                0x080044f8                WWDG_IRQHandler
                0x080044f8                TIM1_BRK_IRQHandler
                0x080044f8                EXTI1_IRQHandler
                0x080044f8                I2C2_ER_IRQHandler
                0x080044f8                DMA1_Channel2_IRQHandler
                0x080044f8                CAN1_SCE_IRQHandler
                0x080044f8                FLASH_IRQHandler
                0x080044f8                I2C1_ER_IRQHandler
                0x080044f8                USBWakeUp_IRQHandler
 *fill*         0x080044fa        0x6 
 .text.main     0x08004500      0x274 CMakeFiles/IOTLink.elf.dir/USER/Src/main.c.obj
                0x08004500                main
 .text.NMI_Handler
                0x08004774        0x4 CMakeFiles/IOTLink.elf.dir/USER/Src/stm32f10x_it.c.obj
                0x08004774                NMI_Handler
 .text.HardFault_Handler
                0x08004778        0x4 CMakeFiles/IOTLink.elf.dir/USER/Src/stm32f10x_it.c.obj
                0x08004778                HardFault_Handler
 .text.MemManage_Handler
                0x0800477c        0x4 CMakeFiles/IOTLink.elf.dir/USER/Src/stm32f10x_it.c.obj
                0x0800477c                MemManage_Handler
 .text.BusFault_Handler
                0x08004780        0x4 CMakeFiles/IOTLink.elf.dir/USER/Src/stm32f10x_it.c.obj
                0x08004780                BusFault_Handler
 .text.UsageFault_Handler
                0x08004784        0x4 CMakeFiles/IOTLink.elf.dir/USER/Src/stm32f10x_it.c.obj
                0x08004784                UsageFault_Handler
 .text.SVC_Handler
                0x08004788        0x4 CMakeFiles/IOTLink.elf.dir/USER/Src/stm32f10x_it.c.obj
                0x08004788                SVC_Handler
 .text.DebugMon_Handler
                0x0800478c        0x4 CMakeFiles/IOTLink.elf.dir/USER/Src/stm32f10x_it.c.obj
                0x0800478c                DebugMon_Handler
 .text.PendSV_Handler
                0x08004790        0x4 CMakeFiles/IOTLink.elf.dir/USER/Src/stm32f10x_it.c.obj
                0x08004790                PendSV_Handler
 .text.SysTick_Handler
                0x08004794        0x4 CMakeFiles/IOTLink.elf.dir/USER/Src/stm32f10x_it.c.obj
                0x08004794                SysTick_Handler
 .text.SetSysClockTo72
                0x08004798       0xc4 CMakeFiles/IOTLink.elf.dir/USER/Src/system_stm32f10x.c.obj
 .text.SetSysClock
                0x0800485c        0x8 CMakeFiles/IOTLink.elf.dir/USER/Src/system_stm32f10x.c.obj
 .text.SystemInit
                0x08004864       0x50 CMakeFiles/IOTLink.elf.dir/USER/Src/system_stm32f10x.c.obj
                0x08004864                SystemInit
 .text.__libc_init_array
                0x080048b4       0x4c d:/program files (x86)/gnu tools arm embedded/5.4 2016q3/bin/../lib/gcc/arm-none-eabi/5.4.1/../../../../arm-none-eabi/lib/armv7-m\libg_nano.a(lib_a-init.o)
                0x080048b4                __libc_init_array
 .text.memcpy   0x08004900       0x16 d:/program files (x86)/gnu tools arm embedded/5.4 2016q3/bin/../lib/gcc/arm-none-eabi/5.4.1/../../../../arm-none-eabi/lib/armv7-m\libg_nano.a(lib_a-memcpy-stub.o)
                0x08004900                memcpy
 .text.memset   0x08004916       0x10 d:/program files (x86)/gnu tools arm embedded/5.4 2016q3/bin/../lib/gcc/arm-none-eabi/5.4.1/../../../../arm-none-eabi/lib/armv7-m\libg_nano.a(lib_a-memset.o)
                0x08004916                memset
 .text.__cvt    0x08004926       0xc0 d:/program files (x86)/gnu tools arm embedded/5.4 2016q3/bin/../lib/gcc/arm-none-eabi/5.4.1/../../../../arm-none-eabi/lib/armv7-m\libg_nano.a(lib_a-nano-vfprintf_float.o)
                0x08004926                __cvt
 .text.__exponent
                0x080049e6       0x62 d:/program files (x86)/gnu tools arm embedded/5.4 2016q3/bin/../lib/gcc/arm-none-eabi/5.4.1/../../../../arm-none-eabi/lib/armv7-m\libg_nano.a(lib_a-nano-vfprintf_float.o)
                0x080049e6                __exponent
 .text._printf_float
                0x08004a48      0x488 d:/program files (x86)/gnu tools arm embedded/5.4 2016q3/bin/../lib/gcc/arm-none-eabi/5.4.1/../../../../arm-none-eabi/lib/armv7-m\libg_nano.a(lib_a-nano-vfprintf_float.o)
                0x08004a48                _printf_float
 .text._printf_common
                0x08004ed0       0xec d:/program files (x86)/gnu tools arm embedded/5.4 2016q3/bin/../lib/gcc/arm-none-eabi/5.4.1/../../../../arm-none-eabi/lib/armv7-m\libg_nano.a(lib_a-nano-vfprintf_i.o)
                0x08004ed0                _printf_common
 .text._printf_i
                0x08004fbc      0x24c d:/program files (x86)/gnu tools arm embedded/5.4 2016q3/bin/../lib/gcc/arm-none-eabi/5.4.1/../../../../arm-none-eabi/lib/armv7-m\libg_nano.a(lib_a-nano-vfprintf_i.o)
                0x08004fbc                _printf_i
 .text.printf   0x08005208       0x30 d:/program files (x86)/gnu tools arm embedded/5.4 2016q3/bin/../lib/gcc/arm-none-eabi/5.4.1/../../../../arm-none-eabi/lib/armv7-m\libg_nano.a(lib_a-printf.o)
                0x08005208                iprintf
                0x08005208                printf
 .text._puts_r  0x08005238       0xb4 d:/program files (x86)/gnu tools arm embedded/5.4 2016q3/bin/../lib/gcc/arm-none-eabi/5.4.1/../../../../arm-none-eabi/lib/armv7-m\libg_nano.a(lib_a-puts.o)
                0x08005238                _puts_r
 .text.puts     0x080052ec       0x10 d:/program files (x86)/gnu tools arm embedded/5.4 2016q3/bin/../lib/gcc/arm-none-eabi/5.4.1/../../../../arm-none-eabi/lib/armv7-m\libg_nano.a(lib_a-puts.o)
                0x080052ec                puts
 .text.setvbuf  0x080052fc      0x154 d:/program files (x86)/gnu tools arm embedded/5.4 2016q3/bin/../lib/gcc/arm-none-eabi/5.4.1/../../../../arm-none-eabi/lib/armv7-m\libg_nano.a(lib_a-setvbuf.o)
                0x080052fc                setvbuf
 .text.sprintf  0x08005450       0x48 d:/program files (x86)/gnu tools arm embedded/5.4 2016q3/bin/../lib/gcc/arm-none-eabi/5.4.1/../../../../arm-none-eabi/lib/armv7-m\libg_nano.a(lib_a-sprintf.o)
                0x08005450                siprintf
                0x08005450                sprintf
 .text.strstr   0x08005498       0x34 d:/program files (x86)/gnu tools arm embedded/5.4 2016q3/bin/../lib/gcc/arm-none-eabi/5.4.1/../../../../arm-none-eabi/lib/armv7-m\libg_nano.a(lib_a-strstr.o)
                0x08005498                strstr
 .text._vsprintf_r
                0x080054cc       0x30 d:/program files (x86)/gnu tools arm embedded/5.4 2016q3/bin/../lib/gcc/arm-none-eabi/5.4.1/../../../../arm-none-eabi/lib/armv7-m\libg_nano.a(lib_a-vsprintf.o)
                0x080054cc                _vsprintf_r
                0x080054cc                _vsiprintf_r
 .text.vsprintf
                0x080054fc       0x14 d:/program files (x86)/gnu tools arm embedded/5.4 2016q3/bin/../lib/gcc/arm-none-eabi/5.4.1/../../../../arm-none-eabi/lib/armv7-m\libg_nano.a(lib_a-vsprintf.o)
                0x080054fc                vsiprintf
                0x080054fc                vsprintf
 .text.__swbuf_r
                0x08005510       0xa8 d:/program files (x86)/gnu tools arm embedded/5.4 2016q3/bin/../lib/gcc/arm-none-eabi/5.4.1/../../../../arm-none-eabi/lib/armv7-m\libg_nano.a(lib_a-wbuf.o)
                0x08005510                __swbuf_r
 .text.__swsetup_r
                0x080055b8       0xdc d:/program files (x86)/gnu tools arm embedded/5.4 2016q3/bin/../lib/gcc/arm-none-eabi/5.4.1/../../../../arm-none-eabi/lib/armv7-m\libg_nano.a(lib_a-wsetup.o)
                0x080055b8                __swsetup_r
 .text.quorem   0x08005694      0x116 d:/program files (x86)/gnu tools arm embedded/5.4 2016q3/bin/../lib/gcc/arm-none-eabi/5.4.1/../../../../arm-none-eabi/lib/armv7-m\libg_nano.a(lib_a-dtoa.o)
 *fill*         0x080057aa        0x6 
 .text._dtoa_r  0x080057b0      0xb30 d:/program files (x86)/gnu tools arm embedded/5.4 2016q3/bin/../lib/gcc/arm-none-eabi/5.4.1/../../../../arm-none-eabi/lib/armv7-m\libg_nano.a(lib_a-dtoa.o)
                0x080057b0                _dtoa_r
 .text.__sflush_r
                0x080062e0      0x10c d:/program files (x86)/gnu tools arm embedded/5.4 2016q3/bin/../lib/gcc/arm-none-eabi/5.4.1/../../../../arm-none-eabi/lib/armv7-m\libg_nano.a(lib_a-fflush.o)
                0x080062e0                __sflush_r
 .text._fflush_r
                0x080063ec       0x54 d:/program files (x86)/gnu tools arm embedded/5.4 2016q3/bin/../lib/gcc/arm-none-eabi/5.4.1/../../../../arm-none-eabi/lib/armv7-m\libg_nano.a(lib_a-fflush.o)
                0x080063ec                _fflush_r
 .text._cleanup_r
                0x08006440        0xc d:/program files (x86)/gnu tools arm embedded/5.4 2016q3/bin/../lib/gcc/arm-none-eabi/5.4.1/../../../../arm-none-eabi/lib/armv7-m\libg_nano.a(lib_a-findfp.o)
                0x08006440                _cleanup_r
 .text.std.isra.0
                0x0800644c       0x48 d:/program files (x86)/gnu tools arm embedded/5.4 2016q3/bin/../lib/gcc/arm-none-eabi/5.4.1/../../../../arm-none-eabi/lib/armv7-m\libg_nano.a(lib_a-findfp.o)
 .text.__sfmoreglue
                0x08006494       0x2c d:/program files (x86)/gnu tools arm embedded/5.4 2016q3/bin/../lib/gcc/arm-none-eabi/5.4.1/../../../../arm-none-eabi/lib/armv7-m\libg_nano.a(lib_a-findfp.o)
                0x08006494                __sfmoreglue
 .text.__sinit  0x080064c0       0x60 d:/program files (x86)/gnu tools arm embedded/5.4 2016q3/bin/../lib/gcc/arm-none-eabi/5.4.1/../../../../arm-none-eabi/lib/armv7-m\libg_nano.a(lib_a-findfp.o)
                0x080064c0                __sinit
 .text.__sfp    0x08006520       0x78 d:/program files (x86)/gnu tools arm embedded/5.4 2016q3/bin/../lib/gcc/arm-none-eabi/5.4.1/../../../../arm-none-eabi/lib/armv7-m\libg_nano.a(lib_a-findfp.o)
                0x08006520                __sfp
 .text._fwalk_reent
                0x08006598       0x3c d:/program files (x86)/gnu tools arm embedded/5.4 2016q3/bin/../lib/gcc/arm-none-eabi/5.4.1/../../../../arm-none-eabi/lib/armv7-m\libg_nano.a(lib_a-fwalk.o)
                0x08006598                _fwalk_reent
 .text._localeconv_r
                0x080065d4       0x1c d:/program files (x86)/gnu tools arm embedded/5.4 2016q3/bin/../lib/gcc/arm-none-eabi/5.4.1/../../../../arm-none-eabi/lib/armv7-m\libg_nano.a(lib_a-localeconv.o)
                0x080065d4                _localeconv_r
 .text.__swhatbuf_r
                0x080065f0       0x46 d:/program files (x86)/gnu tools arm embedded/5.4 2016q3/bin/../lib/gcc/arm-none-eabi/5.4.1/../../../../arm-none-eabi/lib/armv7-m\libg_nano.a(lib_a-makebuf.o)
                0x080065f0                __swhatbuf_r
 *fill*         0x08006636        0x2 
 .text.__smakebuf_r
                0x08006638       0x78 d:/program files (x86)/gnu tools arm embedded/5.4 2016q3/bin/../lib/gcc/arm-none-eabi/5.4.1/../../../../arm-none-eabi/lib/armv7-m\libg_nano.a(lib_a-makebuf.o)
                0x08006638                __smakebuf_r
 .text.malloc   0x080066b0       0x10 d:/program files (x86)/gnu tools arm embedded/5.4 2016q3/bin/../lib/gcc/arm-none-eabi/5.4.1/../../../../arm-none-eabi/lib/armv7-m\libg_nano.a(lib_a-malloc.o)
                0x080066b0                malloc
 .text.memchr   0x080066c0       0x1c d:/program files (x86)/gnu tools arm embedded/5.4 2016q3/bin/../lib/gcc/arm-none-eabi/5.4.1/../../../../arm-none-eabi/lib/armv7-m\libg_nano.a(lib_a-memchr-stub.o)
                0x080066c0                memchr
 .text._Balloc  0x080066dc       0x6a d:/program files (x86)/gnu tools arm embedded/5.4 2016q3/bin/../lib/gcc/arm-none-eabi/5.4.1/../../../../arm-none-eabi/lib/armv7-m\libg_nano.a(lib_a-mprec.o)
                0x080066dc                _Balloc
 .text._Bfree   0x08006746       0x2e d:/program files (x86)/gnu tools arm embedded/5.4 2016q3/bin/../lib/gcc/arm-none-eabi/5.4.1/../../../../arm-none-eabi/lib/armv7-m\libg_nano.a(lib_a-mprec.o)
                0x08006746                _Bfree
 .text.__multadd
                0x08006774       0x76 d:/program files (x86)/gnu tools arm embedded/5.4 2016q3/bin/../lib/gcc/arm-none-eabi/5.4.1/../../../../arm-none-eabi/lib/armv7-m\libg_nano.a(lib_a-mprec.o)
                0x08006774                __multadd
 .text.__hi0bits
                0x080067ea       0x40 d:/program files (x86)/gnu tools arm embedded/5.4 2016q3/bin/../lib/gcc/arm-none-eabi/5.4.1/../../../../arm-none-eabi/lib/armv7-m\libg_nano.a(lib_a-mprec.o)
                0x080067ea                __hi0bits
 .text.__lo0bits
                0x0800682a       0x5a d:/program files (x86)/gnu tools arm embedded/5.4 2016q3/bin/../lib/gcc/arm-none-eabi/5.4.1/../../../../arm-none-eabi/lib/armv7-m\libg_nano.a(lib_a-mprec.o)
                0x0800682a                __lo0bits
 .text.__i2b    0x08006884       0x12 d:/program files (x86)/gnu tools arm embedded/5.4 2016q3/bin/../lib/gcc/arm-none-eabi/5.4.1/../../../../arm-none-eabi/lib/armv7-m\libg_nano.a(lib_a-mprec.o)
                0x08006884                __i2b
 .text.__multiply
                0x08006896      0x120 d:/program files (x86)/gnu tools arm embedded/5.4 2016q3/bin/../lib/gcc/arm-none-eabi/5.4.1/../../../../arm-none-eabi/lib/armv7-m\libg_nano.a(lib_a-mprec.o)
                0x08006896                __multiply
 *fill*         0x080069b6        0x2 
 .text.__pow5mult
                0x080069b8       0x9c d:/program files (x86)/gnu tools arm embedded/5.4 2016q3/bin/../lib/gcc/arm-none-eabi/5.4.1/../../../../arm-none-eabi/lib/armv7-m\libg_nano.a(lib_a-mprec.o)
                0x080069b8                __pow5mult
 .text.__lshift
                0x08006a54       0xa2 d:/program files (x86)/gnu tools arm embedded/5.4 2016q3/bin/../lib/gcc/arm-none-eabi/5.4.1/../../../../arm-none-eabi/lib/armv7-m\libg_nano.a(lib_a-mprec.o)
                0x08006a54                __lshift
 .text.__mcmp   0x08006af6       0x38 d:/program files (x86)/gnu tools arm embedded/5.4 2016q3/bin/../lib/gcc/arm-none-eabi/5.4.1/../../../../arm-none-eabi/lib/armv7-m\libg_nano.a(lib_a-mprec.o)
                0x08006af6                __mcmp
 .text.__mdiff  0x08006b2e       0xbe d:/program files (x86)/gnu tools arm embedded/5.4 2016q3/bin/../lib/gcc/arm-none-eabi/5.4.1/../../../../arm-none-eabi/lib/armv7-m\libg_nano.a(lib_a-mprec.o)
                0x08006b2e                __mdiff
 .text.__d2b    0x08006bec       0x9c d:/program files (x86)/gnu tools arm embedded/5.4 2016q3/bin/../lib/gcc/arm-none-eabi/5.4.1/../../../../arm-none-eabi/lib/armv7-m\libg_nano.a(lib_a-mprec.o)
                0x08006bec                __d2b
 .text._calloc_r
                0x08006c88       0x1c d:/program files (x86)/gnu tools arm embedded/5.4 2016q3/bin/../lib/gcc/arm-none-eabi/5.4.1/../../../../arm-none-eabi/lib/armv7-m\libg_nano.a(lib_a-nano-callocr.o)
                0x08006c88                _calloc_r
 .text._free_r  0x08006ca4       0x98 d:/program files (x86)/gnu tools arm embedded/5.4 2016q3/bin/../lib/gcc/arm-none-eabi/5.4.1/../../../../arm-none-eabi/lib/armv7-m\libg_nano.a(lib_a-nano-freer.o)
                0x08006ca4                _free_r
 .text._malloc_r
                0x08006d3c       0xbc d:/program files (x86)/gnu tools arm embedded/5.4 2016q3/bin/../lib/gcc/arm-none-eabi/5.4.1/../../../../arm-none-eabi/lib/armv7-m\libg_nano.a(lib_a-nano-mallocr.o)
                0x08006d3c                _malloc_r
 .text.__ssputs_r
                0x08006df8       0xb2 d:/program files (x86)/gnu tools arm embedded/5.4 2016q3/bin/../lib/gcc/arm-none-eabi/5.4.1/../../../../arm-none-eabi/lib/armv7-m\libg_nano.a(lib_a-nano-svfprintf.o)
                0x08006df8                __ssputs_r
 *fill*         0x08006eaa        0x2 
 .text._svfprintf_r
                0x08006eac      0x1e8 d:/program files (x86)/gnu tools arm embedded/5.4 2016q3/bin/../lib/gcc/arm-none-eabi/5.4.1/../../../../arm-none-eabi/lib/armv7-m\libg_nano.a(lib_a-nano-svfprintf.o)
                0x08006eac                _svfiprintf_r
                0x08006eac                _svfprintf_r
 .text.__sfputc_r
                0x08007094       0x2c d:/program files (x86)/gnu tools arm embedded/5.4 2016q3/bin/../lib/gcc/arm-none-eabi/5.4.1/../../../../arm-none-eabi/lib/armv7-m\libg_nano.a(lib_a-nano-vfprintf.o)
 .text.__sfputs_r
                0x080070c0       0x24 d:/program files (x86)/gnu tools arm embedded/5.4 2016q3/bin/../lib/gcc/arm-none-eabi/5.4.1/../../../../arm-none-eabi/lib/armv7-m\libg_nano.a(lib_a-nano-vfprintf.o)
                0x080070c0                __sfputs_r
 .text._vfprintf_r
                0x080070e4      0x238 d:/program files (x86)/gnu tools arm embedded/5.4 2016q3/bin/../lib/gcc/arm-none-eabi/5.4.1/../../../../arm-none-eabi/lib/armv7-m\libg_nano.a(lib_a-nano-vfprintf.o)
                0x080070e4                _vfprintf_r
                0x080070e4                _vfiprintf_r
 .text._sbrk_r  0x0800731c       0x20 d:/program files (x86)/gnu tools arm embedded/5.4 2016q3/bin/../lib/gcc/arm-none-eabi/5.4.1/../../../../arm-none-eabi/lib/armv7-m\libg_nano.a(lib_a-sbrkr.o)
                0x0800731c                _sbrk_r
 .text.__sread  0x0800733c       0x22 d:/program files (x86)/gnu tools arm embedded/5.4 2016q3/bin/../lib/gcc/arm-none-eabi/5.4.1/../../../../arm-none-eabi/lib/armv7-m\libg_nano.a(lib_a-stdio.o)
                0x0800733c                __sread
 .text.__swrite
                0x0800735e       0x38 d:/program files (x86)/gnu tools arm embedded/5.4 2016q3/bin/../lib/gcc/arm-none-eabi/5.4.1/../../../../arm-none-eabi/lib/armv7-m\libg_nano.a(lib_a-stdio.o)
                0x0800735e                __swrite
 .text.__sseek  0x08007396       0x24 d:/program files (x86)/gnu tools arm embedded/5.4 2016q3/bin/../lib/gcc/arm-none-eabi/5.4.1/../../../../arm-none-eabi/lib/armv7-m\libg_nano.a(lib_a-stdio.o)
                0x08007396                __sseek
 .text.__sclose
                0x080073ba        0x8 d:/program files (x86)/gnu tools arm embedded/5.4 2016q3/bin/../lib/gcc/arm-none-eabi/5.4.1/../../../../arm-none-eabi/lib/armv7-m\libg_nano.a(lib_a-stdio.o)
                0x080073ba                __sclose
 *fill*         0x080073c2        0x2 
 .text._write_r
                0x080073c4       0x24 d:/program files (x86)/gnu tools arm embedded/5.4 2016q3/bin/../lib/gcc/arm-none-eabi/5.4.1/../../../../arm-none-eabi/lib/armv7-m\libg_nano.a(lib_a-writer.o)
                0x080073c4                _write_r
 .text._close_r
                0x080073e8       0x20 d:/program files (x86)/gnu tools arm embedded/5.4 2016q3/bin/../lib/gcc/arm-none-eabi/5.4.1/../../../../arm-none-eabi/lib/armv7-m\libg_nano.a(lib_a-closer.o)
                0x080073e8                _close_r
 .text._fstat_r
                0x08007408       0x24 d:/program files (x86)/gnu tools arm embedded/5.4 2016q3/bin/../lib/gcc/arm-none-eabi/5.4.1/../../../../arm-none-eabi/lib/armv7-m\libg_nano.a(lib_a-fstatr.o)
                0x08007408                _fstat_r
 .text._isatty_r
                0x0800742c       0x20 d:/program files (x86)/gnu tools arm embedded/5.4 2016q3/bin/../lib/gcc/arm-none-eabi/5.4.1/../../../../arm-none-eabi/lib/armv7-m\libg_nano.a(lib_a-isattyr.o)
                0x0800742c                _isatty_r
 .text._lseek_r
                0x0800744c       0x24 d:/program files (x86)/gnu tools arm embedded/5.4 2016q3/bin/../lib/gcc/arm-none-eabi/5.4.1/../../../../arm-none-eabi/lib/armv7-m\libg_nano.a(lib_a-lseekr.o)
                0x0800744c                _lseek_r
 .text.__ascii_mbtowc
                0x08007470       0x24 d:/program files (x86)/gnu tools arm embedded/5.4 2016q3/bin/../lib/gcc/arm-none-eabi/5.4.1/../../../../arm-none-eabi/lib/armv7-m\libg_nano.a(lib_a-mbtowc_r.o)
                0x08007470                __ascii_mbtowc
 .text.memmove  0x08007494       0x36 d:/program files (x86)/gnu tools arm embedded/5.4 2016q3/bin/../lib/gcc/arm-none-eabi/5.4.1/../../../../arm-none-eabi/lib/armv7-m\libg_nano.a(lib_a-memmove.o)
                0x08007494                memmove
 .text.__malloc_lock
                0x080074ca        0x2 d:/program files (x86)/gnu tools arm embedded/5.4 2016q3/bin/../lib/gcc/arm-none-eabi/5.4.1/../../../../arm-none-eabi/lib/armv7-m\libg_nano.a(lib_a-mlock.o)
                0x080074ca                __malloc_lock
 .text.__malloc_unlock
                0x080074cc        0x2 d:/program files (x86)/gnu tools arm embedded/5.4 2016q3/bin/../lib/gcc/arm-none-eabi/5.4.1/../../../../arm-none-eabi/lib/armv7-m\libg_nano.a(lib_a-mlock.o)
                0x080074cc                __malloc_unlock
 .text._realloc_r
                0x080074ce       0x4c d:/program files (x86)/gnu tools arm embedded/5.4 2016q3/bin/../lib/gcc/arm-none-eabi/5.4.1/../../../../arm-none-eabi/lib/armv7-m\libg_nano.a(lib_a-nano-reallocr.o)
                0x080074ce                _realloc_r
 *fill*         0x0800751a        0x2 
 .text._read_r  0x0800751c       0x24 d:/program files (x86)/gnu tools arm embedded/5.4 2016q3/bin/../lib/gcc/arm-none-eabi/5.4.1/../../../../arm-none-eabi/lib/armv7-m\libg_nano.a(lib_a-readr.o)
                0x0800751c                _read_r
 .text.__ascii_wctomb
                0x08007540       0x1a d:/program files (x86)/gnu tools arm embedded/5.4 2016q3/bin/../lib/gcc/arm-none-eabi/5.4.1/../../../../arm-none-eabi/lib/armv7-m\libg_nano.a(lib_a-wctomb_r.o)
                0x08007540                __ascii_wctomb
 .text._malloc_usable_size_r
                0x0800755a       0x14 d:/program files (x86)/gnu tools arm embedded/5.4 2016q3/bin/../lib/gcc/arm-none-eabi/5.4.1/../../../../arm-none-eabi/lib/armv7-m\libg_nano.a(lib_a-nano-msizer.o)
                0x0800755a                _malloc_usable_size_r
 *fill*         0x0800756e        0x2 
 .text._fstat   0x08007570       0x10 d:/program files (x86)/gnu tools arm embedded/5.4 2016q3/bin/../lib/gcc/arm-none-eabi/5.4.1/../../../../arm-none-eabi/lib/armv7-m\libnosys.a(fstat.o)
                0x08007570                _fstat
 .text._sbrk    0x08007580       0x1c d:/program files (x86)/gnu tools arm embedded/5.4 2016q3/bin/../lib/gcc/arm-none-eabi/5.4.1/../../../../arm-none-eabi/lib/armv7-m\libnosys.a(sbrk.o)
                0x08007580                _sbrk
 *(.glue_7)
 .glue_7        0x0800759c        0x0 linker stubs
 *(.glue_7t)
 .glue_7t       0x0800759c        0x0 linker stubs
 *(.eh_frame)
 .eh_frame      0x0800759c        0x0 d:/program files (x86)/gnu tools arm embedded/5.4 2016q3/bin/../lib/gcc/arm-none-eabi/5.4.1/armv7-m/crtbegin.o
 *(.init)
 .init          0x0800759c        0x4 d:/program files (x86)/gnu tools arm embedded/5.4 2016q3/bin/../lib/gcc/arm-none-eabi/5.4.1/armv7-m/crti.o
                0x0800759c                _init
 .init          0x080075a0        0x8 d:/program files (x86)/gnu tools arm embedded/5.4 2016q3/bin/../lib/gcc/arm-none-eabi/5.4.1/armv7-m/crtn.o
 *(.fini)
 .fini          0x080075a8        0x4 d:/program files (x86)/gnu tools arm embedded/5.4 2016q3/bin/../lib/gcc/arm-none-eabi/5.4.1/armv7-m/crti.o
                0x080075a8                _fini
 .fini          0x080075ac        0x8 d:/program files (x86)/gnu tools arm embedded/5.4 2016q3/bin/../lib/gcc/arm-none-eabi/5.4.1/armv7-m/crtn.o
                0x080075b4                . = ALIGN (0x4)
                0x080075b4                _etext = .

.vfp11_veneer   0x080075b4        0x0
 .vfp11_veneer  0x080075b4        0x0 linker stubs

.v4_bx          0x080075b4        0x0
 .v4_bx         0x080075b4        0x0 linker stubs

.iplt           0x080075b4        0x0
 .iplt          0x080075b4        0x0 d:/program files (x86)/gnu tools arm embedded/5.4 2016q3/bin/../lib/gcc/arm-none-eabi/5.4.1/armv7-m/crtbegin.o

.rodata         0x080075b8      0xb20
                0x080075b8                . = ALIGN (0x4)
 *(.rodata)
 *(.rodata*)
 .rodata.iot_sha1_padding
                0x080075b8       0x40 CMakeFiles/IOTLink.elf.dir/ALINK/HMAC/utils_sha1.c.obj
 .rodata.str1.4
                0x080075f8      0x34e CMakeFiles/IOTLink.elf.dir/ALINK/Src/connect.c.obj
 *fill*         0x08007946        0x2 
 .rodata.str1.4
                0x08007948      0x145 CMakeFiles/IOTLink.elf.dir/ALINK/Src/mqtt.c.obj
 *fill*         0x08007a8d        0x3 
 .rodata.str1.4
                0x08007a90       0x10 CMakeFiles/IOTLink.elf.dir/ALINK/Src/timer3.c.obj
 .rodata.str1.4
                0x08007aa0      0x2dc CMakeFiles/IOTLink.elf.dir/ALINK/Src/wifi.c.obj
                                0x2e0 (size before relaxing)
 .rodata.str1.4
                0x08007d7c       0x9c CMakeFiles/IOTLink.elf.dir/USER/Src/main.c.obj
                                 0xcd (size before relaxing)
 .rodata._global_impure_ptr
                0x08007e18        0x4 d:/program files (x86)/gnu tools arm embedded/5.4 2016q3/bin/../lib/gcc/arm-none-eabi/5.4.1/../../../../arm-none-eabi/lib/armv7-m\libg_nano.a(lib_a-impure.o)
                0x08007e18                _global_impure_ptr
 .rodata.str1.1
                0x08007e1c       0x12 d:/program files (x86)/gnu tools arm embedded/5.4 2016q3/bin/../lib/gcc/arm-none-eabi/5.4.1/../../../../arm-none-eabi/lib/armv7-m\libg_nano.a(lib_a-nano-vfprintf_float.o)
 .rodata.str1.1
                0x08007e2e       0x22 d:/program files (x86)/gnu tools arm embedded/5.4 2016q3/bin/../lib/gcc/arm-none-eabi/5.4.1/../../../../arm-none-eabi/lib/armv7-m\libg_nano.a(lib_a-nano-vfprintf_i.o)
 .rodata.str1.1
                0x08007e50        0xd d:/program files (x86)/gnu tools arm embedded/5.4 2016q3/bin/../lib/gcc/arm-none-eabi/5.4.1/../../../../arm-none-eabi/lib/armv7-m\libg_nano.a(lib_a-dtoa.o)
                                  0xf (size before relaxing)
 *fill*         0x08007e5d        0x3 
 .rodata.__sf_fake_stdin
                0x08007e60       0x20 d:/program files (x86)/gnu tools arm embedded/5.4 2016q3/bin/../lib/gcc/arm-none-eabi/5.4.1/../../../../arm-none-eabi/lib/armv7-m\libg_nano.a(lib_a-findfp.o)
                0x08007e60                __sf_fake_stdin
 .rodata.__sf_fake_stdout
                0x08007e80       0x20 d:/program files (x86)/gnu tools arm embedded/5.4 2016q3/bin/../lib/gcc/arm-none-eabi/5.4.1/../../../../arm-none-eabi/lib/armv7-m\libg_nano.a(lib_a-findfp.o)
                0x08007e80                __sf_fake_stdout
 .rodata.__sf_fake_stderr
                0x08007ea0       0x20 d:/program files (x86)/gnu tools arm embedded/5.4 2016q3/bin/../lib/gcc/arm-none-eabi/5.4.1/../../../../arm-none-eabi/lib/armv7-m\libg_nano.a(lib_a-findfp.o)
                0x08007ea0                __sf_fake_stderr
 .rodata.__mprec_tens
                0x08007ec0       0xc8 d:/program files (x86)/gnu tools arm embedded/5.4 2016q3/bin/../lib/gcc/arm-none-eabi/5.4.1/../../../../arm-none-eabi/lib/armv7-m\libg_nano.a(lib_a-mprec.o)
                0x08007ec0                __mprec_tens
 .rodata.__mprec_bigtens
                0x08007f88       0x28 d:/program files (x86)/gnu tools arm embedded/5.4 2016q3/bin/../lib/gcc/arm-none-eabi/5.4.1/../../../../arm-none-eabi/lib/armv7-m\libg_nano.a(lib_a-mprec.o)
                0x08007f88                __mprec_bigtens
 .rodata.p05.6097
                0x08007fb0        0xc d:/program files (x86)/gnu tools arm embedded/5.4 2016q3/bin/../lib/gcc/arm-none-eabi/5.4.1/../../../../arm-none-eabi/lib/armv7-m\libg_nano.a(lib_a-mprec.o)
 .rodata.str1.1
                0x08007fbc       0x11 d:/program files (x86)/gnu tools arm embedded/5.4 2016q3/bin/../lib/gcc/arm-none-eabi/5.4.1/../../../../arm-none-eabi/lib/armv7-m\libg_nano.a(lib_a-nano-svfprintf.o)
 .rodata.str1.1
                0x08007fcd       0x11 d:/program files (x86)/gnu tools arm embedded/5.4 2016q3/bin/../lib/gcc/arm-none-eabi/5.4.1/../../../../arm-none-eabi/lib/armv7-m\libg_nano.a(lib_a-nano-vfprintf.o)
 .rodata.str1.1
                0x08007fcd        0xa d:/program files (x86)/gnu tools arm embedded/5.4 2016q3/bin/../lib/gcc/arm-none-eabi/5.4.1/../../../../arm-none-eabi/lib/armv7-m\libg_nano.a(lib_a-locale.o)
                                  0xb (size before relaxing)
 .rodata._ctype_
                0x08007fd7      0x101 d:/program files (x86)/gnu tools arm embedded/5.4 2016q3/bin/../lib/gcc/arm-none-eabi/5.4.1/../../../../arm-none-eabi/lib/armv7-m\libg_nano.a(lib_a-ctype_.o)
                0x08007fd7                _ctype_
                0x080080d8                . = ALIGN (0x4)

.rel.dyn        0x080080d8        0x0
 .rel.iplt      0x080080d8        0x0 d:/program files (x86)/gnu tools arm embedded/5.4 2016q3/bin/../lib/gcc/arm-none-eabi/5.4.1/armv7-m/crtbegin.o

.ARM.extab      0x080080d8        0x0
                0x080080d8                . = ALIGN (0x4)
 *(.ARM.extab* .gnu.linkonce.armextab.*)
                0x080080d8                . = ALIGN (0x4)

.ARM            0x080080d8        0x0
                0x080080d8                . = ALIGN (0x4)
                0x080080d8                __exidx_start = .
 *(.ARM.exidx*)
                0x080080d8                __exidx_end = .
                0x080080d8                . = ALIGN (0x4)

.preinit_array  0x080080d8        0x0
                0x080080d8                . = ALIGN (0x4)
                0x080080d8                PROVIDE (__preinit_array_start, .)
 *(.preinit_array*)
                0x080080d8                PROVIDE (__preinit_array_end, .)
                0x080080d8                . = ALIGN (0x4)

.init_array     0x080080d8        0x4
                0x080080d8                . = ALIGN (0x4)
                0x080080d8                PROVIDE (__init_array_start, .)
 *(SORT(.init_array.*))
 *(.init_array*)
 .init_array    0x080080d8        0x4 d:/program files (x86)/gnu tools arm embedded/5.4 2016q3/bin/../lib/gcc/arm-none-eabi/5.4.1/armv7-m/crtbegin.o
                0x080080dc                PROVIDE (__init_array_end, .)
                0x080080dc                . = ALIGN (0x4)

.fini_array     0x080080dc        0x4
                0x080080dc                . = ALIGN (0x4)
                [!provide]                PROVIDE (__fini_array_start, .)
 *(SORT(.fini_array.*))
 *(.fini_array*)
 .fini_array    0x080080dc        0x4 d:/program files (x86)/gnu tools arm embedded/5.4 2016q3/bin/../lib/gcc/arm-none-eabi/5.4.1/armv7-m/crtbegin.o
                [!provide]                PROVIDE (__fini_array_end, .)
                0x080080e0                . = ALIGN (0x4)
                0x080080e0                _sidata = LOADADDR (.data)

.data           0x20000000      0x24c load address 0x080080e0
                0x20000000                . = ALIGN (0x4)
                0x20000000                _sdata = .
 *(.data)
 *(.data*)
 .data.ADCPrescTable
                0x20000000        0x4 CMakeFiles/IOTLink.elf.dir/STM32F10x_FWLib/Src/stm32f10x_rcc.c.obj
 .data.APBAHBPrescTable
                0x20000004       0x10 CMakeFiles/IOTLink.elf.dir/STM32F10x_FWLib/Src/stm32f10x_rcc.c.obj
 .data.format   0x20000014       0x62 CMakeFiles/IOTLink.elf.dir/USER/Src/main.c.obj
                0x20000014                format
 *fill*         0x20000076        0x2 
 .data.SystemCoreClock
                0x20000078        0x4 CMakeFiles/IOTLink.elf.dir/USER/Src/system_stm32f10x.c.obj
                0x20000078                SystemCoreClock
 .data.impure_data
                0x2000007c       0x60 d:/program files (x86)/gnu tools arm embedded/5.4 2016q3/bin/../lib/gcc/arm-none-eabi/5.4.1/../../../../arm-none-eabi/lib/armv7-m\libg_nano.a(lib_a-impure.o)
 .data._impure_ptr
                0x200000dc        0x4 d:/program files (x86)/gnu tools arm embedded/5.4 2016q3/bin/../lib/gcc/arm-none-eabi/5.4.1/../../../../arm-none-eabi/lib/armv7-m\libg_nano.a(lib_a-impure.o)
                0x200000dc                _impure_ptr
 .data.__global_locale
                0x200000e0      0x16c d:/program files (x86)/gnu tools arm embedded/5.4 2016q3/bin/../lib/gcc/arm-none-eabi/5.4.1/../../../../arm-none-eabi/lib/armv7-m\libg_nano.a(lib_a-locale.o)
                0x200000e0                __global_locale
 *(.RamFunc)
 *(.RamFunc*)
                0x2000024c                . = ALIGN (0x4)
                0x2000024c                _edata = .

.jcr            0x2000024c        0x0 load address 0x0800832c
 .jcr           0x2000024c        0x0 d:/program files (x86)/gnu tools arm embedded/5.4 2016q3/bin/../lib/gcc/arm-none-eabi/5.4.1/armv7-m/crtbegin.o

.igot.plt       0x2000024c        0x0 load address 0x0800832c
 .igot.plt      0x2000024c        0x0 d:/program files (x86)/gnu tools arm embedded/5.4 2016q3/bin/../lib/gcc/arm-none-eabi/5.4.1/armv7-m/crtbegin.o
                0x2000024c                . = ALIGN (0x4)

.bss            0x2000024c     0x43c4 load address 0x0800832c
                0x2000024c                _sbss = .
                0x2000024c                __bss_start__ = _sbss
 *(.bss)
 .bss           0x2000024c       0x1c d:/program files (x86)/gnu tools arm embedded/5.4 2016q3/bin/../lib/gcc/arm-none-eabi/5.4.1/armv7-m/crtbegin.o
 *(.bss*)
 .bss.MQTT_RxDataBuf
                0x20000268     0x1000 CMakeFiles/IOTLink.elf.dir/ALINK/Src/mqtt.c.obj
                0x20000268                MQTT_RxDataBuf
 .bss.MQTT_TxDataInPtr
                0x20001268        0x4 CMakeFiles/IOTLink.elf.dir/ALINK/Src/mqtt.c.obj
                0x20001268                MQTT_TxDataInPtr
 .bss.MQTT_TxDataEndPtr
                0x2000126c        0x4 CMakeFiles/IOTLink.elf.dir/ALINK/Src/mqtt.c.obj
                0x2000126c                MQTT_TxDataEndPtr
 .bss.ConnectPack_flag
                0x20001270        0x1 CMakeFiles/IOTLink.elf.dir/ALINK/Src/mqtt.c.obj
                0x20001270                ConnectPack_flag
 *fill*         0x20001271        0x3 
 .bss.ClientID_len
                0x20001274        0x4 CMakeFiles/IOTLink.elf.dir/ALINK/Src/mqtt.c.obj
                0x20001274                ClientID_len
 .bss.ClientID  0x20001278       0x80 CMakeFiles/IOTLink.elf.dir/ALINK/Src/mqtt.c.obj
                0x20001278                ClientID
 .bss.ServerPort
                0x200012f8        0x4 CMakeFiles/IOTLink.elf.dir/ALINK/Src/mqtt.c.obj
                0x200012f8                ServerPort
 .bss.MQTT_RxDataEndPtr
                0x200012fc        0x4 CMakeFiles/IOTLink.elf.dir/ALINK/Src/mqtt.c.obj
                0x200012fc                MQTT_RxDataEndPtr
 .bss.Username_len
                0x20001300        0x4 CMakeFiles/IOTLink.elf.dir/ALINK/Src/mqtt.c.obj
                0x20001300                Username_len
 .bss.MQTT_CMDBuf
                0x20001304     0x1000 CMakeFiles/IOTLink.elf.dir/ALINK/Src/mqtt.c.obj
                0x20001304                MQTT_CMDBuf
 .bss.SubcribePack_flag
                0x20002304        0x1 CMakeFiles/IOTLink.elf.dir/ALINK/Src/mqtt.c.obj
                0x20002304                SubcribePack_flag
 *fill*         0x20002305        0x3 
 .bss.MQTT_CMDEndPtr
                0x20002308        0x4 CMakeFiles/IOTLink.elf.dir/ALINK/Src/mqtt.c.obj
                0x20002308                MQTT_CMDEndPtr
 .bss.Passward_len
                0x2000230c        0x4 CMakeFiles/IOTLink.elf.dir/ALINK/Src/mqtt.c.obj
                0x2000230c                Passward_len
 .bss.MQTT_TxDataOutPtr
                0x20002310        0x4 CMakeFiles/IOTLink.elf.dir/ALINK/Src/mqtt.c.obj
                0x20002310                MQTT_TxDataOutPtr
 .bss.Connect_flag
                0x20002314        0x1 CMakeFiles/IOTLink.elf.dir/ALINK/Src/mqtt.c.obj
                0x20002314                Connect_flag
 *fill*         0x20002315        0x3 
 .bss.Username  0x20002318       0x80 CMakeFiles/IOTLink.elf.dir/ALINK/Src/mqtt.c.obj
                0x20002318                Username
 .bss.temp_buff
                0x20002398      0x200 CMakeFiles/IOTLink.elf.dir/ALINK/Src/mqtt.c.obj
                0x20002398                temp_buff
 .bss.MQTT_RxDataOutPtr
                0x20002598        0x4 CMakeFiles/IOTLink.elf.dir/ALINK/Src/mqtt.c.obj
                0x20002598                MQTT_RxDataOutPtr
 .bss.Passward  0x2000259c       0x80 CMakeFiles/IOTLink.elf.dir/ALINK/Src/mqtt.c.obj
                0x2000259c                Passward
 .bss.Variable_len
                0x2000261c        0x4 CMakeFiles/IOTLink.elf.dir/ALINK/Src/mqtt.c.obj
                0x2000261c                Variable_len
 .bss.ServerIP  0x20002620       0x80 CMakeFiles/IOTLink.elf.dir/ALINK/Src/mqtt.c.obj
                0x20002620                ServerIP
 .bss.Ping_flag
                0x200026a0        0x1 CMakeFiles/IOTLink.elf.dir/ALINK/Src/mqtt.c.obj
                0x200026a0                Ping_flag
 *fill*         0x200026a1        0x3 
 .bss.MQTT_CMDOutPtr
                0x200026a4        0x4 CMakeFiles/IOTLink.elf.dir/ALINK/Src/mqtt.c.obj
                0x200026a4                MQTT_CMDOutPtr
 .bss.MQTT_TxDataBuf
                0x200026a8     0x1000 CMakeFiles/IOTLink.elf.dir/ALINK/Src/mqtt.c.obj
                0x200026a8                MQTT_TxDataBuf
 .bss.Fixed_len
                0x200036a8        0x4 CMakeFiles/IOTLink.elf.dir/ALINK/Src/mqtt.c.obj
                0x200036a8                Fixed_len
 .bss.Payload_len
                0x200036ac        0x4 CMakeFiles/IOTLink.elf.dir/ALINK/Src/mqtt.c.obj
                0x200036ac                Payload_len
 .bss.MQTT_CMDInPtr
                0x200036b0        0x4 CMakeFiles/IOTLink.elf.dir/ALINK/Src/mqtt.c.obj
                0x200036b0                MQTT_CMDInPtr
 .bss.MQTT_RxDataInPtr
                0x200036b4        0x4 CMakeFiles/IOTLink.elf.dir/ALINK/Src/mqtt.c.obj
                0x200036b4                MQTT_RxDataInPtr
 .bss.Usart2_RxCounter
                0x200036b8        0x4 CMakeFiles/IOTLink.elf.dir/ALINK/Src/usart2.c.obj
                0x200036b8                Usart2_RxCounter
 .bss.Usart2_RxBuff
                0x200036bc      0x400 CMakeFiles/IOTLink.elf.dir/ALINK/Src/usart2.c.obj
                0x200036bc                Usart2_RxBuff
 .bss.USART2_TxBuff
                0x20003abc      0x400 CMakeFiles/IOTLink.elf.dir/ALINK/Src/usart2.c.obj
                0x20003abc                USART2_TxBuff
 .bss.restore   0x20003ebc        0x1 CMakeFiles/IOTLink.elf.dir/ALINK/Src/wifi.c.obj
                0x20003ebc                restore
 .bss.fac_us    0x20003ebd        0x1 CMakeFiles/IOTLink.elf.dir/SYSTEM/Src/delay.c.obj
 .bss.fac_ms    0x20003ebe        0x2 CMakeFiles/IOTLink.elf.dir/SYSTEM/Src/delay.c.obj
 .bss.USART_RX_BUF
                0x20003ec0       0xc8 CMakeFiles/IOTLink.elf.dir/SYSTEM/Src/usart.c.obj
                0x20003ec0                USART_RX_BUF
 .bss.USART_RX_STA
                0x20003f88        0x2 CMakeFiles/IOTLink.elf.dir/SYSTEM/Src/usart.c.obj
                0x20003f88                USART_RX_STA
 *fill*         0x20003f8a        0x2 
 .bss.G_uart    0x20003f8c        0x4 CMakeFiles/IOTLink.elf.dir/SYSTEM/Src/usart.c.obj
                0x20003f8c                G_uart
 .bss.soil      0x20003f90        0x4 CMakeFiles/IOTLink.elf.dir/USER/Src/main.c.obj
                0x20003f90                soil
 .bss.temperature
                0x20003f94        0x1 CMakeFiles/IOTLink.elf.dir/USER/Src/main.c.obj
                0x20003f94                temperature
 *fill*         0x20003f95        0x1 
 .bss.light     0x20003f96        0x2 CMakeFiles/IOTLink.elf.dir/USER/Src/main.c.obj
                0x20003f96                light
 .bss.t         0x20003f98        0x1 CMakeFiles/IOTLink.elf.dir/USER/Src/main.c.obj
                0x20003f98                t
 .bss.humidity  0x20003f99        0x1 CMakeFiles/IOTLink.elf.dir/USER/Src/main.c.obj
                0x20003f99                humidity
 *fill*         0x20003f9a        0x2 
 .bss.temp      0x20003f9c      0x600 CMakeFiles/IOTLink.elf.dir/USER/Src/main.c.obj
                0x20003f9c                temp
 .bss.temp_buf  0x2000459c       0x60 CMakeFiles/IOTLink.elf.dir/USER/Src/main.c.obj
                0x2000459c                temp_buf
 .bss.adcx      0x200045fc        0x2 CMakeFiles/IOTLink.elf.dir/USER/Src/main.c.obj
                0x200045fc                adcx
 *fill*         0x200045fe        0x2 
 .bss.__malloc_sbrk_start
                0x20004600        0x4 d:/program files (x86)/gnu tools arm embedded/5.4 2016q3/bin/../lib/gcc/arm-none-eabi/5.4.1/../../../../arm-none-eabi/lib/armv7-m\libg_nano.a(lib_a-nano-mallocr.o)
                0x20004600                __malloc_sbrk_start
 .bss.__malloc_free_list
                0x20004604        0x4 d:/program files (x86)/gnu tools arm embedded/5.4 2016q3/bin/../lib/gcc/arm-none-eabi/5.4.1/../../../../arm-none-eabi/lib/armv7-m\libg_nano.a(lib_a-nano-mallocr.o)
                0x20004604                __malloc_free_list
 .bss.heap_end.4167
                0x20004608        0x4 d:/program files (x86)/gnu tools arm embedded/5.4 2016q3/bin/../lib/gcc/arm-none-eabi/5.4.1/../../../../arm-none-eabi/lib/armv7-m\libnosys.a(sbrk.o)
 *(COMMON)
 COMMON         0x2000460c        0x4 d:/program files (x86)/gnu tools arm embedded/5.4 2016q3/bin/../lib/gcc/arm-none-eabi/5.4.1/../../../../arm-none-eabi/lib/armv7-m\libg_nano.a(lib_a-reent.o)
                0x2000460c                errno
                0x20004610                . = ALIGN (0x4)
                0x20004610                _ebss = .
                0x20004610                __bss_end__ = _ebss

._user_heap_stack
                0x20004610      0x600 load address 0x0800832c
                0x20004610                . = ALIGN (0x8)
                0x20004610                PROVIDE (end, .)
                [!provide]                PROVIDE (_end, .)
                0x20004810                . = (. + _Min_Heap_Size)
 *fill*         0x20004610      0x200 
                0x20004c10                . = (. + _Min_Stack_Size)
 *fill*         0x20004810      0x400 
                0x20004c10                . = ALIGN (0x8)

/DISCARD/
 libc.a(*)
 libm.a(*)
 libgcc.a(*)

.ARM.attributes
                0x00000000       0x29
 *(.ARM.attributes)
 .ARM.attributes
                0x00000000       0x1d d:/program files (x86)/gnu tools arm embedded/5.4 2016q3/bin/../lib/gcc/arm-none-eabi/5.4.1/armv7-m/crti.o
 .ARM.attributes
                0x0000001d       0x2d d:/program files (x86)/gnu tools arm embedded/5.4 2016q3/bin/../lib/gcc/arm-none-eabi/5.4.1/armv7-m/crtbegin.o
 .ARM.attributes
                0x0000004a       0x33 CMakeFiles/IOTLink.elf.dir/ALINK/HMAC/utils_hmac.c.obj
 .ARM.attributes
                0x0000007d       0x33 CMakeFiles/IOTLink.elf.dir/ALINK/HMAC/utils_md5.c.obj
 .ARM.attributes
                0x000000b0       0x33 CMakeFiles/IOTLink.elf.dir/ALINK/HMAC/utils_sha1.c.obj
 .ARM.attributes
                0x000000e3       0x33 CMakeFiles/IOTLink.elf.dir/ALINK/Src/connect.c.obj
 .ARM.attributes
                0x00000116       0x33 CMakeFiles/IOTLink.elf.dir/ALINK/Src/mqtt.c.obj
 .ARM.attributes
                0x00000149       0x33 CMakeFiles/IOTLink.elf.dir/ALINK/Src/timer1.c.obj
 .ARM.attributes
                0x0000017c       0x33 CMakeFiles/IOTLink.elf.dir/ALINK/Src/timer3.c.obj
 .ARM.attributes
                0x000001af       0x33 CMakeFiles/IOTLink.elf.dir/ALINK/Src/timer4.c.obj
 .ARM.attributes
                0x000001e2       0x33 CMakeFiles/IOTLink.elf.dir/ALINK/Src/usart2.c.obj
 .ARM.attributes
                0x00000215       0x33 CMakeFiles/IOTLink.elf.dir/ALINK/Src/wifi.c.obj
 .ARM.attributes
                0x00000248       0x33 CMakeFiles/IOTLink.elf.dir/HARDWARE/Src/adc.c.obj
 .ARM.attributes
                0x0000027b       0x33 CMakeFiles/IOTLink.elf.dir/HARDWARE/Src/beep.c.obj
 .ARM.attributes
                0x000002ae       0x33 CMakeFiles/IOTLink.elf.dir/HARDWARE/Src/dht11.c.obj
 .ARM.attributes
                0x000002e1       0x33 CMakeFiles/IOTLink.elf.dir/HARDWARE/Src/exti.c.obj
 .ARM.attributes
                0x00000314       0x33 CMakeFiles/IOTLink.elf.dir/HARDWARE/Src/led.c.obj
 .ARM.attributes
                0x00000347       0x33 CMakeFiles/IOTLink.elf.dir/HARDWARE/Src/timer.c.obj
 .ARM.attributes
                0x0000037a       0x33 CMakeFiles/IOTLink.elf.dir/STM32F10x_FWLib/Src/misc.c.obj
 .ARM.attributes
                0x000003ad       0x33 CMakeFiles/IOTLink.elf.dir/STM32F10x_FWLib/Src/stm32f10x_adc.c.obj
 .ARM.attributes
                0x000003e0       0x33 CMakeFiles/IOTLink.elf.dir/STM32F10x_FWLib/Src/stm32f10x_exti.c.obj
 .ARM.attributes
                0x00000413       0x33 CMakeFiles/IOTLink.elf.dir/STM32F10x_FWLib/Src/stm32f10x_gpio.c.obj
 .ARM.attributes
                0x00000446       0x33 CMakeFiles/IOTLink.elf.dir/STM32F10x_FWLib/Src/stm32f10x_rcc.c.obj
 .ARM.attributes
                0x00000479       0x33 CMakeFiles/IOTLink.elf.dir/STM32F10x_FWLib/Src/stm32f10x_tim.c.obj
 .ARM.attributes
                0x000004ac       0x33 CMakeFiles/IOTLink.elf.dir/STM32F10x_FWLib/Src/stm32f10x_usart.c.obj
 .ARM.attributes
                0x000004df       0x33 CMakeFiles/IOTLink.elf.dir/SYSTEM/Src/delay.c.obj
 .ARM.attributes
                0x00000512       0x33 CMakeFiles/IOTLink.elf.dir/SYSTEM/Src/usart.c.obj
 .ARM.attributes
                0x00000545       0x21 CMakeFiles/IOTLink.elf.dir/Startup/startup_stm32f103rbtx.s.obj
 .ARM.attributes
                0x00000566       0x33 CMakeFiles/IOTLink.elf.dir/USER/Src/main.c.obj
 .ARM.attributes
                0x00000599       0x33 CMakeFiles/IOTLink.elf.dir/USER/Src/stm32f10x_it.c.obj
 .ARM.attributes
                0x000005cc       0x33 CMakeFiles/IOTLink.elf.dir/USER/Src/system_stm32f10x.c.obj
 .ARM.attributes
                0x000005ff       0x1d d:/program files (x86)/gnu tools arm embedded/5.4 2016q3/bin/../lib/gcc/arm-none-eabi/5.4.1/armv7-m\libgcc.a(_arm_addsubdf3.o)
 .ARM.attributes
                0x0000061c       0x1d d:/program files (x86)/gnu tools arm embedded/5.4 2016q3/bin/../lib/gcc/arm-none-eabi/5.4.1/armv7-m\libgcc.a(_arm_muldivdf3.o)
 .ARM.attributes
                0x00000639       0x1d d:/program files (x86)/gnu tools arm embedded/5.4 2016q3/bin/../lib/gcc/arm-none-eabi/5.4.1/armv7-m\libgcc.a(_arm_fixunsdfsi.o)
 .ARM.attributes
                0x00000656       0x1d d:/program files (x86)/gnu tools arm embedded/5.4 2016q3/bin/../lib/gcc/arm-none-eabi/5.4.1/armv7-m\libgcc.a(_arm_addsubsf3.o)
 .ARM.attributes
                0x00000673       0x1d d:/program files (x86)/gnu tools arm embedded/5.4 2016q3/bin/../lib/gcc/arm-none-eabi/5.4.1/armv7-m\libgcc.a(_arm_muldivsf3.o)
 .ARM.attributes
                0x00000690       0x2d d:/program files (x86)/gnu tools arm embedded/5.4 2016q3/bin/../lib/gcc/arm-none-eabi/5.4.1/../../../../arm-none-eabi/lib/armv7-m\libg_nano.a(lib_a-impure.o)
 .ARM.attributes
                0x000006bd       0x2d d:/program files (x86)/gnu tools arm embedded/5.4 2016q3/bin/../lib/gcc/arm-none-eabi/5.4.1/../../../../arm-none-eabi/lib/armv7-m\libg_nano.a(lib_a-init.o)
 .ARM.attributes
                0x000006ea       0x2d d:/program files (x86)/gnu tools arm embedded/5.4 2016q3/bin/../lib/gcc/arm-none-eabi/5.4.1/../../../../arm-none-eabi/lib/armv7-m\libg_nano.a(lib_a-memcpy-stub.o)
 .ARM.attributes
                0x00000717       0x2d d:/program files (x86)/gnu tools arm embedded/5.4 2016q3/bin/../lib/gcc/arm-none-eabi/5.4.1/../../../../arm-none-eabi/lib/armv7-m\libg_nano.a(lib_a-memset.o)
 .ARM.attributes
                0x00000744       0x2d d:/program files (x86)/gnu tools arm embedded/5.4 2016q3/bin/../lib/gcc/arm-none-eabi/5.4.1/../../../../arm-none-eabi/lib/armv7-m\libg_nano.a(lib_a-nano-vfprintf_float.o)
 .ARM.attributes
                0x00000771       0x2d d:/program files (x86)/gnu tools arm embedded/5.4 2016q3/bin/../lib/gcc/arm-none-eabi/5.4.1/../../../../arm-none-eabi/lib/armv7-m\libg_nano.a(lib_a-nano-vfprintf_i.o)
 .ARM.attributes
                0x0000079e       0x2d d:/program files (x86)/gnu tools arm embedded/5.4 2016q3/bin/../lib/gcc/arm-none-eabi/5.4.1/../../../../arm-none-eabi/lib/armv7-m\libg_nano.a(lib_a-printf.o)
 .ARM.attributes
                0x000007cb       0x2d d:/program files (x86)/gnu tools arm embedded/5.4 2016q3/bin/../lib/gcc/arm-none-eabi/5.4.1/../../../../arm-none-eabi/lib/armv7-m\libg_nano.a(lib_a-puts.o)
 .ARM.attributes
                0x000007f8       0x2d d:/program files (x86)/gnu tools arm embedded/5.4 2016q3/bin/../lib/gcc/arm-none-eabi/5.4.1/../../../../arm-none-eabi/lib/armv7-m\libg_nano.a(lib_a-setvbuf.o)
 .ARM.attributes
                0x00000825       0x2d d:/program files (x86)/gnu tools arm embedded/5.4 2016q3/bin/../lib/gcc/arm-none-eabi/5.4.1/../../../../arm-none-eabi/lib/armv7-m\libg_nano.a(lib_a-sprintf.o)
 .ARM.attributes
                0x00000852       0x17 d:/program files (x86)/gnu tools arm embedded/5.4 2016q3/bin/../lib/gcc/arm-none-eabi/5.4.1/../../../../arm-none-eabi/lib/armv7-m\libg_nano.a(lib_a-strlen.o)
 .ARM.attributes
                0x00000869       0x2d d:/program files (x86)/gnu tools arm embedded/5.4 2016q3/bin/../lib/gcc/arm-none-eabi/5.4.1/../../../../arm-none-eabi/lib/armv7-m\libg_nano.a(lib_a-strstr.o)
 .ARM.attributes
                0x00000896       0x2d d:/program files (x86)/gnu tools arm embedded/5.4 2016q3/bin/../lib/gcc/arm-none-eabi/5.4.1/../../../../arm-none-eabi/lib/armv7-m\libg_nano.a(lib_a-vsprintf.o)
 .ARM.attributes
                0x000008c3       0x2d d:/program files (x86)/gnu tools arm embedded/5.4 2016q3/bin/../lib/gcc/arm-none-eabi/5.4.1/../../../../arm-none-eabi/lib/armv7-m\libg_nano.a(lib_a-wbuf.o)
 .ARM.attributes
                0x000008f0       0x2d d:/program files (x86)/gnu tools arm embedded/5.4 2016q3/bin/../lib/gcc/arm-none-eabi/5.4.1/../../../../arm-none-eabi/lib/armv7-m\libg_nano.a(lib_a-wsetup.o)
 .ARM.attributes
                0x0000091d       0x2d d:/program files (x86)/gnu tools arm embedded/5.4 2016q3/bin/../lib/gcc/arm-none-eabi/5.4.1/../../../../arm-none-eabi/lib/armv7-m\libg_nano.a(lib_a-dtoa.o)
 .ARM.attributes
                0x0000094a       0x2d d:/program files (x86)/gnu tools arm embedded/5.4 2016q3/bin/../lib/gcc/arm-none-eabi/5.4.1/../../../../arm-none-eabi/lib/armv7-m\libg_nano.a(lib_a-fflush.o)
 .ARM.attributes
                0x00000977       0x2d d:/program files (x86)/gnu tools arm embedded/5.4 2016q3/bin/../lib/gcc/arm-none-eabi/5.4.1/../../../../arm-none-eabi/lib/armv7-m\libg_nano.a(lib_a-findfp.o)
 .ARM.attributes
                0x000009a4       0x2d d:/program files (x86)/gnu tools arm embedded/5.4 2016q3/bin/../lib/gcc/arm-none-eabi/5.4.1/../../../../arm-none-eabi/lib/armv7-m\libg_nano.a(lib_a-fwalk.o)
 .ARM.attributes
                0x000009d1       0x2d d:/program files (x86)/gnu tools arm embedded/5.4 2016q3/bin/../lib/gcc/arm-none-eabi/5.4.1/../../../../arm-none-eabi/lib/armv7-m\libg_nano.a(lib_a-localeconv.o)
 .ARM.attributes
                0x000009fe       0x2d d:/program files (x86)/gnu tools arm embedded/5.4 2016q3/bin/../lib/gcc/arm-none-eabi/5.4.1/../../../../arm-none-eabi/lib/armv7-m\libg_nano.a(lib_a-makebuf.o)
 .ARM.attributes
                0x00000a2b       0x2d d:/program files (x86)/gnu tools arm embedded/5.4 2016q3/bin/../lib/gcc/arm-none-eabi/5.4.1/../../../../arm-none-eabi/lib/armv7-m\libg_nano.a(lib_a-malloc.o)
 .ARM.attributes
                0x00000a58       0x2d d:/program files (x86)/gnu tools arm embedded/5.4 2016q3/bin/../lib/gcc/arm-none-eabi/5.4.1/../../../../arm-none-eabi/lib/armv7-m\libg_nano.a(lib_a-memchr-stub.o)
 .ARM.attributes
                0x00000a85       0x2d d:/program files (x86)/gnu tools arm embedded/5.4 2016q3/bin/../lib/gcc/arm-none-eabi/5.4.1/../../../../arm-none-eabi/lib/armv7-m\libg_nano.a(lib_a-mprec.o)
 .ARM.attributes
                0x00000ab2       0x2d d:/program files (x86)/gnu tools arm embedded/5.4 2016q3/bin/../lib/gcc/arm-none-eabi/5.4.1/../../../../arm-none-eabi/lib/armv7-m\libg_nano.a(lib_a-nano-callocr.o)
 .ARM.attributes
                0x00000adf       0x2d d:/program files (x86)/gnu tools arm embedded/5.4 2016q3/bin/../lib/gcc/arm-none-eabi/5.4.1/../../../../arm-none-eabi/lib/armv7-m\libg_nano.a(lib_a-nano-freer.o)
 .ARM.attributes
                0x00000b0c       0x2d d:/program files (x86)/gnu tools arm embedded/5.4 2016q3/bin/../lib/gcc/arm-none-eabi/5.4.1/../../../../arm-none-eabi/lib/armv7-m\libg_nano.a(lib_a-nano-mallocr.o)
 .ARM.attributes
                0x00000b39       0x2d d:/program files (x86)/gnu tools arm embedded/5.4 2016q3/bin/../lib/gcc/arm-none-eabi/5.4.1/../../../../arm-none-eabi/lib/armv7-m\libg_nano.a(lib_a-nano-svfprintf.o)
 .ARM.attributes
                0x00000b66       0x2d d:/program files (x86)/gnu tools arm embedded/5.4 2016q3/bin/../lib/gcc/arm-none-eabi/5.4.1/../../../../arm-none-eabi/lib/armv7-m\libg_nano.a(lib_a-nano-vfprintf.o)
 .ARM.attributes
                0x00000b93       0x2d d:/program files (x86)/gnu tools arm embedded/5.4 2016q3/bin/../lib/gcc/arm-none-eabi/5.4.1/../../../../arm-none-eabi/lib/armv7-m\libg_nano.a(lib_a-sbrkr.o)
 .ARM.attributes
                0x00000bc0       0x2d d:/program files (x86)/gnu tools arm embedded/5.4 2016q3/bin/../lib/gcc/arm-none-eabi/5.4.1/../../../../arm-none-eabi/lib/armv7-m\libg_nano.a(lib_a-stdio.o)
 .ARM.attributes
                0x00000bed       0x2d d:/program files (x86)/gnu tools arm embedded/5.4 2016q3/bin/../lib/gcc/arm-none-eabi/5.4.1/../../../../arm-none-eabi/lib/armv7-m\libg_nano.a(lib_a-writer.o)
 .ARM.attributes
                0x00000c1a       0x2d d:/program files (x86)/gnu tools arm embedded/5.4 2016q3/bin/../lib/gcc/arm-none-eabi/5.4.1/../../../../arm-none-eabi/lib/armv7-m\libg_nano.a(lib_a-closer.o)
 .ARM.attributes
                0x00000c47       0x2d d:/program files (x86)/gnu tools arm embedded/5.4 2016q3/bin/../lib/gcc/arm-none-eabi/5.4.1/../../../../arm-none-eabi/lib/armv7-m\libg_nano.a(lib_a-fstatr.o)
 .ARM.attributes
                0x00000c74       0x2d d:/program files (x86)/gnu tools arm embedded/5.4 2016q3/bin/../lib/gcc/arm-none-eabi/5.4.1/../../../../arm-none-eabi/lib/armv7-m\libg_nano.a(lib_a-isattyr.o)
 .ARM.attributes
                0x00000ca1       0x2d d:/program files (x86)/gnu tools arm embedded/5.4 2016q3/bin/../lib/gcc/arm-none-eabi/5.4.1/../../../../arm-none-eabi/lib/armv7-m\libg_nano.a(lib_a-locale.o)
 .ARM.attributes
                0x00000cce       0x2d d:/program files (x86)/gnu tools arm embedded/5.4 2016q3/bin/../lib/gcc/arm-none-eabi/5.4.1/../../../../arm-none-eabi/lib/armv7-m\libg_nano.a(lib_a-lseekr.o)
 .ARM.attributes
                0x00000cfb       0x2d d:/program files (x86)/gnu tools arm embedded/5.4 2016q3/bin/../lib/gcc/arm-none-eabi/5.4.1/../../../../arm-none-eabi/lib/armv7-m\libg_nano.a(lib_a-mbtowc_r.o)
 .ARM.attributes
                0x00000d28       0x2d d:/program files (x86)/gnu tools arm embedded/5.4 2016q3/bin/../lib/gcc/arm-none-eabi/5.4.1/../../../../arm-none-eabi/lib/armv7-m\libg_nano.a(lib_a-memmove.o)
 .ARM.attributes
                0x00000d55       0x2d d:/program files (x86)/gnu tools arm embedded/5.4 2016q3/bin/../lib/gcc/arm-none-eabi/5.4.1/../../../../arm-none-eabi/lib/armv7-m\libg_nano.a(lib_a-mlock.o)
 .ARM.attributes
                0x00000d82       0x2d d:/program files (x86)/gnu tools arm embedded/5.4 2016q3/bin/../lib/gcc/arm-none-eabi/5.4.1/../../../../arm-none-eabi/lib/armv7-m\libg_nano.a(lib_a-nano-reallocr.o)
 .ARM.attributes
                0x00000daf       0x2d d:/program files (x86)/gnu tools arm embedded/5.4 2016q3/bin/../lib/gcc/arm-none-eabi/5.4.1/../../../../arm-none-eabi/lib/armv7-m\libg_nano.a(lib_a-readr.o)
 .ARM.attributes
                0x00000ddc       0x2d d:/program files (x86)/gnu tools arm embedded/5.4 2016q3/bin/../lib/gcc/arm-none-eabi/5.4.1/../../../../arm-none-eabi/lib/armv7-m\libg_nano.a(lib_a-reent.o)
 .ARM.attributes
                0x00000e09       0x2d d:/program files (x86)/gnu tools arm embedded/5.4 2016q3/bin/../lib/gcc/arm-none-eabi/5.4.1/../../../../arm-none-eabi/lib/armv7-m\libg_nano.a(lib_a-wctomb_r.o)
 .ARM.attributes
                0x00000e36       0x2d d:/program files (x86)/gnu tools arm embedded/5.4 2016q3/bin/../lib/gcc/arm-none-eabi/5.4.1/../../../../arm-none-eabi/lib/armv7-m\libg_nano.a(lib_a-ctype_.o)
 .ARM.attributes
                0x00000e63       0x2d d:/program files (x86)/gnu tools arm embedded/5.4 2016q3/bin/../lib/gcc/arm-none-eabi/5.4.1/../../../../arm-none-eabi/lib/armv7-m\libg_nano.a(lib_a-nano-msizer.o)
 .ARM.attributes
                0x00000e90       0x1d d:/program files (x86)/gnu tools arm embedded/5.4 2016q3/bin/../lib/gcc/arm-none-eabi/5.4.1/armv7-m\libgcc.a(_arm_cmpdf2.o)
 .ARM.attributes
                0x00000ead       0x1d d:/program files (x86)/gnu tools arm embedded/5.4 2016q3/bin/../lib/gcc/arm-none-eabi/5.4.1/armv7-m\libgcc.a(_arm_unorddf2.o)
 .ARM.attributes
                0x00000eca       0x1d d:/program files (x86)/gnu tools arm embedded/5.4 2016q3/bin/../lib/gcc/arm-none-eabi/5.4.1/armv7-m\libgcc.a(_arm_fixdfsi.o)
 .ARM.attributes
                0x00000ee7       0x2d d:/program files (x86)/gnu tools arm embedded/5.4 2016q3/bin/../lib/gcc/arm-none-eabi/5.4.1/../../../../arm-none-eabi/lib/armv7-m\libnosys.a(fstat.o)
 .ARM.attributes
                0x00000f14       0x2d d:/program files (x86)/gnu tools arm embedded/5.4 2016q3/bin/../lib/gcc/arm-none-eabi/5.4.1/../../../../arm-none-eabi/lib/armv7-m\libnosys.a(sbrk.o)
 .ARM.attributes
                0x00000f41       0x1d d:/program files (x86)/gnu tools arm embedded/5.4 2016q3/bin/../lib/gcc/arm-none-eabi/5.4.1/armv7-m/crtn.o
OUTPUT(IOTLink.elf elf32-littlearm)

.debug_info     0x00000000     0xe331
 .debug_info    0x00000000      0x716 CMakeFiles/IOTLink.elf.dir/ALINK/HMAC/utils_hmac.c.obj
 .debug_info    0x00000716      0x5de CMakeFiles/IOTLink.elf.dir/ALINK/HMAC/utils_md5.c.obj
 .debug_info    0x00000cf4      0x5b3 CMakeFiles/IOTLink.elf.dir/ALINK/HMAC/utils_sha1.c.obj
 .debug_info    0x000012a7      0x872 CMakeFiles/IOTLink.elf.dir/ALINK/Src/connect.c.obj
 .debug_info    0x00001b19      0x9b9 CMakeFiles/IOTLink.elf.dir/ALINK/Src/mqtt.c.obj
 .debug_info    0x000024d2      0x728 CMakeFiles/IOTLink.elf.dir/ALINK/Src/timer1.c.obj
 .debug_info    0x00002bfa      0xaa3 CMakeFiles/IOTLink.elf.dir/ALINK/Src/timer3.c.obj
 .debug_info    0x0000369d      0x7d8 CMakeFiles/IOTLink.elf.dir/ALINK/Src/timer4.c.obj
 .debug_info    0x00003e75      0xb27 CMakeFiles/IOTLink.elf.dir/ALINK/Src/usart2.c.obj
 .debug_info    0x0000499c      0xada CMakeFiles/IOTLink.elf.dir/ALINK/Src/wifi.c.obj
 .debug_info    0x00005476      0x697 CMakeFiles/IOTLink.elf.dir/HARDWARE/Src/adc.c.obj
 .debug_info    0x00005b0d      0x253 CMakeFiles/IOTLink.elf.dir/HARDWARE/Src/beep.c.obj
 .debug_info    0x00005d60      0x46c CMakeFiles/IOTLink.elf.dir/HARDWARE/Src/dht11.c.obj
 .debug_info    0x000061cc      0x5a2 CMakeFiles/IOTLink.elf.dir/HARDWARE/Src/exti.c.obj
 .debug_info    0x0000676e      0x253 CMakeFiles/IOTLink.elf.dir/HARDWARE/Src/led.c.obj
 .debug_info    0x000069c1      0x76e CMakeFiles/IOTLink.elf.dir/HARDWARE/Src/timer.c.obj
 .debug_info    0x0000712f      0x4f8 CMakeFiles/IOTLink.elf.dir/STM32F10x_FWLib/Src/misc.c.obj
 .debug_info    0x00007627      0xc13 CMakeFiles/IOTLink.elf.dir/STM32F10x_FWLib/Src/stm32f10x_adc.c.obj
 .debug_info    0x0000823a      0x33e CMakeFiles/IOTLink.elf.dir/STM32F10x_FWLib/Src/stm32f10x_exti.c.obj
 .debug_info    0x00008578      0x879 CMakeFiles/IOTLink.elf.dir/STM32F10x_FWLib/Src/stm32f10x_gpio.c.obj
 .debug_info    0x00008df1      0x8bf CMakeFiles/IOTLink.elf.dir/STM32F10x_FWLib/Src/stm32f10x_rcc.c.obj
 .debug_info    0x000096b0     0x2186 CMakeFiles/IOTLink.elf.dir/STM32F10x_FWLib/Src/stm32f10x_tim.c.obj
 .debug_info    0x0000b836      0xb0e CMakeFiles/IOTLink.elf.dir/STM32F10x_FWLib/Src/stm32f10x_usart.c.obj
 .debug_info    0x0000c344      0x1ff CMakeFiles/IOTLink.elf.dir/SYSTEM/Src/delay.c.obj
 .debug_info    0x0000c543     0x115d CMakeFiles/IOTLink.elf.dir/SYSTEM/Src/usart.c.obj
 .debug_info    0x0000d6a0       0xbc CMakeFiles/IOTLink.elf.dir/Startup/startup_stm32f103rbtx.s.obj
 .debug_info    0x0000d75c      0x656 CMakeFiles/IOTLink.elf.dir/USER/Src/main.c.obj
 .debug_info    0x0000ddb2      0x119 CMakeFiles/IOTLink.elf.dir/USER/Src/stm32f10x_it.c.obj
 .debug_info    0x0000decb      0x466 CMakeFiles/IOTLink.elf.dir/USER/Src/system_stm32f10x.c.obj

.debug_abbrev   0x00000000     0x2bce
 .debug_abbrev  0x00000000      0x158 CMakeFiles/IOTLink.elf.dir/ALINK/HMAC/utils_hmac.c.obj
 .debug_abbrev  0x00000158      0x1bf CMakeFiles/IOTLink.elf.dir/ALINK/HMAC/utils_md5.c.obj
 .debug_abbrev  0x00000317      0x1b2 CMakeFiles/IOTLink.elf.dir/ALINK/HMAC/utils_sha1.c.obj
 .debug_abbrev  0x000004c9      0x16e CMakeFiles/IOTLink.elf.dir/ALINK/Src/connect.c.obj
 .debug_abbrev  0x00000637      0x188 CMakeFiles/IOTLink.elf.dir/ALINK/Src/mqtt.c.obj
 .debug_abbrev  0x000007bf      0x167 CMakeFiles/IOTLink.elf.dir/ALINK/Src/timer1.c.obj
 .debug_abbrev  0x00000926      0x169 CMakeFiles/IOTLink.elf.dir/ALINK/Src/timer3.c.obj
 .debug_abbrev  0x00000a8f      0x1ba CMakeFiles/IOTLink.elf.dir/ALINK/Src/timer4.c.obj
 .debug_abbrev  0x00000c49      0x1fd CMakeFiles/IOTLink.elf.dir/ALINK/Src/usart2.c.obj
 .debug_abbrev  0x00000e46      0x1e6 CMakeFiles/IOTLink.elf.dir/ALINK/Src/wifi.c.obj
 .debug_abbrev  0x0000102c      0x19a CMakeFiles/IOTLink.elf.dir/HARDWARE/Src/adc.c.obj
 .debug_abbrev  0x000011c6      0x126 CMakeFiles/IOTLink.elf.dir/HARDWARE/Src/beep.c.obj
 .debug_abbrev  0x000012ec      0x1c2 CMakeFiles/IOTLink.elf.dir/HARDWARE/Src/dht11.c.obj
 .debug_abbrev  0x000014ae      0x131 CMakeFiles/IOTLink.elf.dir/HARDWARE/Src/exti.c.obj
 .debug_abbrev  0x000015df      0x126 CMakeFiles/IOTLink.elf.dir/HARDWARE/Src/led.c.obj
 .debug_abbrev  0x00001705      0x169 CMakeFiles/IOTLink.elf.dir/HARDWARE/Src/timer.c.obj
 .debug_abbrev  0x0000186e      0x165 CMakeFiles/IOTLink.elf.dir/STM32F10x_FWLib/Src/misc.c.obj
 .debug_abbrev  0x000019d3      0x1e2 CMakeFiles/IOTLink.elf.dir/STM32F10x_FWLib/Src/stm32f10x_adc.c.obj
 .debug_abbrev  0x00001bb5      0x164 CMakeFiles/IOTLink.elf.dir/STM32F10x_FWLib/Src/stm32f10x_exti.c.obj
 .debug_abbrev  0x00001d19      0x1ed CMakeFiles/IOTLink.elf.dir/STM32F10x_FWLib/Src/stm32f10x_gpio.c.obj
 .debug_abbrev  0x00001f06      0x1e2 CMakeFiles/IOTLink.elf.dir/STM32F10x_FWLib/Src/stm32f10x_rcc.c.obj
 .debug_abbrev  0x000020e8      0x1dc CMakeFiles/IOTLink.elf.dir/STM32F10x_FWLib/Src/stm32f10x_tim.c.obj
 .debug_abbrev  0x000022c4      0x1c6 CMakeFiles/IOTLink.elf.dir/STM32F10x_FWLib/Src/stm32f10x_usart.c.obj
 .debug_abbrev  0x0000248a      0x119 CMakeFiles/IOTLink.elf.dir/SYSTEM/Src/delay.c.obj
 .debug_abbrev  0x000025a3      0x2d5 CMakeFiles/IOTLink.elf.dir/SYSTEM/Src/usart.c.obj
 .debug_abbrev  0x00002878       0x12 CMakeFiles/IOTLink.elf.dir/Startup/startup_stm32f103rbtx.s.obj
 .debug_abbrev  0x0000288a      0x152 CMakeFiles/IOTLink.elf.dir/USER/Src/main.c.obj
 .debug_abbrev  0x000029dc       0x73 CMakeFiles/IOTLink.elf.dir/USER/Src/stm32f10x_it.c.obj
 .debug_abbrev  0x00002a4f      0x17f CMakeFiles/IOTLink.elf.dir/USER/Src/system_stm32f10x.c.obj

.debug_loc      0x00000000     0x6b47
 .debug_loc     0x00000000      0x39d CMakeFiles/IOTLink.elf.dir/ALINK/HMAC/utils_hmac.c.obj
 .debug_loc     0x0000039d      0x6ff CMakeFiles/IOTLink.elf.dir/ALINK/HMAC/utils_md5.c.obj
 .debug_loc     0x00000a9c     0x1803 CMakeFiles/IOTLink.elf.dir/ALINK/HMAC/utils_sha1.c.obj
 .debug_loc     0x0000229f      0x51f CMakeFiles/IOTLink.elf.dir/ALINK/Src/mqtt.c.obj
 .debug_loc     0x000027be       0x42 CMakeFiles/IOTLink.elf.dir/ALINK/Src/timer1.c.obj
 .debug_loc     0x00002800       0x42 CMakeFiles/IOTLink.elf.dir/ALINK/Src/timer4.c.obj
 .debug_loc     0x00002842       0x2c CMakeFiles/IOTLink.elf.dir/ALINK/Src/usart2.c.obj
 .debug_loc     0x0000286e      0x193 CMakeFiles/IOTLink.elf.dir/ALINK/Src/wifi.c.obj
 .debug_loc     0x00002a01       0xac CMakeFiles/IOTLink.elf.dir/HARDWARE/Src/adc.c.obj
 .debug_loc     0x00002aad      0x144 CMakeFiles/IOTLink.elf.dir/HARDWARE/Src/dht11.c.obj
 .debug_loc     0x00002bf1       0x84 CMakeFiles/IOTLink.elf.dir/HARDWARE/Src/timer.c.obj
 .debug_loc     0x00002c75      0x160 CMakeFiles/IOTLink.elf.dir/STM32F10x_FWLib/Src/misc.c.obj
 .debug_loc     0x00002dd5      0xa70 CMakeFiles/IOTLink.elf.dir/STM32F10x_FWLib/Src/stm32f10x_adc.c.obj
 .debug_loc     0x00003845      0x164 CMakeFiles/IOTLink.elf.dir/STM32F10x_FWLib/Src/stm32f10x_exti.c.obj
 .debug_loc     0x000039a9      0x542 CMakeFiles/IOTLink.elf.dir/STM32F10x_FWLib/Src/stm32f10x_gpio.c.obj