Archive member included to satisfy reference by file (symbol)

d:/program files (x86)/gnu tools arm embedded/5.4 2016q3/bin/../lib/gcc/arm-none-eabi/5.4.1/armv7-m\libgcc.a(_arm_addsubdf3.o)
                              CMakeFiles/PWM.elf.dir/USER/Src/main.c.obj (__aeabi_ui2d)
d:/program files (x86)/gnu tools arm embedded/5.4 2016q3/bin/../lib/gcc/arm-none-eabi/5.4.1/armv7-m\libgcc.a(_arm_muldivdf3.o)
                              CMakeFiles/PWM.elf.dir/USER/Src/main.c.obj (__aeabi_dmul)
d:/program files (x86)/gnu tools arm embedded/5.4 2016q3/bin/../lib/gcc/arm-none-eabi/5.4.1/armv7-m\libgcc.a(_arm_truncdfsf2.o)
                              CMakeFiles/PWM.elf.dir/USER/Src/main.c.obj (__aeabi_d2f)
d:/program files (x86)/gnu tools arm embedded/5.4 2016q3/bin/../lib/gcc/arm-none-eabi/5.4.1/armv7-m\libgcc.a(_arm_addsubsf3.o)
                              CMakeFiles/PWM.elf.dir/USER/Src/main.c.obj (__aeabi_fsub)
d:/program files (x86)/gnu tools arm embedded/5.4 2016q3/bin/../lib/gcc/arm-none-eabi/5.4.1/armv7-m\libgcc.a(_arm_muldivsf3.o)
                              CMakeFiles/PWM.elf.dir/USER/Src/main.c.obj (__aeabi_fmul)
d:/program files (x86)/gnu tools arm embedded/5.4 2016q3/bin/../lib/gcc/arm-none-eabi/5.4.1/armv7-m\libgcc.a(_arm_fixunssfsi.o)
                              CMakeFiles/PWM.elf.dir/USER/Src/main.c.obj (__aeabi_f2uiz)
d:/program files (x86)/gnu tools arm embedded/5.4 2016q3/bin/../lib/gcc/arm-none-eabi/5.4.1/../../../../arm-none-eabi/lib/armv7-m\libg_nano.a(lib_a-exit.o)
                              d:/program files (x86)/gnu tools arm embedded/5.4 2016q3/bin/../lib/gcc/arm-none-eabi/5.4.1/../../../../arm-none-eabi/lib/armv7-m/crt0.o (exit)
d:/program files (x86)/gnu tools arm embedded/5.4 2016q3/bin/../lib/gcc/arm-none-eabi/5.4.1/../../../../arm-none-eabi/lib/armv7-m\libg_nano.a(lib_a-impure.o)
                              d:/program files (x86)/gnu tools arm embedded/5.4 2016q3/bin/../lib/gcc/arm-none-eabi/5.4.1/../../../../arm-none-eabi/lib/armv7-m\libg_nano.a(lib_a-exit.o) (_global_impure_ptr)
d:/program files (x86)/gnu tools arm embedded/5.4 2016q3/bin/../lib/gcc/arm-none-eabi/5.4.1/../../../../arm-none-eabi/lib/armv7-m\libg_nano.a(lib_a-init.o)
                              d:/program files (x86)/gnu tools arm embedded/5.4 2016q3/bin/../lib/gcc/arm-none-eabi/5.4.1/../../../../arm-none-eabi/lib/armv7-m/crt0.o (__libc_init_array)
d:/program files (x86)/gnu tools arm embedded/5.4 2016q3/bin/../lib/gcc/arm-none-eabi/5.4.1/../../../../arm-none-eabi/lib/armv7-m\libg_nano.a(lib_a-memset.o)
                              d:/program files (x86)/gnu tools arm embedded/5.4 2016q3/bin/../lib/gcc/arm-none-eabi/5.4.1/../../../../arm-none-eabi/lib/armv7-m/crt0.o (memset)
d:/program files (x86)/gnu tools arm embedded/5.4 2016q3/bin/../lib/gcc/arm-none-eabi/5.4.1/../../../../arm-none-eabi/lib/armv7-m\libg_nano.a(lib_a-nano-vfprintf_float.o)
                              (_printf_float)
d:/program files (x86)/gnu tools arm embedded/5.4 2016q3/bin/../lib/gcc/arm-none-eabi/5.4.1/../../../../arm-none-eabi/lib/armv7-m\libg_nano.a(lib_a-nano-vfprintf_i.o)
                              d:/program files (x86)/gnu tools arm embedded/5.4 2016q3/bin/../lib/gcc/arm-none-eabi/5.4.1/../../../../arm-none-eabi/lib/armv7-m\libg_nano.a(lib_a-nano-vfprintf_float.o) (_printf_common)
d:/program files (x86)/gnu tools arm embedded/5.4 2016q3/bin/../lib/gcc/arm-none-eabi/5.4.1/../../../../arm-none-eabi/lib/armv7-m\libg_nano.a(lib_a-printf.o)
                              CMakeFiles/PWM.elf.dir/HARDWARE/Src/rtc.c.obj (printf)
d:/program files (x86)/gnu tools arm embedded/5.4 2016q3/bin/../lib/gcc/arm-none-eabi/5.4.1/../../../../arm-none-eabi/lib/armv7-m\libg_nano.a(lib_a-puts.o)
                              CMakeFiles/PWM.elf.dir/HARDWARE/Src/rtc.c.obj (puts)
d:/program files (x86)/gnu tools arm embedded/5.4 2016q3/bin/../lib/gcc/arm-none-eabi/5.4.1/../../../../arm-none-eabi/lib/armv7-m\libg_nano.a(lib_a-setvbuf.o)
                              CMakeFiles/PWM.elf.dir/SYSTEM/Src/usart.c.obj (setvbuf)
d:/program files (x86)/gnu tools arm embedded/5.4 2016q3/bin/../lib/gcc/arm-none-eabi/5.4.1/../../../../arm-none-eabi/lib/armv7-m\libg_nano.a(lib_a-strlen.o)
                              d:/program files (x86)/gnu tools arm embedded/5.4 2016q3/bin/../lib/gcc/arm-none-eabi/5.4.1/../../../../arm-none-eabi/lib/armv7-m\libg_nano.a(lib_a-nano-vfprintf_float.o) (strlen)
d:/program files (x86)/gnu tools arm embedded/5.4 2016q3/bin/../lib/gcc/arm-none-eabi/5.4.1/../../../../arm-none-eabi/lib/armv7-m\libg_nano.a(lib_a-wbuf.o)
                              d:/program files (x86)/gnu tools arm embedded/5.4 2016q3/bin/../lib/gcc/arm-none-eabi/5.4.1/../../../../arm-none-eabi/lib/armv7-m\libg_nano.a(lib_a-puts.o) (__swbuf_r)
d:/program files (x86)/gnu tools arm embedded/5.4 2016q3/bin/../lib/gcc/arm-none-eabi/5.4.1/../../../../arm-none-eabi/lib/armv7-m\libg_nano.a(lib_a-wsetup.o)
[...]
Memory Configuration

Name             Origin             Length             Attributes
RAM              0x20000000         0x00005000         xrw
FLASH            0x08000000         0x00020000         xr
*default*        0x00000000         0xffffffff

Linker script and memory map

LOAD d:/program files (x86)/gnu tools arm embedded/5.4 2016q3/bin/../lib/gcc/arm-none-eabi/5.4.1/armv7-m/crti.o
LOAD d:/program files (x86)/gnu tools arm embedded/5.4 2016q3/bin/../lib/gcc/arm-none-eabi/5.4.1/armv7-m/crtbegin.o
LOAD d:/program files (x86)/gnu tools arm embedded/5.4 2016q3/bin/../lib/gcc/arm-none-eabi/5.4.1/../../../../arm-none-eabi/lib/armv7-m/crt0.o
LOAD CMakeFiles/PWM.elf.dir/CORE/Src/core_cm3.c.obj
LOAD CMakeFiles/PWM.elf.dir/HARDWARE/Src/adc.c.obj
LOAD CMakeFiles/PWM.elf.dir/HARDWARE/Src/beep.c.obj
LOAD CMakeFiles/PWM.elf.dir/HARDWARE/Src/dht11.c.obj
LOAD CMakeFiles/PWM.elf.dir/HARDWARE/Src/exti.c.obj
LOAD CMakeFiles/PWM.elf.dir/HARDWARE/Src/key.c.obj
LOAD CMakeFiles/PWM.elf.dir/HARDWARE/Src/led.c.obj
LOAD CMakeFiles/PWM.elf.dir/HARDWARE/Src/light.c.obj
LOAD CMakeFiles/PWM.elf.dir/HARDWARE/Src/pwm.c.obj
LOAD CMakeFiles/PWM.elf.dir/HARDWARE/Src/rtc.c.obj
LOAD CMakeFiles/PWM.elf.dir/HARDWARE/Src/soil.c.obj
LOAD CMakeFiles/PWM.elf.dir/HARDWARE/Src/spi.c.obj
LOAD CMakeFiles/PWM.elf.dir/HARDWARE/Src/timer.c.obj
LOAD CMakeFiles/PWM.elf.dir/HARDWARE/Src/w25qxx.c.obj
LOAD CMakeFiles/PWM.elf.dir/OLED/Src/oled.c.obj
LOAD CMakeFiles/PWM.elf.dir/STM32F10x_FWLib/Src/misc.c.obj
LOAD CMakeFiles/PWM.elf.dir/STM32F10x_FWLib/Src/stm32f10x_adc.c.obj
LOAD CMakeFiles/PWM.elf.dir/STM32F10x_FWLib/Src/stm32f10x_bkp.c.obj
LOAD CMakeFiles/PWM.elf.dir/STM32F10x_FWLib/Src/stm32f10x_can.c.obj
LOAD CMakeFiles/PWM.elf.dir/STM32F10x_FWLib/Src/stm32f10x_cec.c.obj
LOAD CMakeFiles/PWM.elf.dir/STM32F10x_FWLib/Src/stm32f10x_crc.c.obj
LOAD CMakeFiles/PWM.elf.dir/STM32F10x_FWLib/Src/stm32f10x_dac.c.obj
LOAD CMakeFiles/PWM.elf.dir/STM32F10x_FWLib/Src/stm32f10x_dbgmcu.c.obj
LOAD CMakeFiles/PWM.elf.dir/STM32F10x_FWLib/Src/stm32f10x_dma.c.obj
LOAD CMakeFiles/PWM.elf.dir/STM32F10x_FWLib/Src/stm32f10x_exti.c.obj
LOAD CMakeFiles/PWM.elf.dir/STM32F10x_FWLib/Src/stm32f10x_flash.c.obj
LOAD CMakeFiles/PWM.elf.dir/STM32F10x_FWLib/Src/stm32f10x_fsmc.c.obj
LOAD CMakeFiles/PWM.elf.dir/STM32F10x_FWLib/Src/stm32f10x_gpio.c.obj
LOAD CMakeFiles/PWM.elf.dir/STM32F10x_FWLib/Src/stm32f10x_i2c.c.obj
LOAD CMakeFiles/PWM.elf.dir/STM32F10x_FWLib/Src/stm32f10x_iwdg.c.obj
LOAD CMakeFiles/PWM.elf.dir/STM32F10x_FWLib/Src/stm32f10x_pwr.c.obj
LOAD CMakeFiles/PWM.elf.dir/STM32F10x_FWLib/Src/stm32f10x_rcc.c.obj
LOAD CMakeFiles/PWM.elf.dir/STM32F10x_FWLib/Src/stm32f10x_rtc.c.obj
LOAD CMakeFiles/PWM.elf.dir/STM32F10x_FWLib/Src/stm32f10x_sdio.c.obj
LOAD CMakeFiles/PWM.elf.dir/STM32F10x_FWLib/Src/stm32f10x_spi.c.obj
LOAD CMakeFiles/PWM.elf.dir/STM32F10x_FWLib/Src/stm32f10x_tim.c.obj
LOAD CMakeFiles/PWM.elf.dir/STM32F10x_FWLib/Src/stm32f10x_usart.c.obj
LOAD CMakeFiles/PWM.elf.dir/STM32F10x_FWLib/Src/stm32f10x_wwdg.c.obj
LOAD CMakeFiles/PWM.elf.dir/SYSTEM/Src/delay.c.obj
LOAD CMakeFiles/PWM.elf.dir/SYSTEM/Src/sys.c.obj
LOAD CMakeFiles/PWM.elf.dir/SYSTEM/Src/usart.c.obj
LOAD CMakeFiles/PWM.elf.dir/Startup/startup_stm32f103rbtx.s.obj
LOAD CMakeFiles/PWM.elf.dir/USER/Src/main.c.obj
LOAD CMakeFiles/PWM.elf.dir/USER/Src/stm32f10x_it.c.obj
LOAD CMakeFiles/PWM.elf.dir/USER/Src/system_stm32f10x.c.obj
START GROUP
LOAD d:/program files (x86)/gnu tools arm embedded/5.4 2016q3/bin/../lib/gcc/arm-none-eabi/5.4.1/armv7-m\libgcc.a
LOAD d:/program files (x86)/gnu tools arm embedded/5.4 2016q3/bin/../lib/gcc/arm-none-eabi/5.4.1/../../../../arm-none-eabi/lib/armv7-m\libg_nano.a
LOAD d:/program files (x86)/gnu tools arm embedded/5.4 2016q3/bin/../lib/gcc/arm-none-eabi/5.4.1/../../../../arm-none-eabi/lib/armv7-m\libc_nano.a
END GROUP
START GROUP
LOAD d:/program files (x86)/gnu tools arm embedded/5.4 2016q3/bin/../lib/gcc/arm-none-eabi/5.4.1/armv7-m\libgcc.a
LOAD d:/program files (x86)/gnu tools arm embedded/5.4 2016q3/bin/../lib/gcc/arm-none-eabi/5.4.1/../../../../arm-none-eabi/lib/armv7-m\libc_nano.a
LOAD d:/program files (x86)/gnu tools arm embedded/5.4 2016q3/bin/../lib/gcc/arm-none-eabi/5.4.1/../../../../arm-none-eabi/lib/armv7-m\libnosys.a
END GROUP
START GROUP
LOAD d:/program files (x86)/gnu tools arm embedded/5.4 2016q3/bin/../lib/gcc/arm-none-eabi/5.4.1/armv7-m\libgcc.a
LOAD d:/program files (x86)/gnu tools arm embedded/5.4 2016q3/bin/../lib/gcc/arm-none-eabi/5.4.1/../../../../arm-none-eabi/lib/armv7-m\libc_nano.a
LOAD d:/program files (x86)/gnu tools arm embedded/5.4 2016q3/bin/../lib/gcc/arm-none-eabi/5.4.1/../../../../arm-none-eabi/lib/armv7-m\libnosys.a
END GROUP
LOAD d:/program files (x86)/gnu tools arm embedded/5.4 2016q3/bin/../lib/gcc/arm-none-eabi/5.4.1/armv7-m/crtend.o
LOAD d:/program files (x86)/gnu tools arm embedded/5.4 2016q3/bin/../lib/gcc/arm-none-eabi/5.4.1/armv7-m/crtn.o
                0x20005000                _estack = (ORIGIN (RAM) + LENGTH (RAM))
                0x00000200                _Min_Heap_Size = 0x200
                0x00000400                _Min_Stack_Size = 0x400

.isr_vector     0x08000000      0x10c
                0x08000000                . = ALIGN (0x4)
 *(.isr_vector)
 .isr_vector    0x08000000      0x10c CMakeFiles/PWM.elf.dir/Startup/startup_stm32f103rbtx.s.obj
                0x08000000                g_pfnVectors
                0x0800010c                . = ALIGN (0x4)

.text           0x08000110     0x58fc
                0x08000110                . = ALIGN (0x4)
 *(.text)
 .text          0x08000110       0x5c d:/program files (x86)/gnu tools arm embedded/5.4 2016q3/bin/../lib/gcc/arm-none-eabi/5.4.1/armv7-m/crtbegin.o
 .text          0x0800016c      0x370 d:/program files (x86)/gnu tools arm embedded/5.4 2016q3/bin/../lib/gcc/arm-none-eabi/5.4.1/armv7-m\libgcc.a(_arm_addsubdf3.o)
                0x0800016c                __aeabi_drsub
                0x08000174                __aeabi_dsub
                0x08000174                __subdf3
                0x08000178                __aeabi_dadd
                0x08000178                __adddf3
                0x080003f0                __floatunsidf
                0x080003f0                __aeabi_ui2d
                0x08000410                __floatsidf
                0x08000410                __aeabi_i2d
                0x08000434                __aeabi_f2d
                0x08000434                __extendsfdf2
                0x08000470                __floatundidf
                0x08000470                __aeabi_ul2d
                0x08000480                __floatdidf
                0x08000480                __aeabi_l2d
 .text          0x080004dc      0x424 d:/program files (x86)/gnu tools arm embedded/5.4 2016q3/bin/../lib/gcc/arm-none-eabi/5.4.1/armv7-m\libgcc.a(_arm_muldivdf3.o)
                0x080004dc                __aeabi_dmul
                0x080004dc                __muldf3
                0x08000730                __divdf3
                0x08000730                __aeabi_ddiv
 .text          0x08000900       0xa0 d:/program files (x86)/gnu tools arm embedded/5.4 2016q3/bin/../lib/gcc/arm-none-eabi/5.4.1/armv7-m\libgcc.a(_arm_truncdfsf2.o)
                0x08000900                __truncdfsf2
                0x08000900                __aeabi_d2f
 .text          0x080009a0      0x21c d:/program files (x86)/gnu tools arm embedded/5.4 2016q3/bin/../lib/gcc/arm-none-eabi/5.4.1/armv7-m\libgcc.a(_arm_addsubsf3.o)
                0x080009a0                __aeabi_frsub
                0x080009a8                __subsf3
                0x080009a8                __aeabi_fsub
                0x080009ac                __aeabi_fadd
                0x080009ac                __addsf3
                0x08000b0c                __aeabi_ui2f
                0x08000b0c                __floatunsisf
                0x08000b14                __aeabi_i2f
                0x08000b14                __floatsisf
                0x08000b30                __aeabi_ul2f
                0x08000b30                __floatundisf
                0x08000b40                __aeabi_l2f
                0x08000b40                __floatdisf
 .text          0x08000bbc      0x2a0 d:/program files (x86)/gnu tools arm embedded/5.4 2016q3/bin/../lib/gcc/arm-none-eabi/5.4.1/armv7-m\libgcc.a(_arm_muldivsf3.o)
                0x08000bbc                __mulsf3
                0x08000bbc                __aeabi_fmul
                0x08000d24                __aeabi_fdiv
                0x08000d24                __divsf3
 .text          0x08000e5c       0x40 d:/program files (x86)/gnu tools arm embedded/5.4 2016q3/bin/../lib/gcc/arm-none-eabi/5.4.1/armv7-m\libgcc.a(_arm_fixunssfsi.o)
                0x08000e5c                __fixunssfsi
                0x08000e5c                __aeabi_f2uiz
 .text          0x08000e9c       0x10 d:/program files (x86)/gnu tools arm embedded/5.4 2016q3/bin/../lib/gcc/arm-none-eabi/5.4.1/../../../../arm-none-eabi/lib/armv7-m\libg_nano.a(lib_a-strlen.o)
                0x08000e9c                strlen
 .text          0x08000eac      0x110 d:/program files (x86)/gnu tools arm embedded/5.4 2016q3/bin/../lib/gcc/arm-none-eabi/5.4.1/armv7-m\libgcc.a(_arm_cmpdf2.o)
                0x08000eac                __gtdf2
                0x08000eac                __gedf2
                0x08000eb4                __ltdf2
                0x08000eb4                __ledf2
                0x08000ebc                __nedf2
                0x08000ebc                __eqdf2
                0x08000ebc                __cmpdf2
                0x08000f38                __aeabi_cdrcmple
                0x08000f48                __aeabi_cdcmpeq
                0x08000f48                __aeabi_cdcmple
                0x08000f58                __aeabi_dcmpeq
                0x08000f6c                __aeabi_dcmplt
                0x08000f80                __aeabi_dcmple
                0x08000f94                __aeabi_dcmpge
                0x08000fa8                __aeabi_dcmpgt
 .text          0x08000fbc       0x2c d:/program files (x86)/gnu tools arm embedded/5.4 2016q3/bin/../lib/gcc/arm-none-eabi/5.4.1/armv7-m\libgcc.a(_arm_unorddf2.o)
                0x08000fbc                __unorddf2
                0x08000fbc                __aeabi_dcmpun
 .text          0x08000fe8       0x50 d:/program files (x86)/gnu tools arm embedded/5.4 2016q3/bin/../lib/gcc/arm-none-eabi/5.4.1/armv7-m\libgcc.a(_arm_fixdfsi.o)
                0x08000fe8                __aeabi_d2iz
                0x08000fe8                __fixdfsi
 *(.text*)
 .text.Adc_Init
                0x08001038       0xa0 CMakeFiles/PWM.elf.dir/HARDWARE/Src/adc.c.obj
                0x08001038                Adc_Init
 .text.Get_Adc  0x080010d8       0x30 CMakeFiles/PWM.elf.dir/HARDWARE/Src/adc.c.obj
                0x080010d8                Get_Adc
 .text.Get_Adc_Average
                0x08001108       0x2c CMakeFiles/PWM.elf.dir/HARDWARE/Src/adc.c.obj
                0x08001108                Get_Adc_Average
 .text.beep_init
                0x08001134       0x3c CMakeFiles/PWM.elf.dir/HARDWARE/Src/beep.c.obj
                0x08001134                beep_init
 .text.DHT11_Rst
                0x08001170       0x34 CMakeFiles/PWM.elf.dir/HARDWARE/Src/dht11.c.obj
                0x08001170                DHT11_Rst
 .text.DHT11_Check
                0x080011a4       0x60 CMakeFiles/PWM.elf.dir/HARDWARE/Src/dht11.c.obj
                0x080011a4                DHT11_Check
 .text.DHT11_Read_Bit
                0x08001204       0x50 CMakeFiles/PWM.elf.dir/HARDWARE/Src/dht11.c.obj
                0x08001204                DHT11_Read_Bit
 .text.DHT11_Read_Byte
                0x08001254       0x20 CMakeFiles/PWM.elf.dir/HARDWARE/Src/dht11.c.obj
                0x08001254                DHT11_Read_Byte
 .text.DHT11_Read_Data
                0x08001274       0x58 CMakeFiles/PWM.elf.dir/HARDWARE/Src/dht11.c.obj
                0x08001274                DHT11_Read_Data
 .text.DHT11_Init
                0x080012cc       0x44 CMakeFiles/PWM.elf.dir/HARDWARE/Src/dht11.c.obj
                0x080012cc                DHT11_Init
 .text.EXTI0_IRQHandler
                0x08001310       0x40 CMakeFiles/PWM.elf.dir/HARDWARE/Src/exti.c.obj
                0x08001310                EXTI0_IRQHandler
 .text.EXTI2_IRQHandler
                0x08001350       0x24 CMakeFiles/PWM.elf.dir/HARDWARE/Src/exti.c.obj
                0x08001350                EXTI2_IRQHandler
 .text.EXTI9_5_IRQHandler
                0x08001374       0x44 CMakeFiles/PWM.elf.dir/HARDWARE/Src/exti.c.obj
                0x08001374                EXTI9_5_IRQHandler
 .text.key_init
                0x080013b8       0x5c CMakeFiles/PWM.elf.dir/HARDWARE/Src/key.c.obj
                0x080013b8                key_init
 .text.led_init
                0x08001414       0x48 CMakeFiles/PWM.elf.dir/HARDWARE/Src/led.c.obj
                0x08001414                led_init
 .text.TIM2_PWM_Init
                0x0800145c       0xac CMakeFiles/PWM.elf.dir/HARDWARE/Src/pwm.c.obj
                0x0800145c                TIM2_PWM_Init
 .text.RGB_PWM2
                0x08001508       0xc4 CMakeFiles/PWM.elf.dir/HARDWARE/Src/pwm.c.obj
                0x08001508                RGB_PWM2
 .text.RTC_NVIC_Config
                0x080015cc       0x28 CMakeFiles/PWM.elf.dir/HARDWARE/Src/rtc.c.obj
 .text.Is_Leap_Year
                0x080015f4       0x40 CMakeFiles/PWM.elf.dir/HARDWARE/Src/rtc.c.obj
                0x080015f4                Is_Leap_Year
 .text.RTC_Set  0x08001634       0xcc CMakeFiles/PWM.elf.dir/HARDWARE/Src/rtc.c.obj
                0x08001634                RTC_Set
 .text.RTC_Get_Week
                0x08001700       0x78 CMakeFiles/PWM.elf.dir/HARDWARE/Src/rtc.c.obj
                0x08001700                RTC_Get_Week
 .text.RTC_Get  0x08001778       0xf4 CMakeFiles/PWM.elf.dir/HARDWARE/Src/rtc.c.obj
                0x08001778                RTC_Get
 .text.RTC_Init
                0x0800186c       0xd8 CMakeFiles/PWM.elf.dir/HARDWARE/Src/rtc.c.obj
                0x0800186c                RTC_Init
 .text.RTC_IRQHandler
                0x08001944       0x54 CMakeFiles/PWM.elf.dir/HARDWARE/Src/rtc.c.obj
                0x08001944                RTC_IRQHandler
 .text.SPI2_ReadWriteByte
                0x08001998       0x54 CMakeFiles/PWM.elf.dir/HARDWARE/Src/spi.c.obj
                0x08001998                SPI2_ReadWriteByte
 .text.SPI2_Init
                0x080019ec       0x94 CMakeFiles/PWM.elf.dir/HARDWARE/Src/spi.c.obj
                0x080019ec                SPI2_Init
 .text.SPI2_SetSpeed
                0x08001a80       0x28 CMakeFiles/PWM.elf.dir/HARDWARE/Src/spi.c.obj
                0x08001a80                SPI2_SetSpeed
 .text.TIM3_Int_Init
                0x08001aa8       0x64 CMakeFiles/PWM.elf.dir/HARDWARE/Src/timer.c.obj
                0x08001aa8                TIM3_Int_Init
 .text.TIM3_IRQHandler
                0x08001b0c       0x50 CMakeFiles/PWM.elf.dir/HARDWARE/Src/timer.c.obj
                0x08001b0c                TIM3_IRQHandler
 .text.TIM2_IRQHandler
                0x08001b5c       0x2c CMakeFiles/PWM.elf.dir/HARDWARE/Src/timer.c.obj
                0x08001b5c                TIM2_IRQHandler
 .text.W25QXX_ReadID
                0x08001b88       0x40 CMakeFiles/PWM.elf.dir/HARDWARE/Src/w25qxx.c.obj
                0x08001b88                W25QXX_ReadID
 .text.W25QXX_Init
                0x08001bc8       0x5c CMakeFiles/PWM.elf.dir/HARDWARE/Src/w25qxx.c.obj
                0x08001bc8                W25QXX_Init
 .text.OLED_IIC_Start
                0x08001c24       0x1c CMakeFiles/PWM.elf.dir/OLED/Src/oled.c.obj
 .text.OLED_IIC_Stop
                0x08001c40       0x18 CMakeFiles/PWM.elf.dir/OLED/Src/oled.c.obj
 .text.IIC_Wait_Ack
                0x08001c58       0x34 CMakeFiles/PWM.elf.dir/OLED/Src/oled.c.obj
 .text.Write_IIC_Byte
                0x08001c8c       0x50 CMakeFiles/PWM.elf.dir/OLED/Src/oled.c.obj
 .text.Write_IIC_Data
                0x08001cdc       0x20 CMakeFiles/PWM.elf.dir/OLED/Src/oled.c.obj
 .text.Write_IIC_Command
                0x08001cfc       0x20 CMakeFiles/PWM.elf.dir/OLED/Src/oled.c.obj
 .text.OLED_GPIO_Init
                0x08001d1c       0x58 CMakeFiles/PWM.elf.dir/OLED/Src/oled.c.obj
                0x08001d1c                OLED_GPIO_Init
 .text.OLED_WR_Byte
                0x08001d74       0x10 CMakeFiles/PWM.elf.dir/OLED/Src/oled.c.obj
                0x08001d74                OLED_WR_Byte
 .text.OLED_Set_Pos
                0x08001d84       0x28 CMakeFiles/PWM.elf.dir/OLED/Src/oled.c.obj
                0x08001d84                OLED_Set_Pos
 .text.OLED_Clear
                0x08001dac       0x44 CMakeFiles/PWM.elf.dir/OLED/Src/oled.c.obj
                0x08001dac                OLED_Clear
 .text.OLED_ShowChar
                0x08001df0       0x64 CMakeFiles/PWM.elf.dir/OLED/Src/oled.c.obj
                0x08001df0                OLED_ShowChar
 .text.oled_pow
                0x08001e54       0x18 CMakeFiles/PWM.elf.dir/OLED/Src/oled.c.obj
                0x08001e54                oled_pow
 .text.OLED_ShowNum
                0x08001e6c       0x7c CMakeFiles/PWM.elf.dir/OLED/Src/oled.c.obj
                0x08001e6c                OLED_ShowNum
 .text.OLED_ShowString
                0x08001ee8       0x30 CMakeFiles/PWM.elf.dir/OLED/Src/oled.c.obj
                0x08001ee8                OLED_ShowString
 .text.OLED_Init
                0x08001f18       0xdc CMakeFiles/PWM.elf.dir/OLED/Src/oled.c.obj
                0x08001f18                OLED_Init
 .text.NVIC_Init
                0x08001ff4       0x64 CMakeFiles/PWM.elf.dir/STM32F10x_FWLib/Src/misc.c.obj
                0x08001ff4                NVIC_Init
 .text.SysTick_CLKSourceConfig
                0x08002058       0x20 CMakeFiles/PWM.elf.dir/STM32F10x_FWLib/Src/misc.c.obj
                0x08002058                SysTick_CLKSourceConfig
 .text.ADC_DeInit
                0x08002078       0x64 CMakeFiles/PWM.elf.dir/STM32F10x_FWLib/Src/stm32f10x_adc.c.obj
                0x08002078                ADC_DeInit
 .text.ADC_Init
                0x080020dc       0x48 CMakeFiles/PWM.elf.dir/STM32F10x_FWLib/Src/stm32f10x_adc.c.obj
                0x080020dc                ADC_Init
 .text.ADC_Cmd  0x08002124       0x18 CMakeFiles/PWM.elf.dir/STM32F10x_FWLib/Src/stm32f10x_adc.c.obj
                0x08002124                ADC_Cmd
 .text.ADC_ResetCalibration
                0x0800213c        0xc CMakeFiles/PWM.elf.dir/STM32F10x_FWLib/Src/stm32f10x_adc.c.obj
                0x0800213c                ADC_ResetCalibration
 .text.ADC_GetResetCalibrationStatus
                0x08002148       0x10 CMakeFiles/PWM.elf.dir/STM32F10x_FWLib/Src/stm32f10x_adc.c.obj
                0x08002148                ADC_GetResetCalibrationStatus
 .text.ADC_StartCalibration
                0x08002158        0xc CMakeFiles/PWM.elf.dir/STM32F10x_FWLib/Src/stm32f10x_adc.c.obj
                0x08002158                ADC_StartCalibration
 .text.ADC_GetCalibrationStatus
                0x08002164       0x10 CMakeFiles/PWM.elf.dir/STM32F10x_FWLib/Src/stm32f10x_adc.c.obj
                0x08002164                ADC_GetCalibrationStatus
 .text.ADC_SoftwareStartConvCmd
                0x08002174       0x18 CMakeFiles/PWM.elf.dir/STM32F10x_FWLib/Src/stm32f10x_adc.c.obj
                0x08002174                ADC_SoftwareStartConvCmd
 .text.ADC_RegularChannelConfig
                0x0800218c       0x8c CMakeFiles/PWM.elf.dir/STM32F10x_FWLib/Src/stm32f10x_adc.c.obj
                0x0800218c                ADC_RegularChannelConfig
 .text.ADC_GetConversionValue
                0x08002218        0x8 CMakeFiles/PWM.elf.dir/STM32F10x_FWLib/Src/stm32f10x_adc.c.obj
                0x08002218                ADC_GetConversionValue
 .text.ADC_GetFlagStatus
                0x08002220       0x10 CMakeFiles/PWM.elf.dir/STM32F10x_FWLib/Src/stm32f10x_adc.c.obj
                0x08002220                ADC_GetFlagStatus
 .text.BKP_DeInit
                0x08002230       0x10 CMakeFiles/PWM.elf.dir/STM32F10x_FWLib/Src/stm32f10x_bkp.c.obj
                0x08002230                BKP_DeInit
 .text.BKP_WriteBackupRegister
                0x08002240       0x1c CMakeFiles/PWM.elf.dir/STM32F10x_FWLib/Src/stm32f10x_bkp.c.obj
                0x08002240                BKP_WriteBackupRegister
 .text.BKP_ReadBackupRegister
                0x0800225c       0x20 CMakeFiles/PWM.elf.dir/STM32F10x_FWLib/Src/stm32f10x_bkp.c.obj
                0x0800225c                BKP_ReadBackupRegister
 .text.EXTI_ClearITPendingBit
                0x0800227c        0xc CMakeFiles/PWM.elf.dir/STM32F10x_FWLib/Src/stm32f10x_exti.c.obj
                0x0800227c                EXTI_ClearITPendingBit
 .text.GPIO_Init
                0x08002288       0x9c CMakeFiles/PWM.elf.dir/STM32F10x_FWLib/Src/stm32f10x_gpio.c.obj
                0x08002288                GPIO_Init
 .text.GPIO_ReadInputDataBit
                0x08002324       0x10 CMakeFiles/PWM.elf.dir/STM32F10x_FWLib/Src/stm32f10x_gpio.c.obj
                0x08002324                GPIO_ReadInputDataBit
 .text.GPIO_SetBits
                0x08002334        0x4 CMakeFiles/PWM.elf.dir/STM32F10x_FWLib/Src/stm32f10x_gpio.c.obj
                0x08002334                GPIO_SetBits
 .text.PWR_BackupAccessCmd
                0x08002338        0xc CMakeFiles/PWM.elf.dir/STM32F10x_FWLib/Src/stm32f10x_pwr.c.obj
                0x08002338                PWR_BackupAccessCmd
 .text.RCC_ADCCLKConfig
                0x08002344       0x14 CMakeFiles/PWM.elf.dir/STM32F10x_FWLib/Src/stm32f10x_rcc.c.obj
                0x08002344                RCC_ADCCLKConfig
 .text.RCC_LSEConfig
                0x08002358       0x28 CMakeFiles/PWM.elf.dir/STM32F10x_FWLib/Src/stm32f10x_rcc.c.obj
                0x08002358                RCC_LSEConfig
 .text.RCC_RTCCLKConfig
                0x08002380       0x10 CMakeFiles/PWM.elf.dir/STM32F10x_FWLib/Src/stm32f10x_rcc.c.obj
                0x08002380                RCC_RTCCLKConfig
 .text.RCC_RTCCLKCmd
                0x08002390        0xc CMakeFiles/PWM.elf.dir/STM32F10x_FWLib/Src/stm32f10x_rcc.c.obj
                0x08002390                RCC_RTCCLKCmd
 .text.RCC_GetClocksFreq
                0x0800239c       0xbc CMakeFiles/PWM.elf.dir/STM32F10x_FWLib/Src/stm32f10x_rcc.c.obj
                0x0800239c                RCC_GetClocksFreq
 .text.RCC_APB2PeriphClockCmd
                0x08002458       0x1c CMakeFiles/PWM.elf.dir/STM32F10x_FWLib/Src/stm32f10x_rcc.c.obj
                0x08002458                RCC_APB2PeriphClockCmd
 .text.RCC_APB1PeriphClockCmd
                0x08002474       0x1c CMakeFiles/PWM.elf.dir/STM32F10x_FWLib/Src/stm32f10x_rcc.c.obj
                0x08002474                RCC_APB1PeriphClockCmd
 .text.RCC_APB2PeriphResetCmd
                0x08002490       0x1c CMakeFiles/PWM.elf.dir/STM32F10x_FWLib/Src/stm32f10x_rcc.c.obj
                0x08002490                RCC_APB2PeriphResetCmd
 .text.RCC_BackupResetCmd
                0x080024ac        0xc CMakeFiles/PWM.elf.dir/STM32F10x_FWLib/Src/stm32f10x_rcc.c.obj
                0x080024ac                RCC_BackupResetCmd
 .text.RCC_GetFlagStatus
                0x080024b8       0x34 CMakeFiles/PWM.elf.dir/STM32F10x_FWLib/Src/stm32f10x_rcc.c.obj
                0x080024b8                RCC_GetFlagStatus
 .text.RTC_ITConfig
                0x080024ec       0x20 CMakeFiles/PWM.elf.dir/STM32F10x_FWLib/Src/stm32f10x_rtc.c.obj
                0x080024ec                RTC_ITConfig
 .text.RTC_EnterConfigMode
                0x0800250c       0x14 CMakeFiles/PWM.elf.dir/STM32F10x_FWLib/Src/stm32f10x_rtc.c.obj
                0x0800250c                RTC_EnterConfigMode
 .text.RTC_ExitConfigMode
                0x08002520       0x14 CMakeFiles/PWM.elf.dir/STM32F10x_FWLib/Src/stm32f10x_rtc.c.obj
                0x08002520                RTC_ExitConfigMode
 .text.RTC_GetCounter
                0x08002534       0x28 CMakeFiles/PWM.elf.dir/STM32F10x_FWLib/Src/stm32f10x_rtc.c.obj
                0x08002534                RTC_GetCounter
 .text.RTC_SetCounter
                0x0800255c       0x1c CMakeFiles/PWM.elf.dir/STM32F10x_FWLib/Src/stm32f10x_rtc.c.obj
                0x0800255c                RTC_SetCounter
 .text.RTC_SetPrescaler
                0x08002578       0x20 CMakeFiles/PWM.elf.dir/STM32F10x_FWLib/Src/stm32f10x_rtc.c.obj
                0x08002578                RTC_SetPrescaler
 .text.RTC_WaitForLastTask
                0x08002598       0x14 CMakeFiles/PWM.elf.dir/STM32F10x_FWLib/Src/stm32f10x_rtc.c.obj
                0x08002598                RTC_WaitForLastTask
 .text.RTC_WaitForSynchro
                0x080025ac       0x24 CMakeFiles/PWM.elf.dir/STM32F10x_FWLib/Src/stm32f10x_rtc.c.obj
                0x080025ac                RTC_WaitForSynchro
 .text.RTC_GetITStatus
                0x080025d0       0x20 CMakeFiles/PWM.elf.dir/STM32F10x_FWLib/Src/stm32f10x_rtc.c.obj
                0x080025d0                RTC_GetITStatus
 .text.RTC_ClearITPendingBit
                0x080025f0       0x14 CMakeFiles/PWM.elf.dir/STM32F10x_FWLib/Src/stm32f10x_rtc.c.obj
                0x080025f0                RTC_ClearITPendingBit
 .text.SPI_Init
                0x08002604       0x4c CMakeFiles/PWM.elf.dir/STM32F10x_FWLib/Src/stm32f10x_spi.c.obj
                0x08002604                SPI_Init
 .text.SPI_Cmd  0x08002650       0x1c CMakeFiles/PWM.elf.dir/STM32F10x_FWLib/Src/stm32f10x_spi.c.obj
                0x08002650                SPI_Cmd
 .text.SPI_I2S_SendData
                0x0800266c        0x4 CMakeFiles/PWM.elf.dir/STM32F10x_FWLib/Src/stm32f10x_spi.c.obj
                0x0800266c                SPI_I2S_SendData
 .text.SPI_I2S_ReceiveData
                0x08002670        0x8 CMakeFiles/PWM.elf.dir/STM32F10x_FWLib/Src/stm32f10x_spi.c.obj
                0x08002670                SPI_I2S_ReceiveData
 .text.SPI_I2S_GetFlagStatus
                0x08002678       0x10 CMakeFiles/PWM.elf.dir/STM32F10x_FWLib/Src/stm32f10x_spi.c.obj
                0x08002678                SPI_I2S_GetFlagStatus
 .text.TIM_TimeBaseInit
                0x08002688       0x94 CMakeFiles/PWM.elf.dir/STM32F10x_FWLib/Src/stm32f10x_tim.c.obj
                0x08002688                TIM_TimeBaseInit
 .text.TIM_OC2Init
                0x0800271c       0x88 CMakeFiles/PWM.elf.dir/STM32F10x_FWLib/Src/stm32f10x_tim.c.obj
                0x0800271c                TIM_OC2Init
 .text.TIM_OC3Init
                0x080027a4       0x84 CMakeFiles/PWM.elf.dir/STM32F10x_FWLib/Src/stm32f10x_tim.c.obj
                0x080027a4                TIM_OC3Init
 .text.TIM_OC4Init
                0x08002828       0x68 CMakeFiles/PWM.elf.dir/STM32F10x_FWLib/Src/stm32f10x_tim.c.obj
                0x08002828                TIM_OC4Init
 .text.TIM_Cmd  0x08002890       0x1c CMakeFiles/PWM.elf.dir/STM32F10x_FWLib/Src/stm32f10x_tim.c.obj
                0x08002890                TIM_Cmd
 .text.TIM_ITConfig
                0x080028ac       0x18 CMakeFiles/PWM.elf.dir/STM32F10x_FWLib/Src/stm32f10x_tim.c.obj
                0x080028ac                TIM_ITConfig
 .text.TIM_OC2PolarityConfig
                0x080028c4       0x14 CMakeFiles/PWM.elf.dir/STM32F10x_FWLib/Src/stm32f10x_tim.c.obj
                0x080028c4                TIM_OC2PolarityConfig
 .text.TIM_OC3PolarityConfig
                0x080028d8       0x14 CMakeFiles/PWM.elf.dir/STM32F10x_FWLib/Src/stm32f10x_tim.c.obj
                0x080028d8                TIM_OC3PolarityConfig
 .text.TIM_OC4PolarityConfig
                0x080028ec       0x14 CMakeFiles/PWM.elf.dir/STM32F10x_FWLib/Src/stm32f10x_tim.c.obj
                0x080028ec                TIM_OC4PolarityConfig
 .text.TIM_SetCompare2
                0x08002900        0x4 CMakeFiles/PWM.elf.dir/STM32F10x_FWLib/Src/stm32f10x_tim.c.obj
                0x08002900                TIM_SetCompare2
 .text.TIM_SetCompare3
                0x08002904        0x4 CMakeFiles/PWM.elf.dir/STM32F10x_FWLib/Src/stm32f10x_tim.c.obj
                0x08002904                TIM_SetCompare3
 .text.TIM_SetCompare4
                0x08002908        0x8 CMakeFiles/PWM.elf.dir/STM32F10x_FWLib/Src/stm32f10x_tim.c.obj
                0x08002908                TIM_SetCompare4
 .text.TIM_GetITStatus
                0x08002910       0x18 CMakeFiles/PWM.elf.dir/STM32F10x_FWLib/Src/stm32f10x_tim.c.obj
                0x08002910                TIM_GetITStatus
 .text.TIM_ClearITPendingBit
                0x08002928        0x8 CMakeFiles/PWM.elf.dir/STM32F10x_FWLib/Src/stm32f10x_tim.c.obj
                0x08002928                TIM_ClearITPendingBit
 .text.USART_Init
                0x08002930       0xc8 CMakeFiles/PWM.elf.dir/STM32F10x_FWLib/Src/stm32f10x_usart.c.obj
                0x08002930                USART_Init
 .text.USART_Cmd
                0x080029f8       0x1c CMakeFiles/PWM.elf.dir/STM32F10x_FWLib/Src/stm32f10x_usart.c.obj
                0x080029f8                USART_Cmd
 .text.USART_ITConfig
                0x08002a14       0x38 CMakeFiles/PWM.elf.dir/STM32F10x_FWLib/Src/stm32f10x_usart.c.obj
                0x08002a14                USART_ITConfig
 .text.USART_SendData
                0x08002a4c        0x8 CMakeFiles/PWM.elf.dir/STM32F10x_FWLib/Src/stm32f10x_usart.c.obj
                0x08002a4c                USART_SendData
 .text.USART_ReceiveData
                0x08002a54        0x8 CMakeFiles/PWM.elf.dir/STM32F10x_FWLib/Src/stm32f10x_usart.c.obj
                0x08002a54                USART_ReceiveData
 .text.USART_GetFlagStatus
                0x08002a5c       0x10 CMakeFiles/PWM.elf.dir/STM32F10x_FWLib/Src/stm32f10x_usart.c.obj
                0x08002a5c                USART_GetFlagStatus
 .text.delay_init
                0x08002a6c       0x3c CMakeFiles/PWM.elf.dir/SYSTEM/Src/delay.c.obj
                0x08002a6c                delay_init
 .text.delay_us
                0x08002aa8       0x3c CMakeFiles/PWM.elf.dir/SYSTEM/Src/delay.c.obj
                0x08002aa8                delay_us
 .text.delay_ms
                0x08002ae4       0x3c CMakeFiles/PWM.elf.dir/SYSTEM/Src/delay.c.obj
                0x08002ae4                delay_ms
 .text.PrintfInit
                0x08002b20       0x20 CMakeFiles/PWM.elf.dir/SYSTEM/Src/usart.c.obj
                0x08002b20                PrintfInit
 .text.uart_init
                0x08002b40       0xa4 CMakeFiles/PWM.elf.dir/SYSTEM/Src/usart.c.obj
                0x08002b40                uart_init
 .text._isatty  0x08002be4        0xc CMakeFiles/PWM.elf.dir/SYSTEM/Src/usart.c.obj
                0x08002be4                _isatty
 .text._write   0x08002bf0       0x4c CMakeFiles/PWM.elf.dir/SYSTEM/Src/usart.c.obj
                0x08002bf0                _write
 .text._close   0x08002c3c       0x10 CMakeFiles/PWM.elf.dir/SYSTEM/Src/usart.c.obj
                0x08002c3c                _close
 .text._lseek   0x08002c4c        0x8 CMakeFiles/PWM.elf.dir/SYSTEM/Src/usart.c.obj
                0x08002c4c                _lseek
 .text._read    0x08002c54       0x28 CMakeFiles/PWM.elf.dir/SYSTEM/Src/usart.c.obj
                0x08002c54                _read
 .text.Reset_Handler
                0x08002c7c       0x48 CMakeFiles/PWM.elf.dir/Startup/startup_stm32f103rbtx.s.obj
                0x08002c7c                Reset_Handler
 .text.Default_Handler
                0x08002cc4        0x2 CMakeFiles/PWM.elf.dir/Startup/startup_stm32f103rbtx.s.obj
                0x08002cc4                RTC_Alarm_IRQHandler
                0x08002cc4                TIM1_CC_IRQHandler
                0x08002cc4                PVD_IRQHandler
                0x08002cc4                EXTI3_IRQHandler
                0x08002cc4                I2C2_EV_IRQHandler
                0x08002cc4                ADC1_2_IRQHandler
                0x08002cc4                SPI1_IRQHandler
                0x08002cc4                TAMPER_IRQHandler
                0x08002cc4                DMA1_Channel4_IRQHandler
                0x08002cc4                USART3_IRQHandler
                0x08002cc4                DMA1_Channel7_IRQHandler
                0x08002cc4                CAN1_RX1_IRQHandler
                0x08002cc4                TIM4_IRQHandler
                0x08002cc4                I2C1_EV_IRQHandler
                0x08002cc4                DMA1_Channel6_IRQHandler
                0x08002cc4                RCC_IRQHandler
                0x08002cc4                TIM1_TRG_COM_IRQHandler
                0x08002cc4                DMA1_Channel1_IRQHandler
                0x08002cc4                Default_Handler
                0x08002cc4                EXTI15_10_IRQHandler
                0x08002cc4                SPI2_IRQHandler
                0x08002cc4                DMA1_Channel5_IRQHandler
                0x08002cc4                EXTI4_IRQHandler
                0x08002cc4                USB_LP_CAN1_RX0_IRQHandler
                0x08002cc4                USB_HP_CAN1_TX_IRQHandler
                0x08002cc4                DMA1_Channel3_IRQHandler
                0x08002cc4                TIM1_UP_IRQHandler
                0x08002cc4                WWDG_IRQHandler
                0x08002cc4                TIM1_BRK_IRQHandler
                0x08002cc4                EXTI1_IRQHandler
                0x08002cc4                USART2_IRQHandler
                0x08002cc4                I2C2_ER_IRQHandler
                0x08002cc4                DMA1_Channel2_IRQHandler
                0x08002cc4                CAN1_SCE_IRQHandler
                0x08002cc4                FLASH_IRQHandler
                0x08002cc4                USART1_IRQHandler
                0x08002cc4                I2C1_ER_IRQHandler
                0x08002cc4                USBWakeUp_IRQHandler
 *fill*         0x08002cc6        0x2 
 .text.main     0x08002cc8      0x2f8 CMakeFiles/PWM.elf.dir/USER/Src/main.c.obj
                0x08002cc8                main
 .text.NMI_Handler
                0x08002fc0        0x4 CMakeFiles/PWM.elf.dir/USER/Src/stm32f10x_it.c.obj
                0x08002fc0                NMI_Handler
 .text.HardFault_Handler
                0x08002fc4        0x4 CMakeFiles/PWM.elf.dir/USER/Src/stm32f10x_it.c.obj
                0x08002fc4                HardFault_Handler
 .text.MemManage_Handler
                0x08002fc8        0x4 CMakeFiles/PWM.elf.dir/USER/Src/stm32f10x_it.c.obj
                0x08002fc8                MemManage_Handler
 .text.BusFault_Handler
                0x08002fcc        0x4 CMakeFiles/PWM.elf.dir/USER/Src/stm32f10x_it.c.obj
                0x08002fcc                BusFault_Handler
 .text.UsageFault_Handler
                0x08002fd0        0x4 CMakeFiles/PWM.elf.dir/USER/Src/stm32f10x_it.c.obj
                0x08002fd0                UsageFault_Handler
 .text.SVC_Handler
                0x08002fd4        0x4 CMakeFiles/PWM.elf.dir/USER/Src/stm32f10x_it.c.obj
                0x08002fd4                SVC_Handler
 .text.DebugMon_Handler
                0x08002fd8        0x4 CMakeFiles/PWM.elf.dir/USER/Src/stm32f10x_it.c.obj
                0x08002fd8                DebugMon_Handler
 .text.PendSV_Handler
                0x08002fdc        0x4 CMakeFiles/PWM.elf.dir/USER/Src/stm32f10x_it.c.obj
                0x08002fdc                PendSV_Handler
 .text.SysTick_Handler
                0x08002fe0        0x4 CMakeFiles/PWM.elf.dir/USER/Src/stm32f10x_it.c.obj
                0x08002fe0                SysTick_Handler
 .text.SetSysClockTo72
                0x08002fe4       0xc4 CMakeFiles/PWM.elf.dir/USER/Src/system_stm32f10x.c.obj
 .text.SetSysClock
                0x080030a8        0x8 CMakeFiles/PWM.elf.dir/USER/Src/system_stm32f10x.c.obj
 .text.SystemInit
                0x080030b0       0x50 CMakeFiles/PWM.elf.dir/USER/Src/system_stm32f10x.c.obj
                0x080030b0                SystemInit
 .text.__libc_init_array
                0x08003100       0x4c d:/program files (x86)/gnu tools arm embedded/5.4 2016q3/bin/../lib/gcc/arm-none-eabi/5.4.1/../../../../arm-none-eabi/lib/armv7-m\libg_nano.a(lib_a-init.o)
                0x08003100                __libc_init_array
 .text.memset   0x0800314c       0x10 d:/program files (x86)/gnu tools arm embedded/5.4 2016q3/bin/../lib/gcc/arm-none-eabi/5.4.1/../../../../arm-none-eabi/lib/armv7-m\libg_nano.a(lib_a-memset.o)
                0x0800314c                memset
 .text.__cvt    0x0800315c       0xc0 d:/program files (x86)/gnu tools arm embedded/5.4 2016q3/bin/../lib/gcc/arm-none-eabi/5.4.1/../../../../arm-none-eabi/lib/armv7-m\libg_nano.a(lib_a-nano-vfprintf_float.o)
                0x0800315c                __cvt
 .text.__exponent
                0x0800321c       0x62 d:/program files (x86)/gnu tools arm embedded/5.4 2016q3/bin/../lib/gcc/arm-none-eabi/5.4.1/../../../../arm-none-eabi/lib/armv7-m\libg_nano.a(lib_a-nano-vfprintf_float.o)
                0x0800321c                __exponent
 *fill*         0x0800327e        0x2 
 .text._printf_float
                0x08003280      0x488 d:/program files (x86)/gnu tools arm embedded/5.4 2016q3/bin/../lib/gcc/arm-none-eabi/5.4.1/../../../../arm-none-eabi/lib/armv7-m\libg_nano.a(lib_a-nano-vfprintf_float.o)
                0x08003280                _printf_float
 .text._printf_common
                0x08003708       0xec d:/program files (x86)/gnu tools arm embedded/5.4 2016q3/bin/../lib/gcc/arm-none-eabi/5.4.1/../../../../arm-none-eabi/lib/armv7-m\libg_nano.a(lib_a-nano-vfprintf_i.o)
                0x08003708                _printf_common
 .text._printf_i
                0x080037f4      0x24c d:/program files (x86)/gnu tools arm embedded/5.4 2016q3/bin/../lib/gcc/arm-none-eabi/5.4.1/../../../../arm-none-eabi/lib/armv7-m\libg_nano.a(lib_a-nano-vfprintf_i.o)
                0x080037f4                _printf_i
 .text.printf   0x08003a40       0x30 d:/program files (x86)/gnu tools arm embedded/5.4 2016q3/bin/../lib/gcc/arm-none-eabi/5.4.1/../../../../arm-none-eabi/lib/armv7-m\libg_nano.a(lib_a-printf.o)
                0x08003a40                iprintf
                0x08003a40                printf
 .text._puts_r  0x08003a70       0xb4 d:/program files (x86)/gnu tools arm embedded/5.4 2016q3/bin/../lib/gcc/arm-none-eabi/5.4.1/../../../../arm-none-eabi/lib/armv7-m\libg_nano.a(lib_a-puts.o)
                0x08003a70                _puts_r
 .text.puts     0x08003b24       0x10 d:/program files (x86)/gnu tools arm embedded/5.4 2016q3/bin/../lib/gcc/arm-none-eabi/5.4.1/../../../../arm-none-eabi/lib/armv7-m\libg_nano.a(lib_a-puts.o)
                0x08003b24                puts
 .text.setvbuf  0x08003b34      0x154 d:/program files (x86)/gnu tools arm embedded/5.4 2016q3/bin/../lib/gcc/arm-none-eabi/5.4.1/../../../../arm-none-eabi/lib/armv7-m\libg_nano.a(lib_a-setvbuf.o)
                0x08003b34                setvbuf
 .text.__swbuf_r
                0x08003c88       0xa8 d:/program files (x86)/gnu tools arm embedded/5.4 2016q3/bin/../lib/gcc/arm-none-eabi/5.4.1/../../../../arm-none-eabi/lib/armv7-m\libg_nano.a(lib_a-wbuf.o)
                0x08003c88                __swbuf_r
 .text.__swsetup_r
                0x08003d30       0xdc d:/program files (x86)/gnu tools arm embedded/5.4 2016q3/bin/../lib/gcc/arm-none-eabi/5.4.1/../../../../arm-none-eabi/lib/armv7-m\libg_nano.a(lib_a-wsetup.o)
                0x08003d30                __swsetup_r
 .text.quorem   0x08003e0c      0x116 d:/program files (x86)/gnu tools arm embedded/5.4 2016q3/bin/../lib/gcc/arm-none-eabi/5.4.1/../../../../arm-none-eabi/lib/armv7-m\libg_nano.a(lib_a-dtoa.o)
 *fill*         0x08003f22        0x6 
 .text._dtoa_r  0x08003f28      0xb30 d:/program files (x86)/gnu tools arm embedded/5.4 2016q3/bin/../lib/gcc/arm-none-eabi/5.4.1/../../../../arm-none-eabi/lib/armv7-m\libg_nano.a(lib_a-dtoa.o)
                0x08003f28                _dtoa_r
 .text.__sflush_r
                0x08004a58      0x10c d:/program files (x86)/gnu tools arm embedded/5.4 2016q3/bin/../lib/gcc/arm-none-eabi/5.4.1/../../../../arm-none-eabi/lib/armv7-m\libg_nano.a(lib_a-fflush.o)
                0x08004a58                __sflush_r
 .text._fflush_r
                0x08004b64       0x54 d:/program files (x86)/gnu tools arm embedded/5.4 2016q3/bin/../lib/gcc/arm-none-eabi/5.4.1/../../../../arm-none-eabi/lib/armv7-m\libg_nano.a(lib_a-fflush.o)
                0x08004b64                _fflush_r
 .text._cleanup_r
                0x08004bb8        0xc d:/program files (x86)/gnu tools arm embedded/5.4 2016q3/bin/../lib/gcc/arm-none-eabi/5.4.1/../../../../arm-none-eabi/lib/armv7-m\libg_nano.a(lib_a-findfp.o)
                0x08004bb8                _cleanup_r
 .text.std.isra.0
                0x08004bc4       0x48 d:/program files (x86)/gnu tools arm embedded/5.4 2016q3/bin/../lib/gcc/arm-none-eabi/5.4.1/../../../../arm-none-eabi/lib/armv7-m\libg_nano.a(lib_a-findfp.o)
 .text.__sfmoreglue
                0x08004c0c       0x2c d:/program files (x86)/gnu tools arm embedded/5.4 2016q3/bin/../lib/gcc/arm-none-eabi/5.4.1/../../../../arm-none-eabi/lib/armv7-m\libg_nano.a(lib_a-findfp.o)
                0x08004c0c                __sfmoreglue
 .text.__sinit  0x08004c38       0x60 d:/program files (x86)/gnu tools arm embedded/5.4 2016q3/bin/../lib/gcc/arm-none-eabi/5.4.1/../../../../arm-none-eabi/lib/armv7-m\libg_nano.a(lib_a-findfp.o)
                0x08004c38                __sinit
 .text.__sfp    0x08004c98       0x78 d:/program files (x86)/gnu tools arm embedded/5.4 2016q3/bin/../lib/gcc/arm-none-eabi/5.4.1/../../../../arm-none-eabi/lib/armv7-m\libg_nano.a(lib_a-findfp.o)
                0x08004c98                __sfp
 .text._fwalk_reent
                0x08004d10       0x3c d:/program files (x86)/gnu tools arm embedded/5.4 2016q3/bin/../lib/gcc/arm-none-eabi/5.4.1/../../../../arm-none-eabi/lib/armv7-m\libg_nano.a(lib_a-fwalk.o)
                0x08004d10                _fwalk_reent
 .text._localeconv_r
                0x08004d4c       0x1c d:/program files (x86)/gnu tools arm embedded/5.4 2016q3/bin/../lib/gcc/arm-none-eabi/5.4.1/../../../../arm-none-eabi/lib/armv7-m\libg_nano.a(lib_a-localeconv.o)
                0x08004d4c                _localeconv_r
 .text.__swhatbuf_r
                0x08004d68       0x46 d:/program files (x86)/gnu tools arm embedded/5.4 2016q3/bin/../lib/gcc/arm-none-eabi/5.4.1/../../../../arm-none-eabi/lib/armv7-m\libg_nano.a(lib_a-makebuf.o)
                0x08004d68                __swhatbuf_r
 *fill*         0x08004dae        0x2 
 .text.__smakebuf_r
                0x08004db0       0x78 d:/program files (x86)/gnu tools arm embedded/5.4 2016q3/bin/../lib/gcc/arm-none-eabi/5.4.1/../../../../arm-none-eabi/lib/armv7-m\libg_nano.a(lib_a-makebuf.o)
                0x08004db0                __smakebuf_r
 .text.malloc   0x08004e28       0x10 d:/program files (x86)/gnu tools arm embedded/5.4 2016q3/bin/../lib/gcc/arm-none-eabi/5.4.1/../../../../arm-none-eabi/lib/armv7-m\libg_nano.a(lib_a-malloc.o)
                0x08004e28                malloc
 .text.memchr   0x08004e38       0x1c d:/program files (x86)/gnu tools arm embedded/5.4 2016q3/bin/../lib/gcc/arm-none-eabi/5.4.1/../../../../arm-none-eabi/lib/armv7-m\libg_nano.a(lib_a-memchr-stub.o)
                0x08004e38                memchr
 .text.memcpy   0x08004e54       0x16 d:/program files (x86)/gnu tools arm embedded/5.4 2016q3/bin/../lib/gcc/arm-none-eabi/5.4.1/../../../../arm-none-eabi/lib/armv7-m\libg_nano.a(lib_a-memcpy-stub.o)
                0x08004e54                memcpy
 .text._Balloc  0x08004e6a       0x6a d:/program files (x86)/gnu tools arm embedded/5.4 2016q3/bin/../lib/gcc/arm-none-eabi/5.4.1/../../../../arm-none-eabi/lib/armv7-m\libg_nano.a(lib_a-mprec.o)
                0x08004e6a                _Balloc
 .text._Bfree   0x08004ed4       0x2e d:/program files (x86)/gnu tools arm embedded/5.4 2016q3/bin/../lib/gcc/arm-none-eabi/5.4.1/../../../../arm-none-eabi/lib/armv7-m\libg_nano.a(lib_a-mprec.o)
                0x08004ed4                _Bfree
 .text.__multadd
                0x08004f02       0x76 d:/program files (x86)/gnu tools arm embedded/5.4 2016q3/bin/../lib/gcc/arm-none-eabi/5.4.1/../../../../arm-none-eabi/lib/armv7-m\libg_nano.a(lib_a-mprec.o)
                0x08004f02                __multadd
 .text.__hi0bits
                0x08004f78       0x40 d:/program files (x86)/gnu tools arm embedded/5.4 2016q3/bin/../lib/gcc/arm-none-eabi/5.4.1/../../../../arm-none-eabi/lib/armv7-m\libg_nano.a(lib_a-mprec.o)
                0x08004f78                __hi0bits
 .text.__lo0bits
                0x08004fb8       0x5a d:/program files (x86)/gnu tools arm embedded/5.4 2016q3/bin/../lib/gcc/arm-none-eabi/5.4.1/../../../../arm-none-eabi/lib/armv7-m\libg_nano.a(lib_a-mprec.o)
                0x08004fb8                __lo0bits
 .text.__i2b    0x08005012       0x12 d:/program files (x86)/gnu tools arm embedded/5.4 2016q3/bin/../lib/gcc/arm-none-eabi/5.4.1/../../../../arm-none-eabi/lib/armv7-m\libg_nano.a(lib_a-mprec.o)
                0x08005012                __i2b
 .text.__multiply
                0x08005024      0x120 d:/program files (x86)/gnu tools arm embedded/5.4 2016q3/bin/../lib/gcc/arm-none-eabi/5.4.1/../../../../arm-none-eabi/lib/armv7-m\libg_nano.a(lib_a-mprec.o)
                0x08005024                __multiply
 .text.__pow5mult
                0x08005144       0x9c d:/program files (x86)/gnu tools arm embedded/5.4 2016q3/bin/../lib/gcc/arm-none-eabi/5.4.1/../../../../arm-none-eabi/lib/armv7-m\libg_nano.a(lib_a-mprec.o)
                0x08005144                __pow5mult
 .text.__lshift
                0x080051e0       0xa2 d:/program files (x86)/gnu tools arm embedded/5.4 2016q3/bin/../lib/gcc/arm-none-eabi/5.4.1/../../../../arm-none-eabi/lib/armv7-m\libg_nano.a(lib_a-mprec.o)
                0x080051e0                __lshift
 .text.__mcmp   0x08005282       0x38 d:/program files (x86)/gnu tools arm embedded/5.4 2016q3/bin/../lib/gcc/arm-none-eabi/5.4.1/../../../../arm-none-eabi/lib/armv7-m\libg_nano.a(lib_a-mprec.o)
                0x08005282                __mcmp
 .text.__mdiff  0x080052ba       0xbe d:/program files (x86)/gnu tools arm embedded/5.4 2016q3/bin/../lib/gcc/arm-none-eabi/5.4.1/../../../../arm-none-eabi/lib/armv7-m\libg_nano.a(lib_a-mprec.o)
                0x080052ba                __mdiff
 .text.__d2b    0x08005378       0x9c d:/program files (x86)/gnu tools arm embedded/5.4 2016q3/bin/../lib/gcc/arm-none-eabi/5.4.1/../../../../arm-none-eabi/lib/armv7-m\libg_nano.a(lib_a-mprec.o)
                0x08005378                __d2b
 .text._calloc_r
                0x08005414       0x1c d:/program files (x86)/gnu tools arm embedded/5.4 2016q3/bin/../lib/gcc/arm-none-eabi/5.4.1/../../../../arm-none-eabi/lib/armv7-m\libg_nano.a(lib_a-nano-callocr.o)
                0x08005414                _calloc_r
 .text._free_r  0x08005430       0x98 d:/program files (x86)/gnu tools arm embedded/5.4 2016q3/bin/../lib/gcc/arm-none-eabi/5.4.1/../../../../arm-none-eabi/lib/armv7-m\libg_nano.a(lib_a-nano-freer.o)
                0x08005430                _free_r
 .text._malloc_r
                0x080054c8       0xbc d:/program files (x86)/gnu tools arm embedded/5.4 2016q3/bin/../lib/gcc/arm-none-eabi/5.4.1/../../../../arm-none-eabi/lib/armv7-m\libg_nano.a(lib_a-nano-mallocr.o)
                0x080054c8                _malloc_r
 .text.__sfputc_r
                0x08005584       0x2c d:/program files (x86)/gnu tools arm embedded/5.4 2016q3/bin/../lib/gcc/arm-none-eabi/5.4.1/../../../../arm-none-eabi/lib/armv7-m\libg_nano.a(lib_a-nano-vfprintf.o)
 .text.__sfputs_r
                0x080055b0       0x24 d:/program files (x86)/gnu tools arm embedded/5.4 2016q3/bin/../lib/gcc/arm-none-eabi/5.4.1/../../../../arm-none-eabi/lib/armv7-m\libg_nano.a(lib_a-nano-vfprintf.o)
                0x080055b0                __sfputs_r
 .text._vfprintf_r
                0x080055d4      0x238 d:/program files (x86)/gnu tools arm embedded/5.4 2016q3/bin/../lib/gcc/arm-none-eabi/5.4.1/../../../../arm-none-eabi/lib/armv7-m\libg_nano.a(lib_a-nano-vfprintf.o)
                0x080055d4                _vfprintf_r
                0x080055d4                _vfiprintf_r
 .text._sbrk_r  0x0800580c       0x20 d:/program files (x86)/gnu tools arm embedded/5.4 2016q3/bin/../lib/gcc/arm-none-eabi/5.4.1/../../../../arm-none-eabi/lib/armv7-m\libg_nano.a(lib_a-sbrkr.o)
                0x0800580c                _sbrk_r
 .text.__sread  0x0800582c       0x22 d:/program files (x86)/gnu tools arm embedded/5.4 2016q3/bin/../lib/gcc/arm-none-eabi/5.4.1/../../../../arm-none-eabi/lib/armv7-m\libg_nano.a(lib_a-stdio.o)
                0x0800582c                __sread
 .text.__swrite
                0x0800584e       0x38 d:/program files (x86)/gnu tools arm embedded/5.4 2016q3/bin/../lib/gcc/arm-none-eabi/5.4.1/../../../../arm-none-eabi/lib/armv7-m\libg_nano.a(lib_a-stdio.o)
                0x0800584e                __swrite
 .text.__sseek  0x08005886       0x24 d:/program files (x86)/gnu tools arm embedded/5.4 2016q3/bin/../lib/gcc/arm-none-eabi/5.4.1/../../../../arm-none-eabi/lib/armv7-m\libg_nano.a(lib_a-stdio.o)
                0x08005886                __sseek
 .text.__sclose
                0x080058aa        0x8 d:/program files (x86)/gnu tools arm embedded/5.4 2016q3/bin/../lib/gcc/arm-none-eabi/5.4.1/../../../../arm-none-eabi/lib/armv7-m\libg_nano.a(lib_a-stdio.o)
                0x080058aa                __sclose
 *fill*         0x080058b2        0x2 
 .text._write_r
                0x080058b4       0x24 d:/program files (x86)/gnu tools arm embedded/5.4 2016q3/bin/../lib/gcc/arm-none-eabi/5.4.1/../../../../arm-none-eabi/lib/armv7-m\libg_nano.a(lib_a-writer.o)
                0x080058b4                _write_r
 .text._close_r
                0x080058d8       0x20 d:/program files (x86)/gnu tools arm embedded/5.4 2016q3/bin/../lib/gcc/arm-none-eabi/5.4.1/../../../../arm-none-eabi/lib/armv7-m\libg_nano.a(lib_a-closer.o)
                0x080058d8                _close_r
 .text._fstat_r
                0x080058f8       0x24 d:/program files (x86)/gnu tools arm embedded/5.4 2016q3/bin/../lib/gcc/arm-none-eabi/5.4.1/../../../../arm-none-eabi/lib/armv7-m\libg_nano.a(lib_a-fstatr.o)
                0x080058f8                _fstat_r
 .text._isatty_r
                0x0800591c       0x20 d:/program files (x86)/gnu tools arm embedded/5.4 2016q3/bin/../lib/gcc/arm-none-eabi/5.4.1/../../../../arm-none-eabi/lib/armv7-m\libg_nano.a(lib_a-isattyr.o)
                0x0800591c                _isatty_r
 .text._lseek_r
                0x0800593c       0x24 d:/program files (x86)/gnu tools arm embedded/5.4 2016q3/bin/../lib/gcc/arm-none-eabi/5.4.1/../../../../arm-none-eabi/lib/armv7-m\libg_nano.a(lib_a-lseekr.o)
                0x0800593c                _lseek_r
 .text.__ascii_mbtowc
                0x08005960       0x24 d:/program files (x86)/gnu tools arm embedded/5.4 2016q3/bin/../lib/gcc/arm-none-eabi/5.4.1/../../../../arm-none-eabi/lib/armv7-m\libg_nano.a(lib_a-mbtowc_r.o)
                0x08005960                __ascii_mbtowc
 .text.__malloc_lock
                0x08005984        0x2 d:/program files (x86)/gnu tools arm embedded/5.4 2016q3/bin/../lib/gcc/arm-none-eabi/5.4.1/../../../../arm-none-eabi/lib/armv7-m\libg_nano.a(lib_a-mlock.o)
                0x08005984                __malloc_lock
 .text.__malloc_unlock
                0x08005986        0x2 d:/program files (x86)/gnu tools arm embedded/5.4 2016q3/bin/../lib/gcc/arm-none-eabi/5.4.1/../../../../arm-none-eabi/lib/armv7-m\libg_nano.a(lib_a-mlock.o)
                0x08005986                __malloc_unlock
 .text._read_r  0x08005988       0x24 d:/program files (x86)/gnu tools arm embedded/5.4 2016q3/bin/../lib/gcc/arm-none-eabi/5.4.1/../../../../arm-none-eabi/lib/armv7-m\libg_nano.a(lib_a-readr.o)
                0x08005988                _read_r
 .text.__ascii_wctomb
                0x080059ac       0x1a d:/program files (x86)/gnu tools arm embedded/5.4 2016q3/bin/../lib/gcc/arm-none-eabi/5.4.1/../../../../arm-none-eabi/lib/armv7-m\libg_nano.a(lib_a-wctomb_r.o)
                0x080059ac                __ascii_wctomb
 *fill*         0x080059c6        0x2 
 .text._fstat   0x080059c8       0x10 d:/program files (x86)/gnu tools arm embedded/5.4 2016q3/bin/../lib/gcc/arm-none-eabi/5.4.1/../../../../arm-none-eabi/lib/armv7-m\libnosys.a(fstat.o)
                0x080059c8                _fstat
 .text._sbrk    0x080059d8       0x1c d:/program files (x86)/gnu tools arm embedded/5.4 2016q3/bin/../lib/gcc/arm-none-eabi/5.4.1/../../../../arm-none-eabi/lib/armv7-m\libnosys.a(sbrk.o)
                0x080059d8                _sbrk
 *(.glue_7)
 .glue_7        0x080059f4        0x0 linker stubs
 *(.glue_7t)
 .glue_7t       0x080059f4        0x0 linker stubs
 *(.eh_frame)
 .eh_frame      0x080059f4        0x0 d:/program files (x86)/gnu tools arm embedded/5.4 2016q3/bin/../lib/gcc/arm-none-eabi/5.4.1/armv7-m/crtbegin.o
 *(.init)
 .init          0x080059f4        0x4 d:/program files (x86)/gnu tools arm embedded/5.4 2016q3/bin/../lib/gcc/arm-none-eabi/5.4.1/armv7-m/crti.o
                0x080059f4                _init
 .init          0x080059f8        0x8 d:/program files (x86)/gnu tools arm embedded/5.4 2016q3/bin/../lib/gcc/arm-none-eabi/5.4.1/armv7-m/crtn.o
 *(.fini)
 .fini          0x08005a00        0x4 d:/program files (x86)/gnu tools arm embedded/5.4 2016q3/bin/../lib/gcc/arm-none-eabi/5.4.1/armv7-m/crti.o
                0x08005a00                _fini
 .fini          0x08005a04        0x8 d:/program files (x86)/gnu tools arm embedded/5.4 2016q3/bin/../lib/gcc/arm-none-eabi/5.4.1/armv7-m/crtn.o
                0x08005a0c                . = ALIGN (0x4)
                0x08005a0c                _etext = .

.vfp11_veneer   0x08005a0c        0x0
 .vfp11_veneer  0x08005a0c        0x0 linker stubs

.v4_bx          0x08005a0c        0x0
 .v4_bx         0x08005a0c        0x0 linker stubs

.iplt           0x08005a0c        0x0
 .iplt          0x08005a0c        0x0 d:/program files (x86)/gnu tools arm embedded/5.4 2016q3/bin/../lib/gcc/arm-none-eabi/5.4.1/armv7-m/crtbegin.o

.rodata         0x08005a10      0x9f0
                0x08005a10                . = ALIGN (0x4)
 *(.rodata)
 *(.rodata*)
 .rodata.mon_table
                0x08005a10        0xc CMakeFiles/PWM.elf.dir/HARDWARE/Src/rtc.c.obj
                0x08005a10                mon_table
 .rodata.table_week
                0x08005a1c        0xc CMakeFiles/PWM.elf.dir/HARDWARE/Src/rtc.c.obj
                0x08005a1c                table_week
 .rodata.str1.4
                0x08005a28       0x3e CMakeFiles/PWM.elf.dir/HARDWARE/Src/rtc.c.obj
 *fill*         0x08005a66        0x2 
 .rodata.str1.4
                0x08005a68       0x19 CMakeFiles/PWM.elf.dir/HARDWARE/Src/timer.c.obj
 *fill*         0x08005a81        0x3 
 .rodata.F8X16  0x08005a84      0x5f0 CMakeFiles/PWM.elf.dir/OLED/Src/oled.c.obj
                0x08005a84                F8X16
 .rodata.str1.4
                0x08006074       0xc8 CMakeFiles/PWM.elf.dir/USER/Src/main.c.obj
                                 0xc7 (size before relaxing)
 .rodata._global_impure_ptr
                0x0800613c        0x4 d:/program files (x86)/gnu tools arm embedded/5.4 2016q3/bin/../lib/gcc/arm-none-eabi/5.4.1/../../../../arm-none-eabi/lib/armv7-m\libg_nano.a(lib_a-impure.o)
                0x0800613c                _global_impure_ptr
 .rodata.str1.1
                0x08006140       0x12 d:/program files (x86)/gnu tools arm embedded/5.4 2016q3/bin/../lib/gcc/arm-none-eabi/5.4.1/../../../../arm-none-eabi/lib/armv7-m\libg_nano.a(lib_a-nano-vfprintf_float.o)
 .rodata.str1.1
                0x08006152       0x22 d:/program files (x86)/gnu tools arm embedded/5.4 2016q3/bin/../lib/gcc/arm-none-eabi/5.4.1/../../../../arm-none-eabi/lib/armv7-m\libg_nano.a(lib_a-nano-vfprintf_i.o)
 .rodata.str1.1
                0x08006174        0xd d:/program files (x86)/gnu tools arm embedded/5.4 2016q3/bin/../lib/gcc/arm-none-eabi/5.4.1/../../../../arm-none-eabi/lib/armv7-m\libg_nano.a(lib_a-dtoa.o)
                                  0xf (size before relaxing)
 *fill*         0x08006181        0x3 
 .rodata.__sf_fake_stdin
                0x08006184       0x20 d:/program files (x86)/gnu tools arm embedded/5.4 2016q3/bin/../lib/gcc/arm-none-eabi/5.4.1/../../../../arm-none-eabi/lib/armv7-m\libg_nano.a(lib_a-findfp.o)
                0x08006184                __sf_fake_stdin
 .rodata.__sf_fake_stdout
                0x080061a4       0x20 d:/program files (x86)/gnu tools arm embedded/5.4 2016q3/bin/../lib/gcc/arm-none-eabi/5.4.1/../../../../arm-none-eabi/lib/armv7-m\libg_nano.a(lib_a-findfp.o)
                0x080061a4                __sf_fake_stdout
 .rodata.__sf_fake_stderr
                0x080061c4       0x20 d:/program files (x86)/gnu tools arm embedded/5.4 2016q3/bin/../lib/gcc/arm-none-eabi/5.4.1/../../../../arm-none-eabi/lib/armv7-m\libg_nano.a(lib_a-findfp.o)
                0x080061c4                __sf_fake_stderr
 *fill*         0x080061e4        0x4 
 .rodata.__mprec_tens
                0x080061e8       0xc8 d:/program files (x86)/gnu tools arm embedded/5.4 2016q3/bin/../lib/gcc/arm-none-eabi/5.4.1/../../../../arm-none-eabi/lib/armv7-m\libg_nano.a(lib_a-mprec.o)
                0x080061e8                __mprec_tens
 .rodata.__mprec_bigtens
                0x080062b0       0x28 d:/program files (x86)/gnu tools arm embedded/5.4 2016q3/bin/../lib/gcc/arm-none-eabi/5.4.1/../../../../arm-none-eabi/lib/armv7-m\libg_nano.a(lib_a-mprec.o)
                0x080062b0                __mprec_bigtens
 .rodata.p05.6097
                0x080062d8        0xc d:/program files (x86)/gnu tools arm embedded/5.4 2016q3/bin/../lib/gcc/arm-none-eabi/5.4.1/../../../../arm-none-eabi/lib/armv7-m\libg_nano.a(lib_a-mprec.o)
 .rodata.str1.1
                0x080062e4       0x11 d:/program files (x86)/gnu tools arm embedded/5.4 2016q3/bin/../lib/gcc/arm-none-eabi/5.4.1/../../../../arm-none-eabi/lib/armv7-m\libg_nano.a(lib_a-nano-vfprintf.o)
 .rodata.str1.1
                0x080062f5        0xa d:/program files (x86)/gnu tools arm embedded/5.4 2016q3/bin/../lib/gcc/arm-none-eabi/5.4.1/../../../../arm-none-eabi/lib/armv7-m\libg_nano.a(lib_a-locale.o)
                                  0xb (size before relaxing)
 .rodata._ctype_
                0x080062ff      0x101 d:/program files (x86)/gnu tools arm embedded/5.4 2016q3/bin/../lib/gcc/arm-none-eabi/5.4.1/../../../../arm-none-eabi/lib/armv7-m\libg_nano.a(lib_a-ctype_.o)
                0x080062ff                _ctype_
                0x08006400                . = ALIGN (0x4)

.rel.dyn        0x08006400        0x0
 .rel.iplt      0x08006400        0x0 d:/program files (x86)/gnu tools arm embedded/5.4 2016q3/bin/../lib/gcc/arm-none-eabi/5.4.1/armv7-m/crtbegin.o

.ARM.extab      0x08006400        0x0
                0x08006400                . = ALIGN (0x4)
 *(.ARM.extab* .gnu.linkonce.armextab.*)
                0x08006400                . = ALIGN (0x4)

.ARM            0x08006400        0x0
                0x08006400                . = ALIGN (0x4)
                0x08006400                __exidx_start = .
 *(.ARM.exidx*)
                0x08006400                __exidx_end = .
                0x08006400                . = ALIGN (0x4)

.preinit_array  0x08006400        0x0
                0x08006400                . = ALIGN (0x4)
                0x08006400                PROVIDE (__preinit_array_start, .)
 *(.preinit_array*)
                0x08006400                PROVIDE (__preinit_array_end, .)
                0x08006400                . = ALIGN (0x4)

.init_array     0x08006400        0x4
                0x08006400                . = ALIGN (0x4)
                0x08006400                PROVIDE (__init_array_start, .)
 *(SORT(.init_array.*))
 *(.init_array*)
 .init_array    0x08006400        0x4 d:/program files (x86)/gnu tools arm embedded/5.4 2016q3/bin/../lib/gcc/arm-none-eabi/5.4.1/armv7-m/crtbegin.o
                0x08006404                PROVIDE (__init_array_end, .)
                0x08006404                . = ALIGN (0x4)

.fini_array     0x08006404        0x4
                0x08006404                . = ALIGN (0x4)
                [!provide]                PROVIDE (__fini_array_start, .)
 *(SORT(.fini_array.*))
 *(.fini_array*)
 .fini_array    0x08006404        0x4 d:/program files (x86)/gnu tools arm embedded/5.4 2016q3/bin/../lib/gcc/arm-none-eabi/5.4.1/armv7-m/crtbegin.o
                [!provide]                PROVIDE (__fini_array_end, .)
                0x08006408                . = ALIGN (0x4)
                0x08006408                _sidata = LOADADDR (.data)

.data           0x20000000      0x1f0 load address 0x08006408
                0x20000000                . = ALIGN (0x4)
                0x20000000                _sdata = .
 *(.data)
 *(.data*)
 .data.dirR     0x20000000        0x1 CMakeFiles/PWM.elf.dir/HARDWARE/Src/pwm.c.obj
                0x20000000                dirR
 *fill*         0x20000001        0x1 
 .data.ledR     0x20000002        0x2 CMakeFiles/PWM.elf.dir/HARDWARE/Src/pwm.c.obj
                0x20000002                ledR
 .data.degree   0x20000004        0x1 CMakeFiles/PWM.elf.dir/HARDWARE/Src/pwm.c.obj
                0x20000004                degree
 *fill*         0x20000005        0x1 
 .data.W25QXX_TYPE
                0x20000006        0x2 CMakeFiles/PWM.elf.dir/HARDWARE/Src/w25qxx.c.obj
                0x20000006                W25QXX_TYPE
 .data.ADCPrescTable
                0x20000008        0x4 CMakeFiles/PWM.elf.dir/STM32F10x_FWLib/Src/stm32f10x_rcc.c.obj
 .data.APBAHBPrescTable
                0x2000000c       0x10 CMakeFiles/PWM.elf.dir/STM32F10x_FWLib/Src/stm32f10x_rcc.c.obj
 .data.SystemCoreClock
                0x2000001c        0x4 CMakeFiles/PWM.elf.dir/USER/Src/system_stm32f10x.c.obj
                0x2000001c                SystemCoreClock
 .data.impure_data
                0x20000020       0x60 d:/program files (x86)/gnu tools arm embedded/5.4 2016q3/bin/../lib/gcc/arm-none-eabi/5.4.1/../../../../arm-none-eabi/lib/armv7-m\libg_nano.a(lib_a-impure.o)
 .data._impure_ptr
                0x20000080        0x4 d:/program files (x86)/gnu tools arm embedded/5.4 2016q3/bin/../lib/gcc/arm-none-eabi/5.4.1/../../../../arm-none-eabi/lib/armv7-m\libg_nano.a(lib_a-impure.o)
                0x20000080                _impure_ptr
 .data.__global_locale
                0x20000084      0x16c d:/program files (x86)/gnu tools arm embedded/5.4 2016q3/bin/../lib/gcc/arm-none-eabi/5.4.1/../../../../arm-none-eabi/lib/armv7-m\libg_nano.a(lib_a-locale.o)
                0x20000084                __global_locale
 *(.RamFunc)
 *(.RamFunc*)
                0x200001f0                . = ALIGN (0x4)
                0x200001f0                _edata = .

.jcr            0x200001f0        0x0 load address 0x080065f8
 .jcr           0x200001f0        0x0 d:/program files (x86)/gnu tools arm embedded/5.4 2016q3/bin/../lib/gcc/arm-none-eabi/5.4.1/armv7-m/crtbegin.o

.igot.plt       0x200001f0        0x0 load address 0x080065f8
 .igot.plt      0x200001f0        0x0 d:/program files (x86)/gnu tools arm embedded/5.4 2016q3/bin/../lib/gcc/arm-none-eabi/5.4.1/armv7-m/crtbegin.o
                0x200001f0                . = ALIGN (0x4)

.bss            0x200001f0       0x54 load address 0x080065f8
                0x200001f0                _sbss = .
                0x200001f0                __bss_start__ = _sbss
 *(.bss)
 .bss           0x200001f0       0x1c d:/program files (x86)/gnu tools arm embedded/5.4 2016q3/bin/../lib/gcc/arm-none-eabi/5.4.1/armv7-m/crtbegin.o
 *(.bss*)
 .bss.ledB      0x2000020c        0x2 CMakeFiles/PWM.elf.dir/HARDWARE/Src/pwm.c.obj
                0x2000020c                ledB
 .bss.ledG      0x2000020e        0x2 CMakeFiles/PWM.elf.dir/HARDWARE/Src/pwm.c.obj
                0x2000020e                ledG
 .bss.dirB      0x20000210        0x1 CMakeFiles/PWM.elf.dir/HARDWARE/Src/pwm.c.obj
                0x20000210                dirB
 .bss.dirG      0x20000211        0x1 CMakeFiles/PWM.elf.dir/HARDWARE/Src/pwm.c.obj
                0x20000211                dirG
 *fill*         0x20000212        0x2 
 .bss.calendar  0x20000214        0xa CMakeFiles/PWM.elf.dir/HARDWARE/Src/rtc.c.obj
                0x20000214                calendar
 .bss.daycnt.7632
                0x2000021e        0x2 CMakeFiles/PWM.elf.dir/HARDWARE/Src/rtc.c.obj
 .bss.fac_us    0x20000220        0x1 CMakeFiles/PWM.elf.dir/SYSTEM/Src/delay.c.obj
 *fill*         0x20000221        0x1 
 .bss.fac_ms    0x20000222        0x2 CMakeFiles/PWM.elf.dir/SYSTEM/Src/delay.c.obj
 .bss.G_uart    0x20000224        0x4 CMakeFiles/PWM.elf.dir/SYSTEM/Src/usart.c.obj
                0x20000224                G_uart
 .bss.temperature
                0x20000228        0x1 CMakeFiles/PWM.elf.dir/USER/Src/main.c.obj
                0x20000228                temperature
 .bss.t         0x20000229        0x1 CMakeFiles/PWM.elf.dir/USER/Src/main.c.obj
                0x20000229                t
 .bss.humidity  0x2000022a        0x1 CMakeFiles/PWM.elf.dir/USER/Src/main.c.obj
                0x2000022a                humidity
 *fill*         0x2000022b        0x1 
 .bss.temp      0x2000022c        0x4 CMakeFiles/PWM.elf.dir/USER/Src/main.c.obj
                0x2000022c                temp
 .bss.adc_x     0x20000230        0x2 CMakeFiles/PWM.elf.dir/USER/Src/main.c.obj
                0x20000230                adc_x
 *fill*         0x20000232        0x2 
 .bss.__malloc_sbrk_start
                0x20000234        0x4 d:/program files (x86)/gnu tools arm embedded/5.4 2016q3/bin/../lib/gcc/arm-none-eabi/5.4.1/../../../../arm-none-eabi/lib/armv7-m\libg_nano.a(lib_a-nano-mallocr.o)
                0x20000234                __malloc_sbrk_start
 .bss.__malloc_free_list
                0x20000238        0x4 d:/program files (x86)/gnu tools arm embedded/5.4 2016q3/bin/../lib/gcc/arm-none-eabi/5.4.1/../../../../arm-none-eabi/lib/armv7-m\libg_nano.a(lib_a-nano-mallocr.o)
                0x20000238                __malloc_free_list
 .bss.heap_end.4167
                0x2000023c        0x4 d:/program files (x86)/gnu tools arm embedded/5.4 2016q3/bin/../lib/gcc/arm-none-eabi/5.4.1/../../../../arm-none-eabi/lib/armv7-m\libnosys.a(sbrk.o)
 *(COMMON)
 COMMON         0x20000240        0x4 d:/program files (x86)/gnu tools arm embedded/5.4 2016q3/bin/../lib/gcc/arm-none-eabi/5.4.1/../../../../arm-none-eabi/lib/armv7-m\libg_nano.a(lib_a-reent.o)
                0x20000240                errno
                0x20000244                . = ALIGN (0x4)
                0x20000244                _ebss = .
                0x20000244                __bss_end__ = _ebss

._user_heap_stack
                0x20000244      0x604 load address 0x080065f8
                0x20000248                . = ALIGN (0x8)
 *fill*         0x20000244        0x4 
                0x20000248                PROVIDE (end, .)
                [!provide]                PROVIDE (_end, .)
                0x20000448                . = (. + _Min_Heap_Size)
 *fill*         0x20000248      0x200 
                0x20000848                . = (. + _Min_Stack_Size)
 *fill*         0x20000448      0x400 
                0x20000848                . = ALIGN (0x8)

/DISCARD/
 libc.a(*)
 libm.a(*)
 libgcc.a(*)

.ARM.attributes
                0x00000000       0x29
 *(.ARM.attributes)
 .ARM.attributes
                0x00000000       0x1d d:/program files (x86)/gnu tools arm embedded/5.4 2016q3/bin/../lib/gcc/arm-none-eabi/5.4.1/armv7-m/crti.o
 .ARM.attributes
                0x0000001d       0x2d d:/program files (x86)/gnu tools arm embedded/5.4 2016q3/bin/../lib/gcc/arm-none-eabi/5.4.1/armv7-m/crtbegin.o
 .ARM.attributes
                0x0000004a       0x33 CMakeFiles/PWM.elf.dir/HARDWARE/Src/adc.c.obj
 .ARM.attributes
                0x0000007d       0x33 CMakeFiles/PWM.elf.dir/HARDWARE/Src/beep.c.obj
 .ARM.attributes
                0x000000b0       0x33 CMakeFiles/PWM.elf.dir/HARDWARE/Src/dht11.c.obj
 .ARM.attributes
                0x000000e3       0x33 CMakeFiles/PWM.elf.dir/HARDWARE/Src/exti.c.obj
 .ARM.attributes
                0x00000116       0x33 CMakeFiles/PWM.elf.dir/HARDWARE/Src/key.c.obj
 .ARM.attributes
                0x00000149       0x33 CMakeFiles/PWM.elf.dir/HARDWARE/Src/led.c.obj
 .ARM.attributes
                0x0000017c       0x33 CMakeFiles/PWM.elf.dir/HARDWARE/Src/pwm.c.obj
 .ARM.attributes
                0x000001af       0x33 CMakeFiles/PWM.elf.dir/HARDWARE/Src/rtc.c.obj
 .ARM.attributes
                0x000001e2       0x33 CMakeFiles/PWM.elf.dir/HARDWARE/Src/spi.c.obj
 .ARM.attributes
                0x00000215       0x33 CMakeFiles/PWM.elf.dir/HARDWARE/Src/timer.c.obj
 .ARM.attributes
                0x00000248       0x33 CMakeFiles/PWM.elf.dir/HARDWARE/Src/w25qxx.c.obj
 .ARM.attributes
                0x0000027b       0x33 CMakeFiles/PWM.elf.dir/OLED/Src/oled.c.obj
 .ARM.attributes
                0x000002ae       0x33 CMakeFiles/PWM.elf.dir/STM32F10x_FWLib/Src/misc.c.obj
 .ARM.attributes
                0x000002e1       0x33 CMakeFiles/PWM.elf.dir/STM32F10x_FWLib/Src/stm32f10x_adc.c.obj
 .ARM.attributes
                0x00000314       0x33 CMakeFiles/PWM.elf.dir/STM32F10x_FWLib/Src/stm32f10x_bkp.c.obj
 .ARM.attributes
                0x00000347       0x33 CMakeFiles/PWM.elf.dir/STM32F10x_FWLib/Src/stm32f10x_exti.c.obj
 .ARM.attributes
                0x0000037a       0x33 CMakeFiles/PWM.elf.dir/STM32F10x_FWLib/Src/stm32f10x_gpio.c.obj
 .ARM.attributes
                0x000003ad       0x33 CMakeFiles/PWM.elf.dir/STM32F10x_FWLib/Src/stm32f10x_pwr.c.obj
 .ARM.attributes
                0x000003e0       0x33 CMakeFiles/PWM.elf.dir/STM32F10x_FWLib/Src/stm32f10x_rcc.c.obj
 .ARM.attributes
                0x00000413       0x33 CMakeFiles/PWM.elf.dir/STM32F10x_FWLib/Src/stm32f10x_rtc.c.obj
 .ARM.attributes
                0x00000446       0x33 CMakeFiles/PWM.elf.dir/STM32F10x_FWLib/Src/stm32f10x_spi.c.obj
 .ARM.attributes
                0x00000479       0x33 CMakeFiles/PWM.elf.dir/STM32F10x_FWLib/Src/stm32f10x_tim.c.obj
 .ARM.attributes
                0x000004ac       0x33 CMakeFiles/PWM.elf.dir/STM32F10x_FWLib/Src/stm32f10x_usart.c.obj
 .ARM.attributes
                0x000004df       0x33 CMakeFiles/PWM.elf.dir/SYSTEM/Src/delay.c.obj
 .ARM.attributes
                0x00000512       0x33 CMakeFiles/PWM.elf.dir/SYSTEM/Src/usart.c.obj
 .ARM.attributes
                0x00000545       0x21 CMakeFiles/PWM.elf.dir/Startup/startup_stm32f103rbtx.s.obj
 .ARM.attributes
                0x00000566       0x33 CMakeFiles/PWM.elf.dir/USER/Src/main.c.obj
 .ARM.attributes
                0x00000599       0x33 CMakeFiles/PWM.elf.dir/USER/Src/stm32f10x_it.c.obj
 .ARM.attributes
                0x000005cc       0x33 CMakeFiles/PWM.elf.dir/USER/Src/system_stm32f10x.c.obj
 .ARM.attributes
                0x000005ff       0x1d d:/program files (x86)/gnu tools arm embedded/5.4 2016q3/bin/../lib/gcc/arm-none-eabi/5.4.1/armv7-m\libgcc.a(_arm_addsubdf3.o)
 .ARM.attributes
                0x0000061c       0x1d d:/program files (x86)/gnu tools arm embedded/5.4 2016q3/bin/../lib/gcc/arm-none-eabi/5.4.1/armv7-m\libgcc.a(_arm_muldivdf3.o)
 .ARM.attributes
                0x00000639       0x1d d:/program files (x86)/gnu tools arm embedded/5.4 2016q3/bin/../lib/gcc/arm-none-eabi/5.4.1/armv7-m\libgcc.a(_arm_truncdfsf2.o)
 .ARM.attributes
                0x00000656       0x1d d:/program files (x86)/gnu tools arm embedded/5.4 2016q3/bin/../lib/gcc/arm-none-eabi/5.4.1/armv7-m\libgcc.a(_arm_addsubsf3.o)
 .ARM.attributes
                0x00000673       0x1d d:/program files (x86)/gnu tools arm embedded/5.4 2016q3/bin/../lib/gcc/arm-none-eabi/5.4.1/armv7-m\libgcc.a(_arm_muldivsf3.o)
 .ARM.attributes
                0x00000690       0x1d d:/program files (x86)/gnu tools arm embedded/5.4 2016q3/bin/../lib/gcc/arm-none-eabi/5.4.1/armv7-m\libgcc.a(_arm_fixunssfsi.o)
 .ARM.attributes
                0x000006ad       0x2d d:/program files (x86)/gnu tools arm embedded/5.4 2016q3/bin/../lib/gcc/arm-none-eabi/5.4.1/../../../../arm-none-eabi/lib/armv7-m\libg_nano.a(lib_a-impure.o)
 .ARM.attributes
                0x000006da       0x2d d:/program files (x86)/gnu tools arm embedded/5.4 2016q3/bin/../lib/gcc/arm-none-eabi/5.4.1/../../../../arm-none-eabi/lib/armv7-m\libg_nano.a(lib_a-init.o)
 .ARM.attributes
                0x00000707       0x2d d:/program files (x86)/gnu tools arm embedded/5.4 2016q3/bin/../lib/gcc/arm-none-eabi/5.4.1/../../../../arm-none-eabi/lib/armv7-m\libg_nano.a(lib_a-memset.o)
 .ARM.attributes
                0x00000734       0x2d d:/program files (x86)/gnu tools arm embedded/5.4 2016q3/bin/../lib/gcc/arm-none-eabi/5.4.1/../../../../arm-none-eabi/lib/armv7-m\libg_nano.a(lib_a-nano-vfprintf_float.o)
 .ARM.attributes
                0x00000761       0x2d d:/program files (x86)/gnu tools arm embedded/5.4 2016q3/bin/../lib/gcc/arm-none-eabi/5.4.1/../../../../arm-none-eabi/lib/armv7-m\libg_nano.a(lib_a-nano-vfprintf_i.o)
 .ARM.attributes
                0x0000078e       0x2d d:/program files (x86)/gnu tools arm embedded/5.4 2016q3/bin/../lib/gcc/arm-none-eabi/5.4.1/../../../../arm-none-eabi/lib/armv7-m\libg_nano.a(lib_a-printf.o)
 .ARM.attributes
                0x000007bb       0x2d d:/program files (x86)/gnu tools arm embedded/5.4 2016q3/bin/../lib/gcc/arm-none-eabi/5.4.1/../../../../arm-none-eabi/lib/armv7-m\libg_nano.a(lib_a-puts.o)
 .ARM.attributes
                0x000007e8       0x2d d:/program files (x86)/gnu tools arm embedded/5.4 2016q3/bin/../lib/gcc/arm-none-eabi/5.4.1/../../../../arm-none-eabi/lib/armv7-m\libg_nano.a(lib_a-setvbuf.o)
 .ARM.attributes
                0x00000815       0x17 d:/program files (x86)/gnu tools arm embedded/5.4 2016q3/bin/../lib/gcc/arm-none-eabi/5.4.1/../../../../arm-none-eabi/lib/armv7-m\libg_nano.a(lib_a-strlen.o)
 .ARM.attributes
                0x0000082c       0x2d d:/program files (x86)/gnu tools arm embedded/5.4 2016q3/bin/../lib/gcc/arm-none-eabi/5.4.1/../../../../arm-none-eabi/lib/armv7-m\libg_nano.a(lib_a-wbuf.o)
 .ARM.attributes
                0x00000859       0x2d d:/program files (x86)/gnu tools arm embedded/5.4 2016q3/bin/../lib/gcc/arm-none-eabi/5.4.1/../../../../arm-none-eabi/lib/armv7-m\libg_nano.a(lib_a-wsetup.o)
 .ARM.attributes
                0x00000886       0x2d d:/program files (x86)/gnu tools arm embedded/5.4 2016q3/bin/../lib/gcc/arm-none-eabi/5.4.1/../../../../arm-none-eabi/lib/armv7-m\libg_nano.a(lib_a-dtoa.o)
 .ARM.attributes
                0x000008b3       0x2d d:/program files (x86)/gnu tools arm embedded/5.4 2016q3/bin/../lib/gcc/arm-none-eabi/5.4.1/../../../../arm-none-eabi/lib/armv7-m\libg_nano.a(lib_a-fflush.o)
 .ARM.attributes
                0x000008e0       0x2d d:/program files (x86)/gnu tools arm embedded/5.4 2016q3/bin/../lib/gcc/arm-none-eabi/5.4.1/../../../../arm-none-eabi/lib/armv7-m\libg_nano.a(lib_a-findfp.o)
 .ARM.attributes
                0x0000090d       0x2d d:/program files (x86)/gnu tools arm embedded/5.4 2016q3/bin/../lib/gcc/arm-none-eabi/5.4.1/../../../../arm-none-eabi/lib/armv7-m\libg_nano.a(lib_a-fwalk.o)
 .ARM.attributes
                0x0000093a       0x2d d:/program files (x86)/gnu tools arm embedded/5.4 2016q3/bin/../lib/gcc/arm-none-eabi/5.4.1/../../../../arm-none-eabi/lib/armv7-m\libg_nano.a(lib_a-localeconv.o)
 .ARM.attributes
                0x00000967       0x2d d:/program files (x86)/gnu tools arm embedded/5.4 2016q3/bin/../lib/gcc/arm-none-eabi/5.4.1/../../../../arm-none-eabi/lib/armv7-m\libg_nano.a(lib_a-makebuf.o)
 .ARM.attributes
                0x00000994       0x2d d:/program files (x86)/gnu tools arm embedded/5.4 2016q3/bin/../lib/gcc/arm-none-eabi/5.4.1/../../../../arm-none-eabi/lib/armv7-m\libg_nano.a(lib_a-malloc.o)
 .ARM.attributes
                0x000009c1       0x2d d:/program files (x86)/gnu tools arm embedded/5.4 2016q3/bin/../lib/gcc/arm-none-eabi/5.4.1/../../../../arm-none-eabi/lib/armv7-m\libg_nano.a(lib_a-memchr-stub.o)
 .ARM.attributes
                0x000009ee       0x2d d:/program files (x86)/gnu tools arm embedded/5.4 2016q3/bin/../lib/gcc/arm-none-eabi/5.4.1/../../../../arm-none-eabi/lib/armv7-m\libg_nano.a(lib_a-memcpy-stub.o)
 .ARM.attributes
                0x00000a1b       0x2d d:/program files (x86)/gnu tools arm embedded/5.4 2016q3/bin/../lib/gcc/arm-none-eabi/5.4.1/../../../../arm-none-eabi/lib/armv7-m\libg_nano.a(lib_a-mprec.o)
 .ARM.attributes
                0x00000a48       0x2d d:/program files (x86)/gnu tools arm embedded/5.4 2016q3/bin/../lib/gcc/arm-none-eabi/5.4.1/../../../../arm-none-eabi/lib/armv7-m\libg_nano.a(lib_a-nano-callocr.o)
 .ARM.attributes
                0x00000a75       0x2d d:/program files (x86)/gnu tools arm embedded/5.4 2016q3/bin/../lib/gcc/arm-none-eabi/5.4.1/../../../../arm-none-eabi/lib/armv7-m\libg_nano.a(lib_a-nano-freer.o)
 .ARM.attributes
                0x00000aa2       0x2d d:/program files (x86)/gnu tools arm embedded/5.4 2016q3/bin/../lib/gcc/arm-none-eabi/5.4.1/../../../../arm-none-eabi/lib/armv7-m\libg_nano.a(lib_a-nano-mallocr.o)
 .ARM.attributes
                0x00000acf       0x2d d:/program files (x86)/gnu tools arm embedded/5.4 2016q3/bin/../lib/gcc/arm-none-eabi/5.4.1/../../../../arm-none-eabi/lib/armv7-m\libg_nano.a(lib_a-nano-vfprintf.o)
 .ARM.attributes
                0x00000afc       0x2d d:/program files (x86)/gnu tools arm embedded/5.4 2016q3/bin/../lib/gcc/arm-none-eabi/5.4.1/../../../../arm-none-eabi/lib/armv7-m\libg_nano.a(lib_a-sbrkr.o)
 .ARM.attributes
                0x00000b29       0x2d d:/program files (x86)/gnu tools arm embedded/5.4 2016q3/bin/../lib/gcc/arm-none-eabi/5.4.1/../../../../arm-none-eabi/lib/armv7-m\libg_nano.a(lib_a-stdio.o)
 .ARM.attributes
                0x00000b56       0x2d d:/program files (x86)/gnu tools arm embedded/5.4 2016q3/bin/../lib/gcc/arm-none-eabi/5.4.1/../../../../arm-none-eabi/lib/armv7-m\libg_nano.a(lib_a-writer.o)
 .ARM.attributes
                0x00000b83       0x2d d:/program files (x86)/gnu tools arm embedded/5.4 2016q3/bin/../lib/gcc/arm-none-eabi/5.4.1/../../../../arm-none-eabi/lib/armv7-m\libg_nano.a(lib_a-closer.o)
 .ARM.attributes
                0x00000bb0       0x2d d:/program files (x86)/gnu tools arm embedded/5.4 2016q3/bin/../lib/gcc/arm-none-eabi/5.4.1/../../../../arm-none-eabi/lib/armv7-m\libg_nano.a(lib_a-fstatr.o)
 .ARM.attributes
                0x00000bdd       0x2d d:/program files (x86)/gnu tools arm embedded/5.4 2016q3/bin/../lib/gcc/arm-none-eabi/5.4.1/../../../../arm-none-eabi/lib/armv7-m\libg_nano.a(lib_a-isattyr.o)
 .ARM.attributes
                0x00000c0a       0x2d d:/program files (x86)/gnu tools arm embedded/5.4 2016q3/bin/../lib/gcc/arm-none-eabi/5.4.1/../../../../arm-none-eabi/lib/armv7-m\libg_nano.a(lib_a-locale.o)
 .ARM.attributes
                0x00000c37       0x2d d:/program files (x86)/gnu tools arm embedded/5.4 2016q3/bin/../lib/gcc/arm-none-eabi/5.4.1/../../../../arm-none-eabi/lib/armv7-m\libg_nano.a(lib_a-lseekr.o)
 .ARM.attributes
                0x00000c64       0x2d d:/program files (x86)/gnu tools arm embedded/5.4 2016q3/bin/../lib/gcc/arm-none-eabi/5.4.1/../../../../arm-none-eabi/lib/armv7-m\libg_nano.a(lib_a-mbtowc_r.o)
 .ARM.attributes
                0x00000c91       0x2d d:/program files (x86)/gnu tools arm embedded/5.4 2016q3/bin/../lib/gcc/arm-none-eabi/5.4.1/../../../../arm-none-eabi/lib/armv7-m\libg_nano.a(lib_a-mlock.o)
 .ARM.attributes
                0x00000cbe       0x2d d:/program files (x86)/gnu tools arm embedded/5.4 2016q3/bin/../lib/gcc/arm-none-eabi/5.4.1/../../../../arm-none-eabi/lib/armv7-m\libg_nano.a(lib_a-readr.o)
 .ARM.attributes
                0x00000ceb       0x2d d:/program files (x86)/gnu tools arm embedded/5.4 2016q3/bin/../lib/gcc/arm-none-eabi/5.4.1/../../../../arm-none-eabi/lib/armv7-m\libg_nano.a(lib_a-reent.o)
 .ARM.attributes
                0x00000d18       0x2d d:/program files (x86)/gnu tools arm embedded/5.4 2016q3/bin/../lib/gcc/arm-none-eabi/5.4.1/../../../../arm-none-eabi/lib/armv7-m\libg_nano.a(lib_a-wctomb_r.o)
 .ARM.attributes
                0x00000d45       0x2d d:/program files (x86)/gnu tools arm embedded/5.4 2016q3/bin/../lib/gcc/arm-none-eabi/5.4.1/../../../../arm-none-eabi/lib/armv7-m\libg_nano.a(lib_a-ctype_.o)
 .ARM.attributes
                0x00000d72       0x1d d:/program files (x86)/gnu tools arm embedded/5.4 2016q3/bin/../lib/gcc/arm-none-eabi/5.4.1/armv7-m\libgcc.a(_arm_cmpdf2.o)
 .ARM.attributes
                0x00000d8f       0x1d d:/program files (x86)/gnu tools arm embedded/5.4 2016q3/bin/../lib/gcc/arm-none-eabi/5.4.1/armv7-m\libgcc.a(_arm_unorddf2.o)
 .ARM.attributes
                0x00000dac       0x1d d:/program files (x86)/gnu tools arm embedded/5.4 2016q3/bin/../lib/gcc/arm-none-eabi/5.4.1/armv7-m\libgcc.a(_arm_fixdfsi.o)
 .ARM.attributes
                0x00000dc9       0x2d d:/program files (x86)/gnu tools arm embedded/5.4 2016q3/bin/../lib/gcc/arm-none-eabi/5.4.1/../../../../arm-none-eabi/lib/armv7-m\libnosys.a(fstat.o)
 .ARM.attributes
                0x00000df6       0x2d d:/program files (x86)/gnu tools arm embedded/5.4 2016q3/bin/../lib/gcc/arm-none-eabi/5.4.1/../../../../arm-none-eabi/lib/armv7-m\libnosys.a(sbrk.o)
 .ARM.attributes
                0x00000e23       0x1d d:/program files (x86)/gnu tools arm embedded/5.4 2016q3/bin/../lib/gcc/arm-none-eabi/5.4.1/armv7-m/crtn.o
OUTPUT(PWM.elf elf32-littlearm)

.debug_info     0x00000000     0xdded
 .debug_info    0x00000000      0x697 CMakeFiles/PWM.elf.dir/HARDWARE/Src/adc.c.obj
 .debug_info    0x00000697      0x253 CMakeFiles/PWM.elf.dir/HARDWARE/Src/beep.c.obj
 .debug_info    0x000008ea      0x46c CMakeFiles/PWM.elf.dir/HARDWARE/Src/dht11.c.obj
 .debug_info    0x00000d56      0x5b6 CMakeFiles/PWM.elf.dir/HARDWARE/Src/exti.c.obj
 .debug_info    0x0000130c      0x2f4 CMakeFiles/PWM.elf.dir/HARDWARE/Src/key.c.obj
 .debug_info    0x00001600      0x253 CMakeFiles/PWM.elf.dir/HARDWARE/Src/led.c.obj
 .debug_info    0x00001853      0x836 CMakeFiles/PWM.elf.dir/HARDWARE/Src/pwm.c.obj
 .debug_info    0x00002089      0xaf9 CMakeFiles/PWM.elf.dir/HARDWARE/Src/rtc.c.obj
 .debug_info    0x00002b82      0x5c9 CMakeFiles/PWM.elf.dir/HARDWARE/Src/spi.c.obj
 .debug_info    0x0000314b      0x853 CMakeFiles/PWM.elf.dir/HARDWARE/Src/timer.c.obj
 .debug_info    0x0000399e      0x931 CMakeFiles/PWM.elf.dir/HARDWARE/Src/w25qxx.c.obj
 .debug_info    0x000042cf      0xe3d CMakeFiles/PWM.elf.dir/OLED/Src/oled.c.obj
 .debug_info    0x0000510c      0x4f8 CMakeFiles/PWM.elf.dir/STM32F10x_FWLib/Src/misc.c.obj
 .debug_info    0x00005604      0xc13 CMakeFiles/PWM.elf.dir/STM32F10x_FWLib/Src/stm32f10x_adc.c.obj
 .debug_info    0x00006217      0x7c4 CMakeFiles/PWM.elf.dir/STM32F10x_FWLib/Src/stm32f10x_bkp.c.obj
 .debug_info    0x000069db      0x33e CMakeFiles/PWM.elf.dir/STM32F10x_FWLib/Src/stm32f10x_exti.c.obj
 .debug_info    0x00006d19      0x879 CMakeFiles/PWM.elf.dir/STM32F10x_FWLib/Src/stm32f10x_gpio.c.obj
 .debug_info    0x00007592      0x48e CMakeFiles/PWM.elf.dir/STM32F10x_FWLib/Src/stm32f10x_pwr.c.obj
 .debug_info    0x00007a20      0x8bf CMakeFiles/PWM.elf.dir/STM32F10x_FWLib/Src/stm32f10x_rcc.c.obj
 .debug_info    0x000082df      0x488 CMakeFiles/PWM.elf.dir/STM32F10x_FWLib/Src/stm32f10x_rtc.c.obj
 .debug_info    0x00008767      0x9b1 CMakeFiles/PWM.elf.dir/STM32F10x_FWLib/Src/stm32f10x_spi.c.obj
 .debug_info    0x00009118     0x2186 CMakeFiles/PWM.elf.dir/STM32F10x_FWLib/Src/stm32f10x_tim.c.obj
 .debug_info    0x0000b29e      0xb0e CMakeFiles/PWM.elf.dir/STM32F10x_FWLib/Src/stm32f10x_usart.c.obj
 .debug_info    0x0000bdac      0x1ff CMakeFiles/PWM.elf.dir/SYSTEM/Src/delay.c.obj
 .debug_info    0x0000bfab     0x10b2 CMakeFiles/PWM.elf.dir/SYSTEM/Src/usart.c.obj
 .debug_info    0x0000d05d       0xb4 CMakeFiles/PWM.elf.dir/Startup/startup_stm32f103rbtx.s.obj
 .debug_info    0x0000d111      0x75d CMakeFiles/PWM.elf.dir/USER/Src/main.c.obj
 .debug_info    0x0000d86e      0x119 CMakeFiles/PWM.elf.dir/USER/Src/stm32f10x_it.c.obj
 .debug_info    0x0000d987      0x466 CMakeFiles/PWM.elf.dir/USER/Src/system_stm32f10x.c.obj

.debug_abbrev   0x00000000     0x2ce1
 .debug_abbrev  0x00000000      0x19a CMakeFiles/PWM.elf.dir/HARDWARE/Src/adc.c.obj
 .debug_abbrev  0x0000019a      0x126 CMakeFiles/PWM.elf.dir/HARDWARE/Src/beep.c.obj
 .debug_abbrev  0x000002c0      0x1c2 CMakeFiles/PWM.elf.dir/HARDWARE/Src/dht11.c.obj
 .debug_abbrev  0x00000482      0x131 CMakeFiles/PWM.elf.dir/HARDWARE/Src/exti.c.obj
 .debug_abbrev  0x000005b3      0x160 CMakeFiles/PWM.elf.dir/HARDWARE/Src/key.c.obj
 .debug_abbrev  0x00000713      0x126 CMakeFiles/PWM.elf.dir/HARDWARE/Src/led.c.obj
 .debug_abbrev  0x00000839      0x153 CMakeFiles/PWM.elf.dir/HARDWARE/Src/pwm.c.obj
 .debug_abbrev  0x0000098c      0x205 CMakeFiles/PWM.elf.dir/HARDWARE/Src/rtc.c.obj
 .debug_abbrev  0x00000b91      0x176 CMakeFiles/PWM.elf.dir/HARDWARE/Src/spi.c.obj
 .debug_abbrev  0x00000d07      0x17a CMakeFiles/PWM.elf.dir/HARDWARE/Src/timer.c.obj
 .debug_abbrev  0x00000e81      0x1ef CMakeFiles/PWM.elf.dir/HARDWARE/Src/w25qxx.c.obj
 .debug_abbrev  0x00001070      0x28c CMakeFiles/PWM.elf.dir/OLED/Src/oled.c.obj
 .debug_abbrev  0x000012fc      0x165 CMakeFiles/PWM.elf.dir/STM32F10x_FWLib/Src/misc.c.obj
 .debug_abbrev  0x00001461      0x1e2 CMakeFiles/PWM.elf.dir/STM32F10x_FWLib/Src/stm32f10x_adc.c.obj
 .debug_abbrev  0x00001643      0x191 CMakeFiles/PWM.elf.dir/STM32F10x_FWLib/Src/stm32f10x_bkp.c.obj
 .debug_abbrev  0x000017d4      0x164 CMakeFiles/PWM.elf.dir/STM32F10x_FWLib/Src/stm32f10x_exti.c.obj
 .debug_abbrev  0x00001938      0x1ed CMakeFiles/PWM.elf.dir/STM32F10x_FWLib/Src/stm32f10x_gpio.c.obj
 .debug_abbrev  0x00001b25      0x1c7 CMakeFiles/PWM.elf.dir/STM32F10x_FWLib/Src/stm32f10x_pwr.c.obj
 .debug_abbrev  0x00001cec      0x1e2 CMakeFiles/PWM.elf.dir/STM32F10x_FWLib/Src/stm32f10x_rcc.c.obj
 .debug_abbrev  0x00001ece      0x18f CMakeFiles/PWM.elf.dir/STM32F10x_FWLib/Src/stm32f10x_rtc.c.obj
 .debug_abbrev  0x0000205d      0x1c8 CMakeFiles/PWM.elf.dir/STM32F10x_FWLib/Src/stm32f10x_spi.c.obj
 .debug_abbrev  0x00002225      0x1dc CMakeFiles/PWM.elf.dir/STM32F10x_FWLib/Src/stm32f10x_tim.c.obj
 .debug_abbrev  0x00002401      0x1c6 CMakeFiles/PWM.elf.dir/STM32F10x_FWLib/Src/stm32f10x_usart.c.obj
 .debug_abbrev  0x000025c7      0x119 CMakeFiles/PWM.elf.dir/SYSTEM/Src/delay.c.obj
 .debug_abbrev  0x000026e0      0x2d5 CMakeFiles/PWM.elf.dir/SYSTEM/Src/usart.c.obj
 .debug_abbrev  0x000029b5       0x12 CMakeFiles/PWM.elf.dir/Startup/startup_stm32f103rbtx.s.obj
 .debug_abbrev  0x000029c7      0x128 CMakeFiles/PWM.elf.dir/USER/Src/main.c.obj
 .debug_abbrev  0x00002aef       0x73 CMakeFiles/PWM.elf.dir/USER/Src/stm32f10x_it.c.obj
 .debug_abbrev  0x00002b62      0x17f CMakeFiles/PWM.elf.dir/USER/Src/system_stm32f10x.c.obj

.debug_loc      0x00000000     0x5d71
 .debug_loc     0x00000000       0xac CMakeFiles/PWM.elf.dir/HARDWARE/Src/adc.c.obj
 .debug_loc     0x000000ac      0x144 CMakeFiles/PWM.elf.dir/HARDWARE/Src/dht11.c.obj
 .debug_loc     0x000001f0       0x42 CMakeFiles/PWM.elf.dir/HARDWARE/Src/pwm.c.obj
 .debug_loc     0x00000232      0x6a7 CMakeFiles/PWM.elf.dir/HARDWARE/Src/rtc.c.obj
 .debug_loc     0x000008d9       0x8e CMakeFiles/PWM.elf.dir/HARDWARE/Src/spi.c.obj
 .debug_loc     0x00000967       0x84 CMakeFiles/PWM.elf.dir/HARDWARE/Src/timer.c.obj
 .debug_loc     0x000009eb      0x3d5 CMakeFiles/PWM.elf.dir/HARDWARE/Src/w25qxx.c.obj
 .debug_loc     0x00000dc0      0x673 CMakeFiles/PWM.elf.dir/OLED/Src/oled.c.obj
 .debug_loc     0x00001433      0x160 CMakeFiles/PWM.elf.dir/STM32F10x_FWLib/Src/misc.c.obj
 .debug_loc     0x00001593      0xa70 CMakeFiles/PWM.elf.dir/STM32F10x_FWLib/Src/stm32f10x_adc.c.obj
 .debug_loc     0x00002003       0xd8 CMakeFiles/PWM.elf.dir/STM32F10x_FWLib/Src/stm32f10x_bkp.c.obj
 .debug_loc     0x000020db      0x164 CMakeFiles/PWM.elf.dir/STM32F10x_FWLib/Src/stm32f10x_exti.c.obj
 .debug_loc     0x0000223f      0x542 CMakeFiles/PWM.elf.dir/STM32F10x_FWLib/Src/stm32f10x_gpio.c.obj
 .debug_loc     0x00002781      0x110 CMakeFiles/PWM.elf.dir/STM32F10x_FWLib/Src/stm32f10x_pwr.c.obj
 .debug_loc     0x00002891      0x692 CMakeFiles/PWM.elf.dir/STM32F10x_FWLib/Src/stm32f10x_rcc.c.obj
 .debug_loc     0x00002f23      0x289 CMakeFiles/PWM.elf.dir/STM32F10x_FWLib/Src/stm32f10x_rtc.c.obj
 .debug_loc     0x000031ac      0x60e CMakeFiles/PWM.elf.dir/STM32F10x_FWLib/Src/stm32f10x_spi.c.obj
 .debug_loc     0x000037ba     0x1aed CMakeFiles/PWM.elf.dir/STM32F10x_FWLib/Src/stm32f10x_tim.c.obj
 .debug_loc     0x000052a7      0x736 CMakeFiles/PWM.elf.dir/STM32F10x_FWLib/Src/stm32f10x_usart.c.obj
 .debug_loc     0x000059dd       0x68 CMakeFiles/PWM.elf.dir/SYSTEM/Src/delay.c.obj
 .debug_loc     0x00005a45      0x24d CMakeFiles/PWM.elf.dir/SYSTEM/Src/usart.c.obj
 .debug_loc     0x00005c92       0xdf CMakeFiles/PWM.elf.dir/USER/Src/system_stm32f10x.c.obj

.debug_aranges  0x00000000      0xe60
 .debug_aranges
                0x00000000       0x30 CMakeFiles/PWM.elf.dir/HARDWARE/Src/adc.c.obj
 .debug_aranges
                0x00000030       0x20 CMakeFiles/PWM.elf.dir/HARDWARE/Src/beep.c.obj
 .debug_aranges
                0x00000050       0x48 CMakeFiles/PWM.elf.dir/HARDWARE/Src/dht11.c.obj
 .debug_aranges
                0x00000098       0x38 CMakeFiles/PWM.elf.dir/HARDWARE/Src/exti.c.obj
 .debug_aranges
                0x000000d0       0x28 CMakeFiles/PWM.elf.dir/HARDWARE/Src/key.c.obj
 .debug_aranges
                0x000000f8       0x20 CMakeFiles/PWM.elf.dir/HARDWARE/Src/led.c.obj
 .debug_aranges
                0x00000118       0x30 CMakeFiles/PWM.elf.dir/HARDWARE/Src/pwm.c.obj
 .debug_aranges
                0x00000148       0x58 CMakeFiles/PWM.elf.dir/HARDWARE/Src/rtc.c.obj
 .debug_aranges
                0x000001a0       0x30 CMakeFiles/PWM.elf.dir/HARDWARE/Src/spi.c.obj
 .debug_aranges
                0x000001d0       0x38 CMakeFiles/PWM.elf.dir/HARDWARE/Src/timer.c.obj
 .debug_aranges
                0x00000208       0x90 CMakeFiles/PWM.elf.dir/HARDWARE/Src/w25qxx.c.obj
 .debug_aranges
                0x00000298       0xb8 CMakeFiles/PWM.elf.dir/OLED/Src/oled.c.obj
 .debug_aranges
                0x00000350       0x40 CMakeFiles/PWM.elf.dir/STM32F10x_FWLib/Src/misc.c.obj
 .debug_aranges
                0x00000390      0x138 CMakeFiles/PWM.elf.dir/STM32F10x_FWLib/Src/stm32f10x_adc.c.obj
 .debug_aranges
                0x000004c8       0x78 CMakeFiles/PWM.elf.dir/STM32F10x_FWLib/Src/stm32f10x_bkp.c.obj
 .debug_aranges
                0x00000540       0x58 CMakeFiles/PWM.elf.dir/STM32F10x_FWLib/Src/stm32f10x_exti.c.obj
 .debug_aranges
                0x00000598       0xa8 CMakeFiles/PWM.elf.dir/STM32F10x_FWLib/Src/stm32f10x_gpio.c.obj
 .debug_aranges
                0x00000640       0x60 CMakeFiles/PWM.elf.dir/STM32F10x_FWLib/Src/stm32f10x_pwr.c.obj
 .debug_aranges
                0x000006a0      0x118 CMakeFiles/PWM.elf.dir/STM32F10x_FWLib/Src/stm32f10x_rcc.c.obj
 .debug_aranges
                0x000007b8       0x88 CMakeFiles/PWM.elf.dir/STM32F10x_FWLib/Src/stm32f10x_rtc.c.obj
 .debug_aranges
                0x00000840       0xd0 CMakeFiles/PWM.elf.dir/STM32F10x_FWLib/Src/stm32f10x_spi.c.obj
 .debug_aranges
                0x00000910      0x2f0 CMakeFiles/PWM.elf.dir/STM32F10x_FWLib/Src/stm32f10x_tim.c.obj
 .debug_aranges
                0x00000c00      0x100 CMakeFiles/PWM.elf.dir/STM32F10x_FWLib/Src/stm32f10x_usart.c.obj
 .debug_aranges
                0x00000d00       0x30 CMakeFiles/PWM.elf.dir/SYSTEM/Src/delay.c.obj
 .debug_aranges
                0x00000d30       0x50 CMakeFiles/PWM.elf.dir/SYSTEM/Src/usart.c.obj
 .debug_aranges
                0x00000d80       0x28 CMakeFiles/PWM.elf.dir/Startup/startup_stm32f103rbtx.s.obj
 .debug_aranges
                0x00000da8       0x20 CMakeFiles/PWM.elf.dir/USER/Src/main.c.obj
 .debug_aranges
                0x00000dc8       0x60 CMakeFiles/PWM.elf.dir/USER/Src/stm32f10x_it.c.obj
 .debug_aranges
                0x00000e28       0x38 CMakeFiles/PWM.elf.dir/USER/Src/system_stm32f10x.c.obj

.debug_ranges   0x00000000      0xcb0
 .debug_ranges  0x00000000       0x20 CMakeFiles/PWM.elf.dir/HARDWARE/Src/adc.c.obj
 .debug_ranges  0x00000020       0x10 CMakeFiles/PWM.elf.dir/HARDWARE/Src/beep.c.obj
 .debug_ranges  0x00000030       0x38 CMakeFiles/PWM.elf.dir/HARDWARE/Src/dht11.c.obj
 .debug_ranges  0x00000068       0x28 CMakeFiles/PWM.elf.dir/HARDWARE/Src/exti.c.obj
 .debug_ranges  0x00000090       0x18 CMakeFiles/PWM.elf.dir/HARDWARE/Src/key.c.obj
 .debug_ranges  0x000000a8       0x10 CMakeFiles/PWM.elf.dir/HARDWARE/Src/led.c.obj
 .debug_ranges  0x000000b8       0x20 CMakeFiles/PWM.elf.dir/HARDWARE/Src/pwm.c.obj
 .debug_ranges  0x000000d8       0x48 CMakeFiles/PWM.elf.dir/HARDWARE/Src/rtc.c.obj
 .debug_ranges  0x00000120       0x20 CMakeFiles/PWM.elf.dir/HARDWARE/Src/spi.c.obj
 .debug_ranges  0x00000140       0x28 CMakeFiles/PWM.elf.dir/HARDWARE/Src/timer.c.obj
 .debug_ranges  0x00000168       0x80 CMakeFiles/PWM.elf.dir/HARDWARE/Src/w25qxx.c.obj
 .debug_ranges  0x000001e8       0xa8 CMakeFiles/PWM.elf.dir/OLED/Src/oled.c.obj
 .debug_ranges  0x00000290       0x30 CMakeFiles/PWM.elf.dir/STM32F10x_FWLib/Src/misc.c.obj
 .debug_ranges  0x000002c0      0x128 CMakeFiles/PWM.elf.dir/STM32F10x_FWLib/Src/stm32f10x_adc.c.obj
 .debug_ranges  0x000003e8       0x68 CMakeFiles/PWM.elf.dir/STM32F10x_FWLib/Src/stm32f10x_bkp.c.obj
 .debug_ranges  0x00000450       0x48 CMakeFiles/PWM.elf.dir/STM32F10x_FWLib/Src/stm32f10x_exti.c.obj
 .debug_ranges  0x00000498       0x98 CMakeFiles/PWM.elf.dir/STM32F10x_FWLib/Src/stm32f10x_gpio.c.obj
 .debug_ranges  0x00000530       0x50 CMakeFiles/PWM.elf.dir/STM32F10x_FWLib/Src/stm32f10x_pwr.c.obj
 .debug_ranges  0x00000580      0x108 CMakeFiles/PWM.elf.dir/STM32F10x_FWLib/Src/stm32f10x_rcc.c.obj
 .debug_ranges  0x00000688       0x78 CMakeFiles/PWM.elf.dir/STM32F10x_FWLib/Src/stm32f10x_rtc.c.obj
 .debug_ranges  0x00000700       0xc0 CMakeFiles/PWM.elf.dir/STM32F10x_FWLib/Src/stm32f10x_spi.c.obj
 .debug_ranges  0x000007c0      0x2e0 CMakeFiles/PWM.elf.dir/STM32F10x_FWLib/Src/stm32f10x_tim.c.obj
 .debug_ranges  0x00000aa0       0xf0 CMakeFiles/PWM.elf.dir/STM32F10x_FWLib/Src/stm32f10x_usart.c.obj
 .debug_ranges  0x00000b90       0x20 CMakeFiles/PWM.elf.dir/SYSTEM/Src/delay.c.obj
 .debug_ranges  0x00000bb0       0x58 CMakeFiles/PWM.elf.dir/SYSTEM/Src/usart.c.obj
 .debug_ranges  0x00000c08       0x20 CMakeFiles/PWM.elf.dir/Startup/startup_stm32f103rbtx.s.obj
 .debug_ranges  0x00000c28       0x10 CMakeFiles/PWM.elf.dir/USER/Src/main.c.obj
 .debug_ranges  0x00000c38       0x50 CMakeFiles/PWM.elf.dir/USER/Src/stm32f10x_it.c.obj
 .debug_ranges  0x00000c88       0x28 CMakeFiles/PWM.elf.dir/USER/Src/system_stm32f10x.c.obj

.debug_line     0x00000000     0x6502
 .debug_line    0x00000000      0x2e9 CMakeFiles/PWM.elf.dir/HARDWARE/Src/adc.c.obj