Archive member included to satisfy reference by file (symbol)

d:/program files (x86)/gnu tools arm embedded/5.4 2016q3/bin/../lib/gcc/arm-none-eabi/5.4.1/armv7-m\libgcc.a(_arm_addsubdf3.o)
                              CMakeFiles/Intelligent_agriculture_FreeRTOS.elf.dir/USER/Src/main.c.obj (__aeabi_dsub)
d:/program files (x86)/gnu tools arm embedded/5.4 2016q3/bin/../lib/gcc/arm-none-eabi/5.4.1/armv7-m\libgcc.a(_arm_muldivdf3.o)
                              CMakeFiles/Intelligent_agriculture_FreeRTOS.elf.dir/USER/Src/main.c.obj (__aeabi_dmul)
d:/program files (x86)/gnu tools arm embedded/5.4 2016q3/bin/../lib/gcc/arm-none-eabi/5.4.1/armv7-m\libgcc.a(_arm_fixdfsi.o)
                              CMakeFiles/Intelligent_agriculture_FreeRTOS.elf.dir/USER/Src/main.c.obj (__aeabi_d2iz)
d:/program files (x86)/gnu tools arm embedded/5.4 2016q3/bin/../lib/gcc/arm-none-eabi/5.4.1/../../../../arm-none-eabi/lib/armv7-m\libg_nano.a(lib_a-exit.o)
                              d:/program files (x86)/gnu tools arm embedded/5.4 2016q3/bin/../lib/gcc/arm-none-eabi/5.4.1/../../../../arm-none-eabi/lib/armv7-m/crt0.o (exit)
d:/program files (x86)/gnu tools arm embedded/5.4 2016q3/bin/../lib/gcc/arm-none-eabi/5.4.1/../../../../arm-none-eabi/lib/armv7-m\libg_nano.a(lib_a-impure.o)
                              d:/program files (x86)/gnu tools arm embedded/5.4 2016q3/bin/../lib/gcc/arm-none-eabi/5.4.1/../../../../arm-none-eabi/lib/armv7-m\libg_nano.a(lib_a-exit.o) (_global_impure_ptr)
d:/program files (x86)/gnu tools arm embedded/5.4 2016q3/bin/../lib/gcc/arm-none-eabi/5.4.1/../../../../arm-none-eabi/lib/armv7-m\libg_nano.a(lib_a-init.o)
                              d:/program files (x86)/gnu tools arm embedded/5.4 2016q3/bin/../lib/gcc/arm-none-eabi/5.4.1/../../../../arm-none-eabi/lib/armv7-m/crt0.o (__libc_init_array)
d:/program files (x86)/gnu tools arm embedded/5.4 2016q3/bin/../lib/gcc/arm-none-eabi/5.4.1/../../../../arm-none-eabi/lib/armv7-m\libg_nano.a(lib_a-memcpy-stub.o)
                              CMakeFiles/Intelligent_agriculture_FreeRTOS.elf.dir/FreeRTOS/src/queue.c.obj (memcpy)
d:/program files (x86)/gnu tools arm embedded/5.4 2016q3/bin/../lib/gcc/arm-none-eabi/5.4.1/../../../../arm-none-eabi/lib/armv7-m\libg_nano.a(lib_a-memset.o)
                              d:/program files (x86)/gnu tools arm embedded/5.4 2016q3/bin/../lib/gcc/arm-none-eabi/5.4.1/../../../../arm-none-eabi/lib/armv7-m/crt0.o (memset)
d:/program files (x86)/gnu tools arm embedded/5.4 2016q3/bin/../lib/gcc/arm-none-eabi/5.4.1/../../../../arm-none-eabi/lib/armv7-m\libg_nano.a(lib_a-nano-vfprintf_float.o)
                              (_printf_float)
d:/program files (x86)/gnu tools arm embedded/5.4 2016q3/bin/../lib/gcc/arm-none-eabi/5.4.1/../../../../arm-none-eabi/lib/armv7-m\libg_nano.a(lib_a-nano-vfprintf_i.o)
                              d:/program files (x86)/gnu tools arm embedded/5.4 2016q3/bin/../lib/gcc/arm-none-eabi/5.4.1/../../../../arm-none-eabi/lib/armv7-m\libg_nano.a(lib_a-nano-vfprintf_float.o) (_printf_common)
d:/program files (x86)/gnu tools arm embedded/5.4 2016q3/bin/../lib/gcc/arm-none-eabi/5.4.1/../../../../arm-none-eabi/lib/armv7-m\libg_nano.a(lib_a-printf.o)
                              CMakeFiles/Intelligent_agriculture_FreeRTOS.elf.dir/FreeRTOS/port/MemMang/heap_4.c.obj (printf)
d:/program files (x86)/gnu tools arm embedded/5.4 2016q3/bin/../lib/gcc/arm-none-eabi/5.4.1/../../../../arm-none-eabi/lib/armv7-m\libg_nano.a(lib_a-puts.o)
                              CMakeFiles/Intelligent_agriculture_FreeRTOS.elf.dir/USER/Src/main.c.obj (puts)
d:/program files (x86)/gnu tools arm embedded/5.4 2016q3/bin/../lib/gcc/arm-none-eabi/5.4.1/../../../../arm-none-eabi/lib/armv7-m\libg_nano.a(lib_a-setvbuf.o)
                              CMakeFiles/Intelligent_agriculture_FreeRTOS.elf.dir/SYSTEM/Src/usart.c.obj (setvbuf)
d:/program files (x86)/gnu tools arm embedded/5.4 2016q3/bin/../lib/gcc/arm-none-eabi/5.4.1/../../../../arm-none-eabi/lib/armv7-m\libg_nano.a(lib_a-sprintf.o)
                              CMakeFiles/Intelligent_agriculture_FreeRTOS.elf.dir/FreeRTOS/src/tasks.c.obj (sprintf)
d:/program files (x86)/gnu tools arm embedded/5.4 2016q3/bin/../lib/gcc/arm-none-eabi/5.4.1/../../../../arm-none-eabi/lib/armv7-m\libg_nano.a(lib_a-strcpy.o)
                              CMakeFiles/Intelligent_agriculture_FreeRTOS.elf.dir/FreeRTOS/src/tasks.c.obj (strcpy)
d:/program files (x86)/gnu tools arm embedded/5.4 2016q3/bin/../lib/gcc/arm-none-eabi/5.4.1/../../../../arm-none-eabi/lib/armv7-m\libg_nano.a(lib_a-strlen.o)
                              CMakeFiles/Intelligent_agriculture_FreeRTOS.elf.dir/FreeRTOS/src/tasks.c.obj (strlen)
d:/program files (x86)/gnu tools arm embedded/5.4 2016q3/bin/../lib/gcc/arm-none-eabi/5.4.1/../../../../arm-none-eabi/lib/armv7-m\libg_nano.a(lib_a-wbuf.o)
[...]
Memory Configuration

Name             Origin             Length             Attributes
RAM              0x20000000         0x00005000         xrw
FLASH            0x08000000         0x00020000         xr
*default*        0x00000000         0xffffffff

Linker script and memory map

LOAD d:/program files (x86)/gnu tools arm embedded/5.4 2016q3/bin/../lib/gcc/arm-none-eabi/5.4.1/armv7-m/crti.o
LOAD d:/program files (x86)/gnu tools arm embedded/5.4 2016q3/bin/../lib/gcc/arm-none-eabi/5.4.1/armv7-m/crtbegin.o
LOAD d:/program files (x86)/gnu tools arm embedded/5.4 2016q3/bin/../lib/gcc/arm-none-eabi/5.4.1/../../../../arm-none-eabi/lib/armv7-m/crt0.o
LOAD CMakeFiles/Intelligent_agriculture_FreeRTOS.elf.dir/CORE/Src/core_cm3.c.obj
LOAD CMakeFiles/Intelligent_agriculture_FreeRTOS.elf.dir/FreeRTOS/port/MemMang/heap_4.c.obj
LOAD CMakeFiles/Intelligent_agriculture_FreeRTOS.elf.dir/FreeRTOS/port/RVDS/ARM_CM3/port.c.obj
LOAD CMakeFiles/Intelligent_agriculture_FreeRTOS.elf.dir/FreeRTOS/src/croutine.c.obj
LOAD CMakeFiles/Intelligent_agriculture_FreeRTOS.elf.dir/FreeRTOS/src/event_groups.c.obj
LOAD CMakeFiles/Intelligent_agriculture_FreeRTOS.elf.dir/FreeRTOS/src/list.c.obj
LOAD CMakeFiles/Intelligent_agriculture_FreeRTOS.elf.dir/FreeRTOS/src/queue.c.obj
LOAD CMakeFiles/Intelligent_agriculture_FreeRTOS.elf.dir/FreeRTOS/src/tasks.c.obj
LOAD CMakeFiles/Intelligent_agriculture_FreeRTOS.elf.dir/FreeRTOS/src/timers.c.obj
LOAD CMakeFiles/Intelligent_agriculture_FreeRTOS.elf.dir/HARDWARE/Src/adc.c.obj
LOAD CMakeFiles/Intelligent_agriculture_FreeRTOS.elf.dir/HARDWARE/Src/beep.c.obj
LOAD CMakeFiles/Intelligent_agriculture_FreeRTOS.elf.dir/HARDWARE/Src/dht11.c.obj
LOAD CMakeFiles/Intelligent_agriculture_FreeRTOS.elf.dir/HARDWARE/Src/exti.c.obj
LOAD CMakeFiles/Intelligent_agriculture_FreeRTOS.elf.dir/HARDWARE/Src/key.c.obj
LOAD CMakeFiles/Intelligent_agriculture_FreeRTOS.elf.dir/HARDWARE/Src/led.c.obj
LOAD CMakeFiles/Intelligent_agriculture_FreeRTOS.elf.dir/HARDWARE/Src/light.c.obj
LOAD CMakeFiles/Intelligent_agriculture_FreeRTOS.elf.dir/HARDWARE/Src/pwm.c.obj
LOAD CMakeFiles/Intelligent_agriculture_FreeRTOS.elf.dir/HARDWARE/Src/relay.c.obj
LOAD CMakeFiles/Intelligent_agriculture_FreeRTOS.elf.dir/HARDWARE/Src/soil.c.obj
LOAD CMakeFiles/Intelligent_agriculture_FreeRTOS.elf.dir/HARDWARE/Src/timer.c.obj
LOAD CMakeFiles/Intelligent_agriculture_FreeRTOS.elf.dir/OLED/Src/oled.c.obj
LOAD CMakeFiles/Intelligent_agriculture_FreeRTOS.elf.dir/STM32F10x_FWLib/Src/misc.c.obj
LOAD CMakeFiles/Intelligent_agriculture_FreeRTOS.elf.dir/STM32F10x_FWLib/Src/stm32f10x_adc.c.obj
LOAD CMakeFiles/Intelligent_agriculture_FreeRTOS.elf.dir/STM32F10x_FWLib/Src/stm32f10x_bkp.c.obj
LOAD CMakeFiles/Intelligent_agriculture_FreeRTOS.elf.dir/STM32F10x_FWLib/Src/stm32f10x_can.c.obj
LOAD CMakeFiles/Intelligent_agriculture_FreeRTOS.elf.dir/STM32F10x_FWLib/Src/stm32f10x_cec.c.obj
LOAD CMakeFiles/Intelligent_agriculture_FreeRTOS.elf.dir/STM32F10x_FWLib/Src/stm32f10x_crc.c.obj
LOAD CMakeFiles/Intelligent_agriculture_FreeRTOS.elf.dir/STM32F10x_FWLib/Src/stm32f10x_dac.c.obj
LOAD CMakeFiles/Intelligent_agriculture_FreeRTOS.elf.dir/STM32F10x_FWLib/Src/stm32f10x_dbgmcu.c.obj
LOAD CMakeFiles/Intelligent_agriculture_FreeRTOS.elf.dir/STM32F10x_FWLib/Src/stm32f10x_dma.c.obj
LOAD CMakeFiles/Intelligent_agriculture_FreeRTOS.elf.dir/STM32F10x_FWLib/Src/stm32f10x_exti.c.obj
LOAD CMakeFiles/Intelligent_agriculture_FreeRTOS.elf.dir/STM32F10x_FWLib/Src/stm32f10x_flash.c.obj
LOAD CMakeFiles/Intelligent_agriculture_FreeRTOS.elf.dir/STM32F10x_FWLib/Src/stm32f10x_fsmc.c.obj
LOAD CMakeFiles/Intelligent_agriculture_FreeRTOS.elf.dir/STM32F10x_FWLib/Src/stm32f10x_gpio.c.obj
LOAD CMakeFiles/Intelligent_agriculture_FreeRTOS.elf.dir/STM32F10x_FWLib/Src/stm32f10x_i2c.c.obj
LOAD CMakeFiles/Intelligent_agriculture_FreeRTOS.elf.dir/STM32F10x_FWLib/Src/stm32f10x_iwdg.c.obj
LOAD CMakeFiles/Intelligent_agriculture_FreeRTOS.elf.dir/STM32F10x_FWLib/Src/stm32f10x_pwr.c.obj
LOAD CMakeFiles/Intelligent_agriculture_FreeRTOS.elf.dir/STM32F10x_FWLib/Src/stm32f10x_rcc.c.obj
LOAD CMakeFiles/Intelligent_agriculture_FreeRTOS.elf.dir/STM32F10x_FWLib/Src/stm32f10x_rtc.c.obj
LOAD CMakeFiles/Intelligent_agriculture_FreeRTOS.elf.dir/STM32F10x_FWLib/Src/stm32f10x_sdio.c.obj
LOAD CMakeFiles/Intelligent_agriculture_FreeRTOS.elf.dir/STM32F10x_FWLib/Src/stm32f10x_spi.c.obj
LOAD CMakeFiles/Intelligent_agriculture_FreeRTOS.elf.dir/STM32F10x_FWLib/Src/stm32f10x_tim.c.obj
LOAD CMakeFiles/Intelligent_agriculture_FreeRTOS.elf.dir/STM32F10x_FWLib/Src/stm32f10x_usart.c.obj
LOAD CMakeFiles/Intelligent_agriculture_FreeRTOS.elf.dir/STM32F10x_FWLib/Src/stm32f10x_wwdg.c.obj
LOAD CMakeFiles/Intelligent_agriculture_FreeRTOS.elf.dir/SYSTEM/Src/delay.c.obj
LOAD CMakeFiles/Intelligent_agriculture_FreeRTOS.elf.dir/SYSTEM/Src/sys.c.obj
LOAD CMakeFiles/Intelligent_agriculture_FreeRTOS.elf.dir/SYSTEM/Src/usart.c.obj
LOAD CMakeFiles/Intelligent_agriculture_FreeRTOS.elf.dir/Startup/startup_stm32f103rbtx.s.obj
LOAD CMakeFiles/Intelligent_agriculture_FreeRTOS.elf.dir/USER/Src/main.c.obj
LOAD CMakeFiles/Intelligent_agriculture_FreeRTOS.elf.dir/USER/Src/stm32f10x_it.c.obj
LOAD CMakeFiles/Intelligent_agriculture_FreeRTOS.elf.dir/USER/Src/system_stm32f10x.c.obj
START GROUP
LOAD d:/program files (x86)/gnu tools arm embedded/5.4 2016q3/bin/../lib/gcc/arm-none-eabi/5.4.1/armv7-m\libgcc.a
LOAD d:/program files (x86)/gnu tools arm embedded/5.4 2016q3/bin/../lib/gcc/arm-none-eabi/5.4.1/../../../../arm-none-eabi/lib/armv7-m\libg_nano.a
LOAD d:/program files (x86)/gnu tools arm embedded/5.4 2016q3/bin/../lib/gcc/arm-none-eabi/5.4.1/../../../../arm-none-eabi/lib/armv7-m\libc_nano.a
END GROUP
START GROUP
LOAD d:/program files (x86)/gnu tools arm embedded/5.4 2016q3/bin/../lib/gcc/arm-none-eabi/5.4.1/armv7-m\libgcc.a
LOAD d:/program files (x86)/gnu tools arm embedded/5.4 2016q3/bin/../lib/gcc/arm-none-eabi/5.4.1/../../../../arm-none-eabi/lib/armv7-m\libc_nano.a
LOAD d:/program files (x86)/gnu tools arm embedded/5.4 2016q3/bin/../lib/gcc/arm-none-eabi/5.4.1/../../../../arm-none-eabi/lib/armv7-m\libnosys.a
END GROUP
START GROUP
LOAD d:/program files (x86)/gnu tools arm embedded/5.4 2016q3/bin/../lib/gcc/arm-none-eabi/5.4.1/armv7-m\libgcc.a
LOAD d:/program files (x86)/gnu tools arm embedded/5.4 2016q3/bin/../lib/gcc/arm-none-eabi/5.4.1/../../../../arm-none-eabi/lib/armv7-m\libc_nano.a
LOAD d:/program files (x86)/gnu tools arm embedded/5.4 2016q3/bin/../lib/gcc/arm-none-eabi/5.4.1/../../../../arm-none-eabi/lib/armv7-m\libnosys.a
END GROUP
LOAD d:/program files (x86)/gnu tools arm embedded/5.4 2016q3/bin/../lib/gcc/arm-none-eabi/5.4.1/armv7-m/crtend.o
LOAD d:/program files (x86)/gnu tools arm embedded/5.4 2016q3/bin/../lib/gcc/arm-none-eabi/5.4.1/armv7-m/crtn.o
                0x20005000                _estack = (ORIGIN (RAM) + LENGTH (RAM))
                0x00000200                _Min_Heap_Size = 0x200
                0x00000400                _Min_Stack_Size = 0x400

.isr_vector     0x08000000      0x10c
                0x08000000                . = ALIGN (0x4)
 *(.isr_vector)
 .isr_vector    0x08000000      0x10c CMakeFiles/Intelligent_agriculture_FreeRTOS.elf.dir/Startup/startup_stm32f103rbtx.s.obj
                0x08000000                g_pfnVectors
                0x0800010c                . = ALIGN (0x4)

.text           0x08000110     0x63a0
                0x08000110                . = ALIGN (0x4)
 *(.text)
 .text          0x08000110       0x5c d:/program files (x86)/gnu tools arm embedded/5.4 2016q3/bin/../lib/gcc/arm-none-eabi/5.4.1/armv7-m/crtbegin.o
 .text          0x0800016c      0x370 d:/program files (x86)/gnu tools arm embedded/5.4 2016q3/bin/../lib/gcc/arm-none-eabi/5.4.1/armv7-m\libgcc.a(_arm_addsubdf3.o)
                0x0800016c                __aeabi_drsub
                0x08000174                __aeabi_dsub
                0x08000174                __subdf3
                0x08000178                __aeabi_dadd
                0x08000178                __adddf3
                0x080003f0                __floatunsidf
                0x080003f0                __aeabi_ui2d
                0x08000410                __floatsidf
                0x08000410                __aeabi_i2d
                0x08000434                __aeabi_f2d
                0x08000434                __extendsfdf2
                0x08000470                __floatundidf
                0x08000470                __aeabi_ul2d
                0x08000480                __floatdidf
                0x08000480                __aeabi_l2d
 .text          0x080004dc      0x424 d:/program files (x86)/gnu tools arm embedded/5.4 2016q3/bin/../lib/gcc/arm-none-eabi/5.4.1/armv7-m\libgcc.a(_arm_muldivdf3.o)
                0x080004dc                __aeabi_dmul
                0x080004dc                __muldf3
                0x08000730                __divdf3
                0x08000730                __aeabi_ddiv
 .text          0x08000900       0x50 d:/program files (x86)/gnu tools arm embedded/5.4 2016q3/bin/../lib/gcc/arm-none-eabi/5.4.1/armv7-m\libgcc.a(_arm_fixdfsi.o)
                0x08000900                __aeabi_d2iz
                0x08000900                __fixdfsi
 .text          0x08000950       0x10 d:/program files (x86)/gnu tools arm embedded/5.4 2016q3/bin/../lib/gcc/arm-none-eabi/5.4.1/../../../../arm-none-eabi/lib/armv7-m\libg_nano.a(lib_a-strlen.o)
                0x08000950                strlen
 .text          0x08000960      0x110 d:/program files (x86)/gnu tools arm embedded/5.4 2016q3/bin/../lib/gcc/arm-none-eabi/5.4.1/armv7-m\libgcc.a(_arm_cmpdf2.o)
                0x08000960                __gtdf2
                0x08000960                __gedf2
                0x08000968                __ltdf2
                0x08000968                __ledf2
                0x08000970                __nedf2
                0x08000970                __eqdf2
                0x08000970                __cmpdf2
                0x080009ec                __aeabi_cdrcmple
                0x080009fc                __aeabi_cdcmpeq
                0x080009fc                __aeabi_cdcmple
                0x08000a0c                __aeabi_dcmpeq
                0x08000a20                __aeabi_dcmplt
                0x08000a34                __aeabi_dcmple
                0x08000a48                __aeabi_dcmpge
                0x08000a5c                __aeabi_dcmpgt
 .text          0x08000a70       0x2c d:/program files (x86)/gnu tools arm embedded/5.4 2016q3/bin/../lib/gcc/arm-none-eabi/5.4.1/armv7-m\libgcc.a(_arm_unorddf2.o)
                0x08000a70                __unorddf2
                0x08000a70                __aeabi_dcmpun
 *(.text*)
 .text.prvHeapInit
                0x08000a9c       0x64 CMakeFiles/Intelligent_agriculture_FreeRTOS.elf.dir/FreeRTOS/port/MemMang/heap_4.c.obj
 .text.prvInsertBlockIntoFreeList
                0x08000b00       0x54 CMakeFiles/Intelligent_agriculture_FreeRTOS.elf.dir/FreeRTOS/port/MemMang/heap_4.c.obj
 .text.pvPortMalloc
                0x08000b54       0xfc CMakeFiles/Intelligent_agriculture_FreeRTOS.elf.dir/FreeRTOS/port/MemMang/heap_4.c.obj
                0x08000b54                pvPortMalloc
 .text.vPortFree
                0x08000c50       0x80 CMakeFiles/Intelligent_agriculture_FreeRTOS.elf.dir/FreeRTOS/port/MemMang/heap_4.c.obj
                0x08000c50                vPortFree
 .text.prvPortStartFirstTask
                0x08000cd0       0x20 CMakeFiles/Intelligent_agriculture_FreeRTOS.elf.dir/FreeRTOS/port/RVDS/ARM_CM3/port.c.obj
 .text.prvTaskExitError
                0x08000cf0       0x34 CMakeFiles/Intelligent_agriculture_FreeRTOS.elf.dir/FreeRTOS/port/RVDS/ARM_CM3/port.c.obj
 .text.pxPortInitialiseStack
                0x08000d24       0x24 CMakeFiles/Intelligent_agriculture_FreeRTOS.elf.dir/FreeRTOS/port/RVDS/ARM_CM3/port.c.obj
                0x08000d24                pxPortInitialiseStack
 *fill*         0x08000d48        0x8 
 .text.SVC_Handler
                0x08000d50       0x24 CMakeFiles/Intelligent_agriculture_FreeRTOS.elf.dir/FreeRTOS/port/RVDS/ARM_CM3/port.c.obj
                0x08000d50                SVC_Handler
 .text.vPortEnterCritical
                0x08000d74       0x48 CMakeFiles/Intelligent_agriculture_FreeRTOS.elf.dir/FreeRTOS/port/RVDS/ARM_CM3/port.c.obj
                0x08000d74                vPortEnterCritical
 .text.vPortExitCritical
                0x08000dbc       0x30 CMakeFiles/Intelligent_agriculture_FreeRTOS.elf.dir/FreeRTOS/port/RVDS/ARM_CM3/port.c.obj
                0x08000dbc                vPortExitCritical
 *fill*         0x08000dec        0x4 
 .text.PendSV_Handler
                0x08000df0       0x44 CMakeFiles/Intelligent_agriculture_FreeRTOS.elf.dir/FreeRTOS/port/RVDS/ARM_CM3/port.c.obj
                0x08000df0                PendSV_Handler
 .text.xPortSysTickHandler
                0x08000e34       0x2c CMakeFiles/Intelligent_agriculture_FreeRTOS.elf.dir/FreeRTOS/port/RVDS/ARM_CM3/port.c.obj
                0x08000e34                xPortSysTickHandler
 .text.vPortSetupTimerInterrupt
                0x08000e60       0x2c CMakeFiles/Intelligent_agriculture_FreeRTOS.elf.dir/FreeRTOS/port/RVDS/ARM_CM3/port.c.obj
                0x08000e60                vPortSetupTimerInterrupt
 .text.xPortStartScheduler
                0x08000e8c       0x98 CMakeFiles/Intelligent_agriculture_FreeRTOS.elf.dir/FreeRTOS/port/RVDS/ARM_CM3/port.c.obj
                0x08000e8c                xPortStartScheduler
 .text.vPortValidateInterruptPriority
                0x08000f24       0x5c CMakeFiles/Intelligent_agriculture_FreeRTOS.elf.dir/FreeRTOS/port/RVDS/ARM_CM3/port.c.obj
                0x08000f24                vPortValidateInterruptPriority
 .text.vListInitialise
                0x08000f80       0x18 CMakeFiles/Intelligent_agriculture_FreeRTOS.elf.dir/FreeRTOS/src/list.c.obj
                0x08000f80                vListInitialise
 .text.vListInitialiseItem
                0x08000f98        0x8 CMakeFiles/Intelligent_agriculture_FreeRTOS.elf.dir/FreeRTOS/src/list.c.obj
                0x08000f98                vListInitialiseItem
 .text.vListInsertEnd
                0x08000fa0       0x18 CMakeFiles/Intelligent_agriculture_FreeRTOS.elf.dir/FreeRTOS/src/list.c.obj
                0x08000fa0                vListInsertEnd
 .text.vListInsert
                0x08000fb8       0x34 CMakeFiles/Intelligent_agriculture_FreeRTOS.elf.dir/FreeRTOS/src/list.c.obj
                0x08000fb8                vListInsert
 .text.uxListRemove
                0x08000fec       0x24 CMakeFiles/Intelligent_agriculture_FreeRTOS.elf.dir/FreeRTOS/src/list.c.obj
                0x08000fec                uxListRemove
 .text.prvIsQueueFull
                0x08001010       0x20 CMakeFiles/Intelligent_agriculture_FreeRTOS.elf.dir/FreeRTOS/src/queue.c.obj
 .text.prvIsQueueEmpty
                0x08001030       0x1c CMakeFiles/Intelligent_agriculture_FreeRTOS.elf.dir/FreeRTOS/src/queue.c.obj
 .text.prvCopyDataToQueue
                0x0800104c       0x78 CMakeFiles/Intelligent_agriculture_FreeRTOS.elf.dir/FreeRTOS/src/queue.c.obj
 .text.prvNotifyQueueSetContainer
                0x080010c4       0x7c CMakeFiles/Intelligent_agriculture_FreeRTOS.elf.dir/FreeRTOS/src/queue.c.obj
 .text.prvCopyDataFromQueue
                0x08001140       0x24 CMakeFiles/Intelligent_agriculture_FreeRTOS.elf.dir/FreeRTOS/src/queue.c.obj
 .text.prvUnlockQueue
                0x08001164       0x7c CMakeFiles/Intelligent_agriculture_FreeRTOS.elf.dir/FreeRTOS/src/queue.c.obj
 .text.xQueueGenericReset
                0x080011e0       0x84 CMakeFiles/Intelligent_agriculture_FreeRTOS.elf.dir/FreeRTOS/src/queue.c.obj
                0x080011e0                xQueueGenericReset
 .text.prvInitialiseNewQueue
                0x08001264       0x28 CMakeFiles/Intelligent_agriculture_FreeRTOS.elf.dir/FreeRTOS/src/queue.c.obj
 .text.xQueueGenericCreate
                0x0800128c       0x4c CMakeFiles/Intelligent_agriculture_FreeRTOS.elf.dir/FreeRTOS/src/queue.c.obj
                0x0800128c                xQueueGenericCreate
 .text.xQueueGenericSend
                0x080012d8      0x1a0 CMakeFiles/Intelligent_agriculture_FreeRTOS.elf.dir/FreeRTOS/src/queue.c.obj
                0x080012d8                xQueueGenericSend
 .text.xQueueGenericSendFromISR
                0x08001478       0xfc CMakeFiles/Intelligent_agriculture_FreeRTOS.elf.dir/FreeRTOS/src/queue.c.obj
                0x08001478                xQueueGenericSendFromISR
 .text.xQueueGenericReceive
                0x08001574      0x19c CMakeFiles/Intelligent_agriculture_FreeRTOS.elf.dir/FreeRTOS/src/queue.c.obj
                0x08001574                xQueueGenericReceive
 .text.vQueueAddToRegistry
                0x08001710       0x28 CMakeFiles/Intelligent_agriculture_FreeRTOS.elf.dir/FreeRTOS/src/queue.c.obj
                0x08001710                vQueueAddToRegistry
 .text.vQueueWaitForMessageRestricted
                0x08001738       0x4c CMakeFiles/Intelligent_agriculture_FreeRTOS.elf.dir/FreeRTOS/src/queue.c.obj
                0x08001738                vQueueWaitForMessageRestricted
 .text.prvResetNextTaskUnblockTime
                0x08001784       0x34 CMakeFiles/Intelligent_agriculture_FreeRTOS.elf.dir/FreeRTOS/src/tasks.c.obj
 .text.prvDeleteTCB
                0x080017b8       0x14 CMakeFiles/Intelligent_agriculture_FreeRTOS.elf.dir/FreeRTOS/src/tasks.c.obj
 .text.prvInitialiseNewTask
                0x080017cc       0x94 CMakeFiles/Intelligent_agriculture_FreeRTOS.elf.dir/FreeRTOS/src/tasks.c.obj
 .text.prvInitialiseTaskLists
                0x08001860       0x68 CMakeFiles/Intelligent_agriculture_FreeRTOS.elf.dir/FreeRTOS/src/tasks.c.obj
 .text.prvAddNewTaskToReadyList
                0x080018c8       0xac CMakeFiles/Intelligent_agriculture_FreeRTOS.elf.dir/FreeRTOS/src/tasks.c.obj
 .text.prvAddCurrentTaskToDelayedList
                0x08001974       0xa0 CMakeFiles/Intelligent_agriculture_FreeRTOS.elf.dir/FreeRTOS/src/tasks.c.obj
 .text.xTaskCreate
                0x08001a14       0x64 CMakeFiles/Intelligent_agriculture_FreeRTOS.elf.dir/FreeRTOS/src/tasks.c.obj
                0x08001a14                xTaskCreate
 .text.vTaskDelete
                0x08001a78       0xdc CMakeFiles/Intelligent_agriculture_FreeRTOS.elf.dir/FreeRTOS/src/tasks.c.obj
                0x08001a78                vTaskDelete
 .text.vTaskStartScheduler
                0x08001b54       0x84 CMakeFiles/Intelligent_agriculture_FreeRTOS.elf.dir/FreeRTOS/src/tasks.c.obj
                0x08001b54                vTaskStartScheduler
 .text.vTaskSuspendAll
                0x08001bd8       0x10 CMakeFiles/Intelligent_agriculture_FreeRTOS.elf.dir/FreeRTOS/src/tasks.c.obj
                0x08001bd8                vTaskSuspendAll
 .text.xTaskGetTickCount
                0x08001be8        0xc CMakeFiles/Intelligent_agriculture_FreeRTOS.elf.dir/FreeRTOS/src/tasks.c.obj
                0x08001be8                xTaskGetTickCount
 .text.xTaskIncrementTick
                0x08001bf4      0x128 CMakeFiles/Intelligent_agriculture_FreeRTOS.elf.dir/FreeRTOS/src/tasks.c.obj
                0x08001bf4                xTaskIncrementTick
 .text.xTaskResumeAll
                0x08001d1c       0xfc CMakeFiles/Intelligent_agriculture_FreeRTOS.elf.dir/FreeRTOS/src/tasks.c.obj
                0x08001d1c                xTaskResumeAll
 .text.vTaskDelay
                0x08001e18       0x50 CMakeFiles/Intelligent_agriculture_FreeRTOS.elf.dir/FreeRTOS/src/tasks.c.obj
                0x08001e18                vTaskDelay
 .text.prvCheckTasksWaitingTermination
                0x08001e68       0x54 CMakeFiles/Intelligent_agriculture_FreeRTOS.elf.dir/FreeRTOS/src/tasks.c.obj
 .text.prvIdleTask
                0x08001ebc       0x28 CMakeFiles/Intelligent_agriculture_FreeRTOS.elf.dir/FreeRTOS/src/tasks.c.obj
 .text.vTaskSwitchContext
                0x08001ee4       0x94 CMakeFiles/Intelligent_agriculture_FreeRTOS.elf.dir/FreeRTOS/src/tasks.c.obj
                0x08001ee4                vTaskSwitchContext
 .text.vTaskPlaceOnEventList
                0x08001f78       0x38 CMakeFiles/Intelligent_agriculture_FreeRTOS.elf.dir/FreeRTOS/src/tasks.c.obj
                0x08001f78                vTaskPlaceOnEventList
 .text.vTaskPlaceOnEventListRestricted
                0x08001fb0       0x40 CMakeFiles/Intelligent_agriculture_FreeRTOS.elf.dir/FreeRTOS/src/tasks.c.obj
                0x08001fb0                vTaskPlaceOnEventListRestricted
 .text.xTaskRemoveFromEventList
                0x08001ff0       0x90 CMakeFiles/Intelligent_agriculture_FreeRTOS.elf.dir/FreeRTOS/src/tasks.c.obj
                0x08001ff0                xTaskRemoveFromEventList
 .text.vTaskSetTimeOutState
                0x08002080       0x30 CMakeFiles/Intelligent_agriculture_FreeRTOS.elf.dir/FreeRTOS/src/tasks.c.obj
                0x08002080                vTaskSetTimeOutState
 .text.xTaskCheckForTimeOut
                0x080020b0       0x98 CMakeFiles/Intelligent_agriculture_FreeRTOS.elf.dir/FreeRTOS/src/tasks.c.obj
                0x080020b0                xTaskCheckForTimeOut
 .text.vTaskMissedYield
                0x08002148        0xc CMakeFiles/Intelligent_agriculture_FreeRTOS.elf.dir/FreeRTOS/src/tasks.c.obj
                0x08002148                vTaskMissedYield
 .text.xTaskGetSchedulerState
                0x08002154       0x20 CMakeFiles/Intelligent_agriculture_FreeRTOS.elf.dir/FreeRTOS/src/tasks.c.obj
                0x08002154                xTaskGetSchedulerState
 .text.vTaskPriorityInherit
                0x08002174       0xa8 CMakeFiles/Intelligent_agriculture_FreeRTOS.elf.dir/FreeRTOS/src/tasks.c.obj
                0x08002174                vTaskPriorityInherit
 .text.xTaskPriorityDisinherit
                0x0800221c       0xb0 CMakeFiles/Intelligent_agriculture_FreeRTOS.elf.dir/FreeRTOS/src/tasks.c.obj
                0x0800221c                xTaskPriorityDisinherit
 .text.pvTaskIncrementMutexHeldCount
                0x080022cc       0x1c CMakeFiles/Intelligent_agriculture_FreeRTOS.elf.dir/FreeRTOS/src/tasks.c.obj
                0x080022cc                pvTaskIncrementMutexHeldCount
 .text.prvGetNextExpireTime
                0x080022e8       0x20 CMakeFiles/Intelligent_agriculture_FreeRTOS.elf.dir/FreeRTOS/src/timers.c.obj
 .text.prvInsertTimerInActiveList
                0x08002308       0x48 CMakeFiles/Intelligent_agriculture_FreeRTOS.elf.dir/FreeRTOS/src/timers.c.obj
 .text.prvCheckForValidListAndQueue
                0x08002350       0x58 CMakeFiles/Intelligent_agriculture_FreeRTOS.elf.dir/FreeRTOS/src/timers.c.obj
 .text.xTimerCreateTimerTask
                0x080023a8       0x58 CMakeFiles/Intelligent_agriculture_FreeRTOS.elf.dir/FreeRTOS/src/timers.c.obj
                0x080023a8                xTimerCreateTimerTask
 .text.xTimerGenericCommand
                0x08002400       0x70 CMakeFiles/Intelligent_agriculture_FreeRTOS.elf.dir/FreeRTOS/src/timers.c.obj
                0x08002400                xTimerGenericCommand
 .text.prvSwitchTimerLists
                0x08002470       0x7c CMakeFiles/Intelligent_agriculture_FreeRTOS.elf.dir/FreeRTOS/src/timers.c.obj
 .text.prvSampleTimeNow
                0x080024ec       0x2c CMakeFiles/Intelligent_agriculture_FreeRTOS.elf.dir/FreeRTOS/src/timers.c.obj
 .text.prvProcessExpiredTimer
                0x08002518       0x60 CMakeFiles/Intelligent_agriculture_FreeRTOS.elf.dir/FreeRTOS/src/timers.c.obj
 .text.prvProcessTimerOrBlockTask
                0x08002578       0x74 CMakeFiles/Intelligent_agriculture_FreeRTOS.elf.dir/FreeRTOS/src/timers.c.obj
 .text.prvProcessReceivedCommands
                0x080025ec       0xcc CMakeFiles/Intelligent_agriculture_FreeRTOS.elf.dir/FreeRTOS/src/timers.c.obj
 .text.prvTimerTask
                0x080026b8       0x18 CMakeFiles/Intelligent_agriculture_FreeRTOS.elf.dir/FreeRTOS/src/timers.c.obj
 .text.Adc_Init
                0x080026d0       0xa0 CMakeFiles/Intelligent_agriculture_FreeRTOS.elf.dir/HARDWARE/Src/adc.c.obj
                0x080026d0                Adc_Init
 .text.Get_Adc  0x08002770       0x30 CMakeFiles/Intelligent_agriculture_FreeRTOS.elf.dir/HARDWARE/Src/adc.c.obj
                0x08002770                Get_Adc
 .text.Get_Adc_Average
                0x080027a0       0x2c CMakeFiles/Intelligent_agriculture_FreeRTOS.elf.dir/HARDWARE/Src/adc.c.obj
                0x080027a0                Get_Adc_Average
 .text.beep_init
                0x080027cc       0x3c CMakeFiles/Intelligent_agriculture_FreeRTOS.elf.dir/HARDWARE/Src/beep.c.obj
                0x080027cc                beep_init
 .text.DHT11_Rst
                0x08002808       0x34 CMakeFiles/Intelligent_agriculture_FreeRTOS.elf.dir/HARDWARE/Src/dht11.c.obj
                0x08002808                DHT11_Rst
 .text.DHT11_Check
                0x0800283c       0x60 CMakeFiles/Intelligent_agriculture_FreeRTOS.elf.dir/HARDWARE/Src/dht11.c.obj
                0x0800283c                DHT11_Check
 .text.DHT11_Read_Bit
                0x0800289c       0x50 CMakeFiles/Intelligent_agriculture_FreeRTOS.elf.dir/HARDWARE/Src/dht11.c.obj
                0x0800289c                DHT11_Read_Bit
 .text.DHT11_Read_Byte
                0x080028ec       0x20 CMakeFiles/Intelligent_agriculture_FreeRTOS.elf.dir/HARDWARE/Src/dht11.c.obj
                0x080028ec                DHT11_Read_Byte
 .text.DHT11_Read_Data
                0x0800290c       0x58 CMakeFiles/Intelligent_agriculture_FreeRTOS.elf.dir/HARDWARE/Src/dht11.c.obj
                0x0800290c                DHT11_Read_Data
 .text.DHT11_Init
                0x08002964       0x44 CMakeFiles/Intelligent_agriculture_FreeRTOS.elf.dir/HARDWARE/Src/dht11.c.obj
                0x08002964                DHT11_Init
 .text.EXTI0_IRQHandler
                0x080029a8       0x10 CMakeFiles/Intelligent_agriculture_FreeRTOS.elf.dir/HARDWARE/Src/exti.c.obj
                0x080029a8                EXTI0_IRQHandler
 .text.EXTI2_IRQHandler
                0x080029b8       0x24 CMakeFiles/Intelligent_agriculture_FreeRTOS.elf.dir/HARDWARE/Src/exti.c.obj
                0x080029b8                EXTI2_IRQHandler
 .text.EXTI9_5_IRQHandler
                0x080029dc       0x44 CMakeFiles/Intelligent_agriculture_FreeRTOS.elf.dir/HARDWARE/Src/exti.c.obj
                0x080029dc                EXTI9_5_IRQHandler
 .text.led_init
                0x08002a20       0x58 CMakeFiles/Intelligent_agriculture_FreeRTOS.elf.dir/HARDWARE/Src/led.c.obj
                0x08002a20                led_init
 .text.TIM2_IRQHandler
                0x08002a78       0x2c CMakeFiles/Intelligent_agriculture_FreeRTOS.elf.dir/HARDWARE/Src/timer.c.obj
                0x08002a78                TIM2_IRQHandler
 .text.TIM3_IRQHandler
                0x08002aa4       0x2c CMakeFiles/Intelligent_agriculture_FreeRTOS.elf.dir/HARDWARE/Src/timer.c.obj
                0x08002aa4                TIM3_IRQHandler
 .text.OLED_IIC_Start
                0x08002ad0       0x1c CMakeFiles/Intelligent_agriculture_FreeRTOS.elf.dir/OLED/Src/oled.c.obj
 .text.OLED_IIC_Stop
                0x08002aec       0x18 CMakeFiles/Intelligent_agriculture_FreeRTOS.elf.dir/OLED/Src/oled.c.obj
 .text.IIC_Wait_Ack
                0x08002b04       0x34 CMakeFiles/Intelligent_agriculture_FreeRTOS.elf.dir/OLED/Src/oled.c.obj
 .text.Write_IIC_Byte
                0x08002b38       0x50 CMakeFiles/Intelligent_agriculture_FreeRTOS.elf.dir/OLED/Src/oled.c.obj
 .text.Write_IIC_Data
                0x08002b88       0x20 CMakeFiles/Intelligent_agriculture_FreeRTOS.elf.dir/OLED/Src/oled.c.obj
 .text.Write_IIC_Command
                0x08002ba8       0x20 CMakeFiles/Intelligent_agriculture_FreeRTOS.elf.dir/OLED/Src/oled.c.obj
 .text.OLED_GPIO_Init
                0x08002bc8       0x58 CMakeFiles/Intelligent_agriculture_FreeRTOS.elf.dir/OLED/Src/oled.c.obj
                0x08002bc8                OLED_GPIO_Init
 .text.OLED_WR_Byte
                0x08002c20       0x10 CMakeFiles/Intelligent_agriculture_FreeRTOS.elf.dir/OLED/Src/oled.c.obj
                0x08002c20                OLED_WR_Byte
 .text.OLED_Set_Pos
                0x08002c30       0x28 CMakeFiles/Intelligent_agriculture_FreeRTOS.elf.dir/OLED/Src/oled.c.obj
                0x08002c30                OLED_Set_Pos
 .text.OLED_Clear
                0x08002c58       0x44 CMakeFiles/Intelligent_agriculture_FreeRTOS.elf.dir/OLED/Src/oled.c.obj
                0x08002c58                OLED_Clear
 .text.OLED_ShowChar
                0x08002c9c       0x64 CMakeFiles/Intelligent_agriculture_FreeRTOS.elf.dir/OLED/Src/oled.c.obj
                0x08002c9c                OLED_ShowChar
 .text.oled_pow
                0x08002d00       0x18 CMakeFiles/Intelligent_agriculture_FreeRTOS.elf.dir/OLED/Src/oled.c.obj
                0x08002d00                oled_pow
 .text.OLED_ShowNum
                0x08002d18       0x7c CMakeFiles/Intelligent_agriculture_FreeRTOS.elf.dir/OLED/Src/oled.c.obj
                0x08002d18                OLED_ShowNum
 .text.OLED_ShowString
                0x08002d94       0x30 CMakeFiles/Intelligent_agriculture_FreeRTOS.elf.dir/OLED/Src/oled.c.obj
                0x08002d94                OLED_ShowString
 .text.OLED_ShowCHinese
                0x08002dc4       0x54 CMakeFiles/Intelligent_agriculture_FreeRTOS.elf.dir/OLED/Src/oled.c.obj
                0x08002dc4                OLED_ShowCHinese
 .text.OLED_Init
                0x08002e18       0xdc CMakeFiles/Intelligent_agriculture_FreeRTOS.elf.dir/OLED/Src/oled.c.obj
                0x08002e18                OLED_Init
 .text.NVIC_PriorityGroupConfig
                0x08002ef4       0x14 CMakeFiles/Intelligent_agriculture_FreeRTOS.elf.dir/STM32F10x_FWLib/Src/misc.c.obj
                0x08002ef4                NVIC_PriorityGroupConfig
 .text.NVIC_Init
                0x08002f08       0x64 CMakeFiles/Intelligent_agriculture_FreeRTOS.elf.dir/STM32F10x_FWLib/Src/misc.c.obj
                0x08002f08                NVIC_Init
 .text.SysTick_CLKSourceConfig
                0x08002f6c       0x20 CMakeFiles/Intelligent_agriculture_FreeRTOS.elf.dir/STM32F10x_FWLib/Src/misc.c.obj
                0x08002f6c                SysTick_CLKSourceConfig
 .text.ADC_DeInit
                0x08002f8c       0x64 CMakeFiles/Intelligent_agriculture_FreeRTOS.elf.dir/STM32F10x_FWLib/Src/stm32f10x_adc.c.obj
                0x08002f8c                ADC_DeInit
 .text.ADC_Init
                0x08002ff0       0x48 CMakeFiles/Intelligent_agriculture_FreeRTOS.elf.dir/STM32F10x_FWLib/Src/stm32f10x_adc.c.obj
                0x08002ff0                ADC_Init
 .text.ADC_Cmd  0x08003038       0x18 CMakeFiles/Intelligent_agriculture_FreeRTOS.elf.dir/STM32F10x_FWLib/Src/stm32f10x_adc.c.obj
                0x08003038                ADC_Cmd
 .text.ADC_ResetCalibration
                0x08003050        0xc CMakeFiles/Intelligent_agriculture_FreeRTOS.elf.dir/STM32F10x_FWLib/Src/stm32f10x_adc.c.obj
                0x08003050                ADC_ResetCalibration
 .text.ADC_GetResetCalibrationStatus
                0x0800305c       0x10 CMakeFiles/Intelligent_agriculture_FreeRTOS.elf.dir/STM32F10x_FWLib/Src/stm32f10x_adc.c.obj
                0x0800305c                ADC_GetResetCalibrationStatus
 .text.ADC_StartCalibration
                0x0800306c        0xc CMakeFiles/Intelligent_agriculture_FreeRTOS.elf.dir/STM32F10x_FWLib/Src/stm32f10x_adc.c.obj
                0x0800306c                ADC_StartCalibration
 .text.ADC_GetCalibrationStatus
                0x08003078       0x10 CMakeFiles/Intelligent_agriculture_FreeRTOS.elf.dir/STM32F10x_FWLib/Src/stm32f10x_adc.c.obj
                0x08003078                ADC_GetCalibrationStatus
 .text.ADC_SoftwareStartConvCmd
                0x08003088       0x18 CMakeFiles/Intelligent_agriculture_FreeRTOS.elf.dir/STM32F10x_FWLib/Src/stm32f10x_adc.c.obj
                0x08003088                ADC_SoftwareStartConvCmd
 .text.ADC_RegularChannelConfig
                0x080030a0       0x8c CMakeFiles/Intelligent_agriculture_FreeRTOS.elf.dir/STM32F10x_FWLib/Src/stm32f10x_adc.c.obj
                0x080030a0                ADC_RegularChannelConfig
 .text.ADC_GetConversionValue
                0x0800312c        0x8 CMakeFiles/Intelligent_agriculture_FreeRTOS.elf.dir/STM32F10x_FWLib/Src/stm32f10x_adc.c.obj
                0x0800312c                ADC_GetConversionValue
 .text.ADC_GetFlagStatus
                0x08003134       0x10 CMakeFiles/Intelligent_agriculture_FreeRTOS.elf.dir/STM32F10x_FWLib/Src/stm32f10x_adc.c.obj
                0x08003134                ADC_GetFlagStatus
 .text.EXTI_ClearITPendingBit
                0x08003144        0xc CMakeFiles/Intelligent_agriculture_FreeRTOS.elf.dir/STM32F10x_FWLib/Src/stm32f10x_exti.c.obj
                0x08003144                EXTI_ClearITPendingBit
 .text.GPIO_Init
                0x08003150       0x9c CMakeFiles/Intelligent_agriculture_FreeRTOS.elf.dir/STM32F10x_FWLib/Src/stm32f10x_gpio.c.obj
                0x08003150                GPIO_Init
 .text.GPIO_ReadInputDataBit
                0x080031ec       0x10 CMakeFiles/Intelligent_agriculture_FreeRTOS.elf.dir/STM32F10x_FWLib/Src/stm32f10x_gpio.c.obj
                0x080031ec                GPIO_ReadInputDataBit
 .text.GPIO_SetBits
                0x080031fc        0x4 CMakeFiles/Intelligent_agriculture_FreeRTOS.elf.dir/STM32F10x_FWLib/Src/stm32f10x_gpio.c.obj
                0x080031fc                GPIO_SetBits
 .text.RCC_ADCCLKConfig
                0x08003200       0x14 CMakeFiles/Intelligent_agriculture_FreeRTOS.elf.dir/STM32F10x_FWLib/Src/stm32f10x_rcc.c.obj
                0x08003200                RCC_ADCCLKConfig
 .text.RCC_GetClocksFreq
                0x08003214       0xbc CMakeFiles/Intelligent_agriculture_FreeRTOS.elf.dir/STM32F10x_FWLib/Src/stm32f10x_rcc.c.obj
                0x08003214                RCC_GetClocksFreq
 .text.RCC_APB2PeriphClockCmd
                0x080032d0       0x1c CMakeFiles/Intelligent_agriculture_FreeRTOS.elf.dir/STM32F10x_FWLib/Src/stm32f10x_rcc.c.obj
                0x080032d0                RCC_APB2PeriphClockCmd
 .text.RCC_APB2PeriphResetCmd
                0x080032ec       0x1c CMakeFiles/Intelligent_agriculture_FreeRTOS.elf.dir/STM32F10x_FWLib/Src/stm32f10x_rcc.c.obj
                0x080032ec                RCC_APB2PeriphResetCmd
 .text.TIM_GetITStatus
                0x08003308       0x18 CMakeFiles/Intelligent_agriculture_FreeRTOS.elf.dir/STM32F10x_FWLib/Src/stm32f10x_tim.c.obj
                0x08003308                TIM_GetITStatus
 .text.TIM_ClearITPendingBit
                0x08003320        0x8 CMakeFiles/Intelligent_agriculture_FreeRTOS.elf.dir/STM32F10x_FWLib/Src/stm32f10x_tim.c.obj
                0x08003320                TIM_ClearITPendingBit
 .text.USART_Init
                0x08003328       0xc8 CMakeFiles/Intelligent_agriculture_FreeRTOS.elf.dir/STM32F10x_FWLib/Src/stm32f10x_usart.c.obj
                0x08003328                USART_Init
 .text.USART_Cmd
                0x080033f0       0x1c CMakeFiles/Intelligent_agriculture_FreeRTOS.elf.dir/STM32F10x_FWLib/Src/stm32f10x_usart.c.obj
                0x080033f0                USART_Cmd
 .text.USART_ITConfig
                0x0800340c       0x38 CMakeFiles/Intelligent_agriculture_FreeRTOS.elf.dir/STM32F10x_FWLib/Src/stm32f10x_usart.c.obj
                0x0800340c                USART_ITConfig
 .text.USART_SendData
                0x08003444        0x8 CMakeFiles/Intelligent_agriculture_FreeRTOS.elf.dir/STM32F10x_FWLib/Src/stm32f10x_usart.c.obj
                0x08003444                USART_SendData
 .text.USART_ReceiveData
                0x0800344c        0x8 CMakeFiles/Intelligent_agriculture_FreeRTOS.elf.dir/STM32F10x_FWLib/Src/stm32f10x_usart.c.obj
                0x0800344c                USART_ReceiveData
 .text.USART_GetFlagStatus
                0x08003454       0x10 CMakeFiles/Intelligent_agriculture_FreeRTOS.elf.dir/STM32F10x_FWLib/Src/stm32f10x_usart.c.obj
                0x08003454                USART_GetFlagStatus
 .text.USART_GetITStatus
                0x08003464       0x4c CMakeFiles/Intelligent_agriculture_FreeRTOS.elf.dir/STM32F10x_FWLib/Src/stm32f10x_usart.c.obj
                0x08003464                USART_GetITStatus
 .text.SysTick_Handler
                0x080034b0       0x10 CMakeFiles/Intelligent_agriculture_FreeRTOS.elf.dir/SYSTEM/Src/delay.c.obj
                0x080034b0                SysTick_Handler
 .text.delay_init
                0x080034c0       0x50 CMakeFiles/Intelligent_agriculture_FreeRTOS.elf.dir/SYSTEM/Src/delay.c.obj
                0x080034c0                delay_init
 .text.delay_us
                0x08003510       0x3c CMakeFiles/Intelligent_agriculture_FreeRTOS.elf.dir/SYSTEM/Src/delay.c.obj
                0x08003510                delay_us
 .text.delay_ms
                0x0800354c       0x3c CMakeFiles/Intelligent_agriculture_FreeRTOS.elf.dir/SYSTEM/Src/delay.c.obj
                0x0800354c                delay_ms
 .text.delay_xms
                0x08003588       0x18 CMakeFiles/Intelligent_agriculture_FreeRTOS.elf.dir/SYSTEM/Src/delay.c.obj
                0x08003588                delay_xms
 .text.PrintfInit
                0x080035a0       0x20 CMakeFiles/Intelligent_agriculture_FreeRTOS.elf.dir/SYSTEM/Src/usart.c.obj
                0x080035a0                PrintfInit
 .text.uart_init
                0x080035c0       0xa4 CMakeFiles/Intelligent_agriculture_FreeRTOS.elf.dir/SYSTEM/Src/usart.c.obj
                0x080035c0                uart_init
 .text.USART1_IRQHandler
                0x08003664       0x7c CMakeFiles/Intelligent_agriculture_FreeRTOS.elf.dir/SYSTEM/Src/usart.c.obj
                0x08003664                USART1_IRQHandler
 .text._isatty  0x080036e0        0xc CMakeFiles/Intelligent_agriculture_FreeRTOS.elf.dir/SYSTEM/Src/usart.c.obj
                0x080036e0                _isatty
 .text._write   0x080036ec       0x4c CMakeFiles/Intelligent_agriculture_FreeRTOS.elf.dir/SYSTEM/Src/usart.c.obj
                0x080036ec                _write
 .text._close   0x08003738       0x10 CMakeFiles/Intelligent_agriculture_FreeRTOS.elf.dir/SYSTEM/Src/usart.c.obj
                0x08003738                _close
 .text._lseek   0x08003748        0x8 CMakeFiles/Intelligent_agriculture_FreeRTOS.elf.dir/SYSTEM/Src/usart.c.obj
                0x08003748                _lseek
 .text._read    0x08003750       0x28 CMakeFiles/Intelligent_agriculture_FreeRTOS.elf.dir/SYSTEM/Src/usart.c.obj
                0x08003750                _read
 .text.Reset_Handler
                0x08003778       0x48 CMakeFiles/Intelligent_agriculture_FreeRTOS.elf.dir/Startup/startup_stm32f103rbtx.s.obj
                0x08003778                Reset_Handler
 .text.Default_Handler
                0x080037c0        0x2 CMakeFiles/Intelligent_agriculture_FreeRTOS.elf.dir/Startup/startup_stm32f103rbtx.s.obj
                0x080037c0                RTC_Alarm_IRQHandler
                0x080037c0                TIM1_CC_IRQHandler
                0x080037c0                PVD_IRQHandler
                0x080037c0                EXTI3_IRQHandler
                0x080037c0                I2C2_EV_IRQHandler
                0x080037c0                ADC1_2_IRQHandler
                0x080037c0                SPI1_IRQHandler
                0x080037c0                TAMPER_IRQHandler
                0x080037c0                DMA1_Channel4_IRQHandler
                0x080037c0                USART3_IRQHandler
                0x080037c0                RTC_IRQHandler
                0x080037c0                DMA1_Channel7_IRQHandler
                0x080037c0                CAN1_RX1_IRQHandler
                0x080037c0                TIM4_IRQHandler
                0x080037c0                I2C1_EV_IRQHandler
                0x080037c0                DMA1_Channel6_IRQHandler
                0x080037c0                RCC_IRQHandler
                0x080037c0                TIM1_TRG_COM_IRQHandler
                0x080037c0                DMA1_Channel1_IRQHandler
                0x080037c0                Default_Handler
                0x080037c0                EXTI15_10_IRQHandler
                0x080037c0                SPI2_IRQHandler
                0x080037c0                DMA1_Channel5_IRQHandler
                0x080037c0                EXTI4_IRQHandler
                0x080037c0                USB_LP_CAN1_RX0_IRQHandler
                0x080037c0                USB_HP_CAN1_TX_IRQHandler
                0x080037c0                DMA1_Channel3_IRQHandler
                0x080037c0                TIM1_UP_IRQHandler
                0x080037c0                WWDG_IRQHandler
                0x080037c0                TIM1_BRK_IRQHandler
                0x080037c0                EXTI1_IRQHandler
                0x080037c0                USART2_IRQHandler
                0x080037c0                I2C2_ER_IRQHandler
                0x080037c0                DMA1_Channel2_IRQHandler
                0x080037c0                CAN1_SCE_IRQHandler
                0x080037c0                FLASH_IRQHandler
                0x080037c0                I2C1_ER_IRQHandler
                0x080037c0                USBWakeUp_IRQHandler
 *fill*         0x080037c2        0x2 
 .text.AppTaskCreate
                0x080037c4       0x7c CMakeFiles/Intelligent_agriculture_FreeRTOS.elf.dir/USER/Src/main.c.obj
                0x080037c4                AppTaskCreate
 .text.oled_task
                0x08003840       0x7c CMakeFiles/Intelligent_agriculture_FreeRTOS.elf.dir/USER/Src/main.c.obj
 *fill*         0x080038bc        0x4 
 .text.envir_task
                0x080038c0       0xc0 CMakeFiles/Intelligent_agriculture_FreeRTOS.elf.dir/USER/Src/main.c.obj
 .text.main     0x08003980       0xf0 CMakeFiles/Intelligent_agriculture_FreeRTOS.elf.dir/USER/Src/main.c.obj
                0x08003980                main
 .text.NMI_Handler
                0x08003a70        0x4 CMakeFiles/Intelligent_agriculture_FreeRTOS.elf.dir/USER/Src/stm32f10x_it.c.obj
                0x08003a70                NMI_Handler
 .text.HardFault_Handler
                0x08003a74        0x4 CMakeFiles/Intelligent_agriculture_FreeRTOS.elf.dir/USER/Src/stm32f10x_it.c.obj
                0x08003a74                HardFault_Handler
 .text.MemManage_Handler
                0x08003a78        0x4 CMakeFiles/Intelligent_agriculture_FreeRTOS.elf.dir/USER/Src/stm32f10x_it.c.obj
                0x08003a78                MemManage_Handler
 .text.BusFault_Handler
                0x08003a7c        0x4 CMakeFiles/Intelligent_agriculture_FreeRTOS.elf.dir/USER/Src/stm32f10x_it.c.obj
                0x08003a7c                BusFault_Handler
 .text.UsageFault_Handler
                0x08003a80        0x4 CMakeFiles/Intelligent_agriculture_FreeRTOS.elf.dir/USER/Src/stm32f10x_it.c.obj
                0x08003a80                UsageFault_Handler
 .text.DebugMon_Handler
                0x08003a84        0x4 CMakeFiles/Intelligent_agriculture_FreeRTOS.elf.dir/USER/Src/stm32f10x_it.c.obj
                0x08003a84                DebugMon_Handler
 .text.SetSysClockTo72
                0x08003a88       0xc4 CMakeFiles/Intelligent_agriculture_FreeRTOS.elf.dir/USER/Src/system_stm32f10x.c.obj
 .text.SetSysClock
                0x08003b4c        0x8 CMakeFiles/Intelligent_agriculture_FreeRTOS.elf.dir/USER/Src/system_stm32f10x.c.obj
 .text.SystemInit
                0x08003b54       0x50 CMakeFiles/Intelligent_agriculture_FreeRTOS.elf.dir/USER/Src/system_stm32f10x.c.obj
                0x08003b54                SystemInit
 .text.__libc_init_array
                0x08003ba4       0x4c d:/program files (x86)/gnu tools arm embedded/5.4 2016q3/bin/../lib/gcc/arm-none-eabi/5.4.1/../../../../arm-none-eabi/lib/armv7-m\libg_nano.a(lib_a-init.o)
                0x08003ba4                __libc_init_array
 .text.memcpy   0x08003bf0       0x16 d:/program files (x86)/gnu tools arm embedded/5.4 2016q3/bin/../lib/gcc/arm-none-eabi/5.4.1/../../../../arm-none-eabi/lib/armv7-m\libg_nano.a(lib_a-memcpy-stub.o)
                0x08003bf0                memcpy
 .text.memset   0x08003c06       0x10 d:/program files (x86)/gnu tools arm embedded/5.4 2016q3/bin/../lib/gcc/arm-none-eabi/5.4.1/../../../../arm-none-eabi/lib/armv7-m\libg_nano.a(lib_a-memset.o)
                0x08003c06                memset
 .text.__cvt    0x08003c16       0xc0 d:/program files (x86)/gnu tools arm embedded/5.4 2016q3/bin/../lib/gcc/arm-none-eabi/5.4.1/../../../../arm-none-eabi/lib/armv7-m\libg_nano.a(lib_a-nano-vfprintf_float.o)
                0x08003c16                __cvt
 .text.__exponent
                0x08003cd6       0x62 d:/program files (x86)/gnu tools arm embedded/5.4 2016q3/bin/../lib/gcc/arm-none-eabi/5.4.1/../../../../arm-none-eabi/lib/armv7-m\libg_nano.a(lib_a-nano-vfprintf_float.o)
                0x08003cd6                __exponent
 .text._printf_float
                0x08003d38      0x488 d:/program files (x86)/gnu tools arm embedded/5.4 2016q3/bin/../lib/gcc/arm-none-eabi/5.4.1/../../../../arm-none-eabi/lib/armv7-m\libg_nano.a(lib_a-nano-vfprintf_float.o)
                0x08003d38                _printf_float
 .text._printf_common
                0x080041c0       0xec d:/program files (x86)/gnu tools arm embedded/5.4 2016q3/bin/../lib/gcc/arm-none-eabi/5.4.1/../../../../arm-none-eabi/lib/armv7-m\libg_nano.a(lib_a-nano-vfprintf_i.o)
                0x080041c0                _printf_common
 .text._printf_i
                0x080042ac      0x24c d:/program files (x86)/gnu tools arm embedded/5.4 2016q3/bin/../lib/gcc/arm-none-eabi/5.4.1/../../../../arm-none-eabi/lib/armv7-m\libg_nano.a(lib_a-nano-vfprintf_i.o)
                0x080042ac                _printf_i
 .text.printf   0x080044f8       0x30 d:/program files (x86)/gnu tools arm embedded/5.4 2016q3/bin/../lib/gcc/arm-none-eabi/5.4.1/../../../../arm-none-eabi/lib/armv7-m\libg_nano.a(lib_a-printf.o)
                0x080044f8                iprintf
                0x080044f8                printf
 .text._puts_r  0x08004528       0xb4 d:/program files (x86)/gnu tools arm embedded/5.4 2016q3/bin/../lib/gcc/arm-none-eabi/5.4.1/../../../../arm-none-eabi/lib/armv7-m\libg_nano.a(lib_a-puts.o)
                0x08004528                _puts_r
 .text.puts     0x080045dc       0x10 d:/program files (x86)/gnu tools arm embedded/5.4 2016q3/bin/../lib/gcc/arm-none-eabi/5.4.1/../../../../arm-none-eabi/lib/armv7-m\libg_nano.a(lib_a-puts.o)
                0x080045dc                puts
 .text.setvbuf  0x080045ec      0x154 d:/program files (x86)/gnu tools arm embedded/5.4 2016q3/bin/../lib/gcc/arm-none-eabi/5.4.1/../../../../arm-none-eabi/lib/armv7-m\libg_nano.a(lib_a-setvbuf.o)
                0x080045ec                setvbuf
 .text.__swbuf_r
                0x08004740       0xa8 d:/program files (x86)/gnu tools arm embedded/5.4 2016q3/bin/../lib/gcc/arm-none-eabi/5.4.1/../../../../arm-none-eabi/lib/armv7-m\libg_nano.a(lib_a-wbuf.o)
                0x08004740                __swbuf_r
 .text.__swsetup_r
                0x080047e8       0xdc d:/program files (x86)/gnu tools arm embedded/5.4 2016q3/bin/../lib/gcc/arm-none-eabi/5.4.1/../../../../arm-none-eabi/lib/armv7-m\libg_nano.a(lib_a-wsetup.o)
                0x080047e8                __swsetup_r
 .text.quorem   0x080048c4      0x116 d:/program files (x86)/gnu tools arm embedded/5.4 2016q3/bin/../lib/gcc/arm-none-eabi/5.4.1/../../../../arm-none-eabi/lib/armv7-m\libg_nano.a(lib_a-dtoa.o)
 *fill*         0x080049da        0x6 
 .text._dtoa_r  0x080049e0      0xb30 d:/program files (x86)/gnu tools arm embedded/5.4 2016q3/bin/../lib/gcc/arm-none-eabi/5.4.1/../../../../arm-none-eabi/lib/armv7-m\libg_nano.a(lib_a-dtoa.o)
                0x080049e0                _dtoa_r
 .text.__sflush_r
                0x08005510      0x10c d:/program files (x86)/gnu tools arm embedded/5.4 2016q3/bin/../lib/gcc/arm-none-eabi/5.4.1/../../../../arm-none-eabi/lib/armv7-m\libg_nano.a(lib_a-fflush.o)
                0x08005510                __sflush_r
 .text._fflush_r
                0x0800561c       0x54 d:/program files (x86)/gnu tools arm embedded/5.4 2016q3/bin/../lib/gcc/arm-none-eabi/5.4.1/../../../../arm-none-eabi/lib/armv7-m\libg_nano.a(lib_a-fflush.o)
                0x0800561c                _fflush_r
 .text._cleanup_r
                0x08005670        0xc d:/program files (x86)/gnu tools arm embedded/5.4 2016q3/bin/../lib/gcc/arm-none-eabi/5.4.1/../../../../arm-none-eabi/lib/armv7-m\libg_nano.a(lib_a-findfp.o)
                0x08005670                _cleanup_r
 .text.std.isra.0
                0x0800567c       0x48 d:/program files (x86)/gnu tools arm embedded/5.4 2016q3/bin/../lib/gcc/arm-none-eabi/5.4.1/../../../../arm-none-eabi/lib/armv7-m\libg_nano.a(lib_a-findfp.o)
 .text.__sfmoreglue
                0x080056c4       0x2c d:/program files (x86)/gnu tools arm embedded/5.4 2016q3/bin/../lib/gcc/arm-none-eabi/5.4.1/../../../../arm-none-eabi/lib/armv7-m\libg_nano.a(lib_a-findfp.o)
                0x080056c4                __sfmoreglue
 .text.__sinit  0x080056f0       0x60 d:/program files (x86)/gnu tools arm embedded/5.4 2016q3/bin/../lib/gcc/arm-none-eabi/5.4.1/../../../../arm-none-eabi/lib/armv7-m\libg_nano.a(lib_a-findfp.o)
                0x080056f0                __sinit
 .text.__sfp    0x08005750       0x78 d:/program files (x86)/gnu tools arm embedded/5.4 2016q3/bin/../lib/gcc/arm-none-eabi/5.4.1/../../../../arm-none-eabi/lib/armv7-m\libg_nano.a(lib_a-findfp.o)
                0x08005750                __sfp
 .text._fwalk_reent
                0x080057c8       0x3c d:/program files (x86)/gnu tools arm embedded/5.4 2016q3/bin/../lib/gcc/arm-none-eabi/5.4.1/../../../../arm-none-eabi/lib/armv7-m\libg_nano.a(lib_a-fwalk.o)
                0x080057c8                _fwalk_reent
 .text._localeconv_r
                0x08005804       0x1c d:/program files (x86)/gnu tools arm embedded/5.4 2016q3/bin/../lib/gcc/arm-none-eabi/5.4.1/../../../../arm-none-eabi/lib/armv7-m\libg_nano.a(lib_a-localeconv.o)
                0x08005804                _localeconv_r
 .text.__swhatbuf_r
                0x08005820       0x46 d:/program files (x86)/gnu tools arm embedded/5.4 2016q3/bin/../lib/gcc/arm-none-eabi/5.4.1/../../../../arm-none-eabi/lib/armv7-m\libg_nano.a(lib_a-makebuf.o)
                0x08005820                __swhatbuf_r
 *fill*         0x08005866        0x2 
 .text.__smakebuf_r
                0x08005868       0x78 d:/program files (x86)/gnu tools arm embedded/5.4 2016q3/bin/../lib/gcc/arm-none-eabi/5.4.1/../../../../arm-none-eabi/lib/armv7-m\libg_nano.a(lib_a-makebuf.o)
                0x08005868                __smakebuf_r
 .text.malloc   0x080058e0       0x10 d:/program files (x86)/gnu tools arm embedded/5.4 2016q3/bin/../lib/gcc/arm-none-eabi/5.4.1/../../../../arm-none-eabi/lib/armv7-m\libg_nano.a(lib_a-malloc.o)
                0x080058e0                malloc
 .text.memchr   0x080058f0       0x1c d:/program files (x86)/gnu tools arm embedded/5.4 2016q3/bin/../lib/gcc/arm-none-eabi/5.4.1/../../../../arm-none-eabi/lib/armv7-m\libg_nano.a(lib_a-memchr-stub.o)
                0x080058f0                memchr
 .text._Balloc  0x0800590c       0x6a d:/program files (x86)/gnu tools arm embedded/5.4 2016q3/bin/../lib/gcc/arm-none-eabi/5.4.1/../../../../arm-none-eabi/lib/armv7-m\libg_nano.a(lib_a-mprec.o)
                0x0800590c                _Balloc
 .text._Bfree   0x08005976       0x2e d:/program files (x86)/gnu tools arm embedded/5.4 2016q3/bin/../lib/gcc/arm-none-eabi/5.4.1/../../../../arm-none-eabi/lib/armv7-m\libg_nano.a(lib_a-mprec.o)
                0x08005976                _Bfree
 .text.__multadd
                0x080059a4       0x76 d:/program files (x86)/gnu tools arm embedded/5.4 2016q3/bin/../lib/gcc/arm-none-eabi/5.4.1/../../../../arm-none-eabi/lib/armv7-m\libg_nano.a(lib_a-mprec.o)
                0x080059a4                __multadd
 .text.__hi0bits
                0x08005a1a       0x40 d:/program files (x86)/gnu tools arm embedded/5.4 2016q3/bin/../lib/gcc/arm-none-eabi/5.4.1/../../../../arm-none-eabi/lib/armv7-m\libg_nano.a(lib_a-mprec.o)
                0x08005a1a                __hi0bits
 .text.__lo0bits
                0x08005a5a       0x5a d:/program files (x86)/gnu tools arm embedded/5.4 2016q3/bin/../lib/gcc/arm-none-eabi/5.4.1/../../../../arm-none-eabi/lib/armv7-m\libg_nano.a(lib_a-mprec.o)
                0x08005a5a                __lo0bits
 .text.__i2b    0x08005ab4       0x12 d:/program files (x86)/gnu tools arm embedded/5.4 2016q3/bin/../lib/gcc/arm-none-eabi/5.4.1/../../../../arm-none-eabi/lib/armv7-m\libg_nano.a(lib_a-mprec.o)
                0x08005ab4                __i2b
 .text.__multiply
                0x08005ac6      0x120 d:/program files (x86)/gnu tools arm embedded/5.4 2016q3/bin/../lib/gcc/arm-none-eabi/5.4.1/../../../../arm-none-eabi/lib/armv7-m\libg_nano.a(lib_a-mprec.o)
                0x08005ac6                __multiply
 *fill*         0x08005be6        0x2 
 .text.__pow5mult
                0x08005be8       0x9c d:/program files (x86)/gnu tools arm embedded/5.4 2016q3/bin/../lib/gcc/arm-none-eabi/5.4.1/../../../../arm-none-eabi/lib/armv7-m\libg_nano.a(lib_a-mprec.o)
                0x08005be8                __pow5mult
 .text.__lshift
                0x08005c84       0xa2 d:/program files (x86)/gnu tools arm embedded/5.4 2016q3/bin/../lib/gcc/arm-none-eabi/5.4.1/../../../../arm-none-eabi/lib/armv7-m\libg_nano.a(lib_a-mprec.o)
                0x08005c84                __lshift
 .text.__mcmp   0x08005d26       0x38 d:/program files (x86)/gnu tools arm embedded/5.4 2016q3/bin/../lib/gcc/arm-none-eabi/5.4.1/../../../../arm-none-eabi/lib/armv7-m\libg_nano.a(lib_a-mprec.o)
                0x08005d26                __mcmp
 .text.__mdiff  0x08005d5e       0xbe d:/program files (x86)/gnu tools arm embedded/5.4 2016q3/bin/../lib/gcc/arm-none-eabi/5.4.1/../../../../arm-none-eabi/lib/armv7-m\libg_nano.a(lib_a-mprec.o)
                0x08005d5e                __mdiff
 .text.__d2b    0x08005e1c       0x9c d:/program files (x86)/gnu tools arm embedded/5.4 2016q3/bin/../lib/gcc/arm-none-eabi/5.4.1/../../../../arm-none-eabi/lib/armv7-m\libg_nano.a(lib_a-mprec.o)
                0x08005e1c                __d2b
 .text._calloc_r
                0x08005eb8       0x1c d:/program files (x86)/gnu tools arm embedded/5.4 2016q3/bin/../lib/gcc/arm-none-eabi/5.4.1/../../../../arm-none-eabi/lib/armv7-m\libg_nano.a(lib_a-nano-callocr.o)
                0x08005eb8                _calloc_r
 .text._free_r  0x08005ed4       0x98 d:/program files (x86)/gnu tools arm embedded/5.4 2016q3/bin/../lib/gcc/arm-none-eabi/5.4.1/../../../../arm-none-eabi/lib/armv7-m\libg_nano.a(lib_a-nano-freer.o)
                0x08005ed4                _free_r
 .text._malloc_r
                0x08005f6c       0xbc d:/program files (x86)/gnu tools arm embedded/5.4 2016q3/bin/../lib/gcc/arm-none-eabi/5.4.1/../../../../arm-none-eabi/lib/armv7-m\libg_nano.a(lib_a-nano-mallocr.o)
                0x08005f6c                _malloc_r
 .text.__sfputc_r
                0x08006028       0x2c d:/program files (x86)/gnu tools arm embedded/5.4 2016q3/bin/../lib/gcc/arm-none-eabi/5.4.1/../../../../arm-none-eabi/lib/armv7-m\libg_nano.a(lib_a-nano-vfprintf.o)
 .text.__sfputs_r
                0x08006054       0x24 d:/program files (x86)/gnu tools arm embedded/5.4 2016q3/bin/../lib/gcc/arm-none-eabi/5.4.1/../../../../arm-none-eabi/lib/armv7-m\libg_nano.a(lib_a-nano-vfprintf.o)
                0x08006054                __sfputs_r
 .text._vfprintf_r
                0x08006078      0x238 d:/program files (x86)/gnu tools arm embedded/5.4 2016q3/bin/../lib/gcc/arm-none-eabi/5.4.1/../../../../arm-none-eabi/lib/armv7-m\libg_nano.a(lib_a-nano-vfprintf.o)
                0x08006078                _vfprintf_r
                0x08006078                _vfiprintf_r
 .text._sbrk_r  0x080062b0       0x20 d:/program files (x86)/gnu tools arm embedded/5.4 2016q3/bin/../lib/gcc/arm-none-eabi/5.4.1/../../../../arm-none-eabi/lib/armv7-m\libg_nano.a(lib_a-sbrkr.o)
                0x080062b0                _sbrk_r
 .text.__sread  0x080062d0       0x22 d:/program files (x86)/gnu tools arm embedded/5.4 2016q3/bin/../lib/gcc/arm-none-eabi/5.4.1/../../../../arm-none-eabi/lib/armv7-m\libg_nano.a(lib_a-stdio.o)
                0x080062d0                __sread
 .text.__swrite
                0x080062f2       0x38 d:/program files (x86)/gnu tools arm embedded/5.4 2016q3/bin/../lib/gcc/arm-none-eabi/5.4.1/../../../../arm-none-eabi/lib/armv7-m\libg_nano.a(lib_a-stdio.o)
                0x080062f2                __swrite
 .text.__sseek  0x0800632a       0x24 d:/program files (x86)/gnu tools arm embedded/5.4 2016q3/bin/../lib/gcc/arm-none-eabi/5.4.1/../../../../arm-none-eabi/lib/armv7-m\libg_nano.a(lib_a-stdio.o)
                0x0800632a                __sseek
 .text.__sclose
                0x0800634e        0x8 d:/program files (x86)/gnu tools arm embedded/5.4 2016q3/bin/../lib/gcc/arm-none-eabi/5.4.1/../../../../arm-none-eabi/lib/armv7-m\libg_nano.a(lib_a-stdio.o)
                0x0800634e                __sclose
 *fill*         0x08006356        0x2 
 .text._write_r
                0x08006358       0x24 d:/program files (x86)/gnu tools arm embedded/5.4 2016q3/bin/../lib/gcc/arm-none-eabi/5.4.1/../../../../arm-none-eabi/lib/armv7-m\libg_nano.a(lib_a-writer.o)
                0x08006358                _write_r
 .text._close_r
                0x0800637c       0x20 d:/program files (x86)/gnu tools arm embedded/5.4 2016q3/bin/../lib/gcc/arm-none-eabi/5.4.1/../../../../arm-none-eabi/lib/armv7-m\libg_nano.a(lib_a-closer.o)
                0x0800637c                _close_r
 .text._fstat_r
                0x0800639c       0x24 d:/program files (x86)/gnu tools arm embedded/5.4 2016q3/bin/../lib/gcc/arm-none-eabi/5.4.1/../../../../arm-none-eabi/lib/armv7-m\libg_nano.a(lib_a-fstatr.o)
                0x0800639c                _fstat_r
 .text._isatty_r
                0x080063c0       0x20 d:/program files (x86)/gnu tools arm embedded/5.4 2016q3/bin/../lib/gcc/arm-none-eabi/5.4.1/../../../../arm-none-eabi/lib/armv7-m\libg_nano.a(lib_a-isattyr.o)
                0x080063c0                _isatty_r
 .text._lseek_r
                0x080063e0       0x24 d:/program files (x86)/gnu tools arm embedded/5.4 2016q3/bin/../lib/gcc/arm-none-eabi/5.4.1/../../../../arm-none-eabi/lib/armv7-m\libg_nano.a(lib_a-lseekr.o)
                0x080063e0                _lseek_r
 .text.__ascii_mbtowc
                0x08006404       0x24 d:/program files (x86)/gnu tools arm embedded/5.4 2016q3/bin/../lib/gcc/arm-none-eabi/5.4.1/../../../../arm-none-eabi/lib/armv7-m\libg_nano.a(lib_a-mbtowc_r.o)
                0x08006404                __ascii_mbtowc
 .text.__malloc_lock
                0x08006428        0x2 d:/program files (x86)/gnu tools arm embedded/5.4 2016q3/bin/../lib/gcc/arm-none-eabi/5.4.1/../../../../arm-none-eabi/lib/armv7-m\libg_nano.a(lib_a-mlock.o)
                0x08006428                __malloc_lock
 .text.__malloc_unlock
                0x0800642a        0x2 d:/program files (x86)/gnu tools arm embedded/5.4 2016q3/bin/../lib/gcc/arm-none-eabi/5.4.1/../../../../arm-none-eabi/lib/armv7-m\libg_nano.a(lib_a-mlock.o)
                0x0800642a                __malloc_unlock
 .text._read_r  0x0800642c       0x24 d:/program files (x86)/gnu tools arm embedded/5.4 2016q3/bin/../lib/gcc/arm-none-eabi/5.4.1/../../../../arm-none-eabi/lib/armv7-m\libg_nano.a(lib_a-readr.o)
                0x0800642c                _read_r
 .text.__ascii_wctomb
                0x08006450       0x1a d:/program files (x86)/gnu tools arm embedded/5.4 2016q3/bin/../lib/gcc/arm-none-eabi/5.4.1/../../../../arm-none-eabi/lib/armv7-m\libg_nano.a(lib_a-wctomb_r.o)
                0x08006450                __ascii_wctomb
 *fill*         0x0800646a        0x2 
 .text._fstat   0x0800646c       0x10 d:/program files (x86)/gnu tools arm embedded/5.4 2016q3/bin/../lib/gcc/arm-none-eabi/5.4.1/../../../../arm-none-eabi/lib/armv7-m\libnosys.a(fstat.o)
                0x0800646c                _fstat
 .text._sbrk    0x0800647c       0x1c d:/program files (x86)/gnu tools arm embedded/5.4 2016q3/bin/../lib/gcc/arm-none-eabi/5.4.1/../../../../arm-none-eabi/lib/armv7-m\libnosys.a(sbrk.o)
                0x0800647c                _sbrk
 *(.glue_7)
 .glue_7        0x08006498        0x0 linker stubs
 *(.glue_7t)
 .glue_7t       0x08006498        0x0 linker stubs
 *(.eh_frame)
 .eh_frame      0x08006498        0x0 d:/program files (x86)/gnu tools arm embedded/5.4 2016q3/bin/../lib/gcc/arm-none-eabi/5.4.1/armv7-m/crtbegin.o
 *(.init)
 .init          0x08006498        0x4 d:/program files (x86)/gnu tools arm embedded/5.4 2016q3/bin/../lib/gcc/arm-none-eabi/5.4.1/armv7-m/crti.o
                0x08006498                _init
 .init          0x0800649c        0x8 d:/program files (x86)/gnu tools arm embedded/5.4 2016q3/bin/../lib/gcc/arm-none-eabi/5.4.1/armv7-m/crtn.o
 *(.fini)
 .fini          0x080064a4        0x4 d:/program files (x86)/gnu tools arm embedded/5.4 2016q3/bin/../lib/gcc/arm-none-eabi/5.4.1/armv7-m/crti.o
                0x080064a4                _fini
 .fini          0x080064a8        0x8 d:/program files (x86)/gnu tools arm embedded/5.4 2016q3/bin/../lib/gcc/arm-none-eabi/5.4.1/armv7-m/crtn.o
                0x080064b0                . = ALIGN (0x4)
                0x080064b0                _etext = .

.vfp11_veneer   0x080064b0        0x0
 .vfp11_veneer  0x080064b0        0x0 linker stubs

.v4_bx          0x080064b0        0x0
 .v4_bx         0x080064b0        0x0 linker stubs

.iplt           0x080064b0        0x0
 .iplt          0x080064b0        0x0 d:/program files (x86)/gnu tools arm embedded/5.4 2016q3/bin/../lib/gcc/arm-none-eabi/5.4.1/armv7-m/crtbegin.o

.rodata         0x080064b0      0xd18
                0x080064b0                . = ALIGN (0x4)
 *(.rodata)
 *(.rodata*)
 .rodata.str1.4
                0x080064b0       0x7c CMakeFiles/Intelligent_agriculture_FreeRTOS.elf.dir/FreeRTOS/port/MemMang/heap_4.c.obj
 .rodata.str1.4
                0x0800652c       0x6e CMakeFiles/Intelligent_agriculture_FreeRTOS.elf.dir/FreeRTOS/port/RVDS/ARM_CM3/port.c.obj
                                 0x80 (size before relaxing)
 *fill*         0x0800659a        0x2 
 .rodata.str1.4
                0x0800659c       0x61 CMakeFiles/Intelligent_agriculture_FreeRTOS.elf.dir/FreeRTOS/src/queue.c.obj
                                 0x74 (size before relaxing)
 *fill*         0x080065fd        0x3 
 .rodata.str1.4
                0x08006600       0x7b CMakeFiles/Intelligent_agriculture_FreeRTOS.elf.dir/FreeRTOS/src/tasks.c.obj
                                 0x8b (size before relaxing)
 *fill*         0x0800667b        0x1 
 .rodata.str1.4
                0x0800667c       0x74 CMakeFiles/Intelligent_agriculture_FreeRTOS.elf.dir/FreeRTOS/src/timers.c.obj
                                 0x84 (size before relaxing)
 .rodata.F8X16  0x080066f0      0x600 CMakeFiles/Intelligent_agriculture_FreeRTOS.elf.dir/OLED/Src/oled.c.obj
                0x080066f0                F8X16
 .rodata.Hzk    0x08006cf0      0x100 CMakeFiles/Intelligent_agriculture_FreeRTOS.elf.dir/OLED/Src/oled.c.obj
                0x08006cf0                Hzk
 .rodata.str1.4
                0x08006df0      0x118 CMakeFiles/Intelligent_agriculture_FreeRTOS.elf.dir/USER/Src/main.c.obj
                                0x116 (size before relaxing)
 .rodata._global_impure_ptr
                0x08006f08        0x4 d:/program files (x86)/gnu tools arm embedded/5.4 2016q3/bin/../lib/gcc/arm-none-eabi/5.4.1/../../../../arm-none-eabi/lib/armv7-m\libg_nano.a(lib_a-impure.o)
                0x08006f08                _global_impure_ptr
 .rodata.str1.1
                0x08006f0c       0x12 d:/program files (x86)/gnu tools arm embedded/5.4 2016q3/bin/../lib/gcc/arm-none-eabi/5.4.1/../../../../arm-none-eabi/lib/armv7-m\libg_nano.a(lib_a-nano-vfprintf_float.o)
 .rodata.str1.1
                0x08006f1e       0x22 d:/program files (x86)/gnu tools arm embedded/5.4 2016q3/bin/../lib/gcc/arm-none-eabi/5.4.1/../../../../arm-none-eabi/lib/armv7-m\libg_nano.a(lib_a-nano-vfprintf_i.o)
 .rodata.str1.1
                0x08006f40        0xd d:/program files (x86)/gnu tools arm embedded/5.4 2016q3/bin/../lib/gcc/arm-none-eabi/5.4.1/../../../../arm-none-eabi/lib/armv7-m\libg_nano.a(lib_a-dtoa.o)
                                  0xf (size before relaxing)
 *fill*         0x08006f4d        0x3 
 .rodata.__sf_fake_stdin
                0x08006f50       0x20 d:/program files (x86)/gnu tools arm embedded/5.4 2016q3/bin/../lib/gcc/arm-none-eabi/5.4.1/../../../../arm-none-eabi/lib/armv7-m\libg_nano.a(lib_a-findfp.o)
                0x08006f50                __sf_fake_stdin
 .rodata.__sf_fake_stdout
                0x08006f70       0x20 d:/program files (x86)/gnu tools arm embedded/5.4 2016q3/bin/../lib/gcc/arm-none-eabi/5.4.1/../../../../arm-none-eabi/lib/armv7-m\libg_nano.a(lib_a-findfp.o)
                0x08006f70                __sf_fake_stdout
 .rodata.__sf_fake_stderr
                0x08006f90       0x20 d:/program files (x86)/gnu tools arm embedded/5.4 2016q3/bin/../lib/gcc/arm-none-eabi/5.4.1/../../../../arm-none-eabi/lib/armv7-m\libg_nano.a(lib_a-findfp.o)
                0x08006f90                __sf_fake_stderr
 .rodata.__mprec_tens
                0x08006fb0       0xc8 d:/program files (x86)/gnu tools arm embedded/5.4 2016q3/bin/../lib/gcc/arm-none-eabi/5.4.1/../../../../arm-none-eabi/lib/armv7-m\libg_nano.a(lib_a-mprec.o)
                0x08006fb0                __mprec_tens
 .rodata.__mprec_bigtens
                0x08007078       0x28 d:/program files (x86)/gnu tools arm embedded/5.4 2016q3/bin/../lib/gcc/arm-none-eabi/5.4.1/../../../../arm-none-eabi/lib/armv7-m\libg_nano.a(lib_a-mprec.o)
                0x08007078                __mprec_bigtens
 .rodata.p05.6097
                0x080070a0        0xc d:/program files (x86)/gnu tools arm embedded/5.4 2016q3/bin/../lib/gcc/arm-none-eabi/5.4.1/../../../../arm-none-eabi/lib/armv7-m\libg_nano.a(lib_a-mprec.o)
 .rodata.str1.1
                0x080070ac       0x11 d:/program files (x86)/gnu tools arm embedded/5.4 2016q3/bin/../lib/gcc/arm-none-eabi/5.4.1/../../../../arm-none-eabi/lib/armv7-m\libg_nano.a(lib_a-nano-vfprintf.o)
 .rodata.str1.1
                0x080070bd        0xa d:/program files (x86)/gnu tools arm embedded/5.4 2016q3/bin/../lib/gcc/arm-none-eabi/5.4.1/../../../../arm-none-eabi/lib/armv7-m\libg_nano.a(lib_a-locale.o)
                                  0xb (size before relaxing)
 .rodata._ctype_
                0x080070c7      0x101 d:/program files (x86)/gnu tools arm embedded/5.4 2016q3/bin/../lib/gcc/arm-none-eabi/5.4.1/../../../../arm-none-eabi/lib/armv7-m\libg_nano.a(lib_a-ctype_.o)
                0x080070c7                _ctype_
                0x080071c8                . = ALIGN (0x4)

.rel.dyn        0x080071c8        0x0
 .rel.iplt      0x080071c8        0x0 d:/program files (x86)/gnu tools arm embedded/5.4 2016q3/bin/../lib/gcc/arm-none-eabi/5.4.1/armv7-m/crtbegin.o

.ARM.extab      0x080071c8        0x0
                0x080071c8                . = ALIGN (0x4)
 *(.ARM.extab* .gnu.linkonce.armextab.*)
                0x080071c8                . = ALIGN (0x4)

.ARM            0x080071c8        0x0
                0x080071c8                . = ALIGN (0x4)
                0x080071c8                __exidx_start = .
 *(.ARM.exidx*)
                0x080071c8                __exidx_end = .
                0x080071c8                . = ALIGN (0x4)

.preinit_array  0x080071c8        0x0
                0x080071c8                . = ALIGN (0x4)
                0x080071c8                PROVIDE (__preinit_array_start, .)
 *(.preinit_array*)
                0x080071c8                PROVIDE (__preinit_array_end, .)
                0x080071c8                . = ALIGN (0x4)

.init_array     0x080071c8        0x4
                0x080071c8                . = ALIGN (0x4)
                0x080071c8                PROVIDE (__init_array_start, .)
 *(SORT(.init_array.*))
 *(.init_array*)
 .init_array    0x080071c8        0x4 d:/program files (x86)/gnu tools arm embedded/5.4 2016q3/bin/../lib/gcc/arm-none-eabi/5.4.1/armv7-m/crtbegin.o
                0x080071cc                PROVIDE (__init_array_end, .)
                0x080071cc                . = ALIGN (0x4)

.fini_array     0x080071cc        0x4
                0x080071cc                . = ALIGN (0x4)
                [!provide]                PROVIDE (__fini_array_start, .)
 *(SORT(.fini_array.*))
 *(.fini_array*)
 .fini_array    0x080071cc        0x4 d:/program files (x86)/gnu tools arm embedded/5.4 2016q3/bin/../lib/gcc/arm-none-eabi/5.4.1/armv7-m/crtbegin.o
                [!provide]                PROVIDE (__fini_array_end, .)
                0x080071d0                . = ALIGN (0x4)
                0x080071d0                _sidata = LOADADDR (.data)

.data           0x20000000      0x1ec load address 0x080071d0
                0x20000000                . = ALIGN (0x4)
                0x20000000                _sdata = .
 *(.data)
 *(.data*)
 .data.uxCriticalNesting
                0x20000000        0x4 CMakeFiles/Intelligent_agriculture_FreeRTOS.elf.dir/FreeRTOS/port/RVDS/ARM_CM3/port.c.obj
 .data.ADCPrescTable
                0x20000004        0x4 CMakeFiles/Intelligent_agriculture_FreeRTOS.elf.dir/STM32F10x_FWLib/Src/stm32f10x_rcc.c.obj
 .data.APBAHBPrescTable
                0x20000008       0x10 CMakeFiles/Intelligent_agriculture_FreeRTOS.elf.dir/STM32F10x_FWLib/Src/stm32f10x_rcc.c.obj
 .data.SystemCoreClock
                0x20000018        0x4 CMakeFiles/Intelligent_agriculture_FreeRTOS.elf.dir/USER/Src/system_stm32f10x.c.obj
                0x20000018                SystemCoreClock
 .data.impure_data
                0x2000001c       0x60 d:/program files (x86)/gnu tools arm embedded/5.4 2016q3/bin/../lib/gcc/arm-none-eabi/5.4.1/../../../../arm-none-eabi/lib/armv7-m\libg_nano.a(lib_a-impure.o)
 .data._impure_ptr
                0x2000007c        0x4 d:/program files (x86)/gnu tools arm embedded/5.4 2016q3/bin/../lib/gcc/arm-none-eabi/5.4.1/../../../../arm-none-eabi/lib/armv7-m\libg_nano.a(lib_a-impure.o)
                0x2000007c                _impure_ptr
 .data.__global_locale
                0x20000080      0x16c d:/program files (x86)/gnu tools arm embedded/5.4 2016q3/bin/../lib/gcc/arm-none-eabi/5.4.1/../../../../arm-none-eabi/lib/armv7-m\libg_nano.a(lib_a-locale.o)
                0x20000080                __global_locale
 *(.RamFunc)
 *(.RamFunc*)
                0x200001ec                . = ALIGN (0x4)
                0x200001ec                _edata = .

.jcr            0x200001ec        0x0 load address 0x080073bc
 .jcr           0x200001ec        0x0 d:/program files (x86)/gnu tools arm embedded/5.4 2016q3/bin/../lib/gcc/arm-none-eabi/5.4.1/armv7-m/crtbegin.o

.igot.plt       0x200001ec        0x0 load address 0x080073bc
 .igot.plt      0x200001ec        0x0 d:/program files (x86)/gnu tools arm embedded/5.4 2016q3/bin/../lib/gcc/arm-none-eabi/5.4.1/armv7-m/crtbegin.o
                0x200001ec                . = ALIGN (0x4)

.bss            0x200001ec     0x2cc8 load address 0x080073bc
                0x200001ec                _sbss = .
                0x200001ec                __bss_start__ = _sbss
 *(.bss)
 .bss           0x200001ec       0x1c d:/program files (x86)/gnu tools arm embedded/5.4 2016q3/bin/../lib/gcc/arm-none-eabi/5.4.1/armv7-m/crtbegin.o
 *(.bss*)
 .bss.xFreeBytesRemaining
                0x20000208        0x4 CMakeFiles/Intelligent_agriculture_FreeRTOS.elf.dir/FreeRTOS/port/MemMang/heap_4.c.obj
 .bss.pxEnd     0x2000020c        0x4 CMakeFiles/Intelligent_agriculture_FreeRTOS.elf.dir/FreeRTOS/port/MemMang/heap_4.c.obj
 .bss.xStart    0x20000210        0x8 CMakeFiles/Intelligent_agriculture_FreeRTOS.elf.dir/FreeRTOS/port/MemMang/heap_4.c.obj
 .bss.ucHeap    0x20000218     0x2800 CMakeFiles/Intelligent_agriculture_FreeRTOS.elf.dir/FreeRTOS/port/MemMang/heap_4.c.obj
 .bss.xBlockAllocatedBit
                0x20002a18        0x4 CMakeFiles/Intelligent_agriculture_FreeRTOS.elf.dir/FreeRTOS/port/MemMang/heap_4.c.obj
 .bss.xMinimumEverFreeBytesRemaining
                0x20002a1c        0x4 CMakeFiles/Intelligent_agriculture_FreeRTOS.elf.dir/FreeRTOS/port/MemMang/heap_4.c.obj
 .bss.ucMaxSysCallPriority
                0x20002a20        0x1 CMakeFiles/Intelligent_agriculture_FreeRTOS.elf.dir/FreeRTOS/port/RVDS/ARM_CM3/port.c.obj
 *fill*         0x20002a21        0x3 
 .bss.ulMaxPRIGROUPValue
                0x20002a24        0x4 CMakeFiles/Intelligent_agriculture_FreeRTOS.elf.dir/FreeRTOS/port/RVDS/ARM_CM3/port.c.obj
 .bss.xQueueRegistry
                0x20002a28       0x40 CMakeFiles/Intelligent_agriculture_FreeRTOS.elf.dir/FreeRTOS/src/queue.c.obj
                0x20002a28                xQueueRegistry
 .bss.xNumOfOverflows
                0x20002a68        0x4 CMakeFiles/Intelligent_agriculture_FreeRTOS.elf.dir/FreeRTOS/src/tasks.c.obj
 .bss.pxDelayedTaskList
                0x20002a6c        0x4 CMakeFiles/Intelligent_agriculture_FreeRTOS.elf.dir/FreeRTOS/src/tasks.c.obj
 .bss.xSchedulerRunning
                0x20002a70        0x4 CMakeFiles/Intelligent_agriculture_FreeRTOS.elf.dir/FreeRTOS/src/tasks.c.obj
 .bss.xTasksWaitingTermination
                0x20002a74       0x14 CMakeFiles/Intelligent_agriculture_FreeRTOS.elf.dir/FreeRTOS/src/tasks.c.obj
 .bss.uxPendedTicks
                0x20002a88        0x4 CMakeFiles/Intelligent_agriculture_FreeRTOS.elf.dir/FreeRTOS/src/tasks.c.obj
 .bss.pxReadyTasksLists
                0x20002a8c      0x280 CMakeFiles/Intelligent_agriculture_FreeRTOS.elf.dir/FreeRTOS/src/tasks.c.obj
 .bss.uxSchedulerSuspended
                0x20002d0c        0x4 CMakeFiles/Intelligent_agriculture_FreeRTOS.elf.dir/FreeRTOS/src/tasks.c.obj
 .bss.uxDeletedTasksWaitingCleanUp
                0x20002d10        0x4 CMakeFiles/Intelligent_agriculture_FreeRTOS.elf.dir/FreeRTOS/src/tasks.c.obj
 .bss.uxCurrentNumberOfTasks
                0x20002d14        0x4 CMakeFiles/Intelligent_agriculture_FreeRTOS.elf.dir/FreeRTOS/src/tasks.c.obj
 .bss.xNextTaskUnblockTime
                0x20002d18        0x4 CMakeFiles/Intelligent_agriculture_FreeRTOS.elf.dir/FreeRTOS/src/tasks.c.obj
 .bss.xIdleTaskHandle
                0x20002d1c        0x4 CMakeFiles/Intelligent_agriculture_FreeRTOS.elf.dir/FreeRTOS/src/tasks.c.obj
 .bss.xTickCount
                0x20002d20        0x4 CMakeFiles/Intelligent_agriculture_FreeRTOS.elf.dir/FreeRTOS/src/tasks.c.obj
 .bss.pxOverflowDelayedTaskList
                0x20002d24        0x4 CMakeFiles/Intelligent_agriculture_FreeRTOS.elf.dir/FreeRTOS/src/tasks.c.obj
 .bss.xPendingReadyList
                0x20002d28       0x14 CMakeFiles/Intelligent_agriculture_FreeRTOS.elf.dir/FreeRTOS/src/tasks.c.obj
 .bss.uxTaskNumber
                0x20002d3c        0x4 CMakeFiles/Intelligent_agriculture_FreeRTOS.elf.dir/FreeRTOS/src/tasks.c.obj
 .bss.xDelayedTaskList1
                0x20002d40       0x14 CMakeFiles/Intelligent_agriculture_FreeRTOS.elf.dir/FreeRTOS/src/tasks.c.obj
 .bss.xDelayedTaskList2
                0x20002d54       0x14 CMakeFiles/Intelligent_agriculture_FreeRTOS.elf.dir/FreeRTOS/src/tasks.c.obj
 .bss.pxCurrentTCB
                0x20002d68        0x4 CMakeFiles/Intelligent_agriculture_FreeRTOS.elf.dir/FreeRTOS/src/tasks.c.obj
                0x20002d68                pxCurrentTCB
 .bss.xSuspendedTaskList
                0x20002d6c       0x14 CMakeFiles/Intelligent_agriculture_FreeRTOS.elf.dir/FreeRTOS/src/tasks.c.obj
 .bss.uxTopReadyPriority
                0x20002d80        0x4 CMakeFiles/Intelligent_agriculture_FreeRTOS.elf.dir/FreeRTOS/src/tasks.c.obj
 .bss.xYieldPending
                0x20002d84        0x4 CMakeFiles/Intelligent_agriculture_FreeRTOS.elf.dir/FreeRTOS/src/tasks.c.obj
 .bss.pxCurrentTimerList
                0x20002d88        0x4 CMakeFiles/Intelligent_agriculture_FreeRTOS.elf.dir/FreeRTOS/src/timers.c.obj
 .bss.xActiveTimerList1
                0x20002d8c       0x14 CMakeFiles/Intelligent_agriculture_FreeRTOS.elf.dir/FreeRTOS/src/timers.c.obj
 .bss.xActiveTimerList2
                0x20002da0       0x14 CMakeFiles/Intelligent_agriculture_FreeRTOS.elf.dir/FreeRTOS/src/timers.c.obj
 .bss.xLastTime.8575
                0x20002db4        0x4 CMakeFiles/Intelligent_agriculture_FreeRTOS.elf.dir/FreeRTOS/src/timers.c.obj
 .bss.xTimerQueue
                0x20002db8        0x4 CMakeFiles/Intelligent_agriculture_FreeRTOS.elf.dir/FreeRTOS/src/timers.c.obj
 .bss.pxOverflowTimerList
                0x20002dbc        0x4 CMakeFiles/Intelligent_agriculture_FreeRTOS.elf.dir/FreeRTOS/src/timers.c.obj
 .bss.xTimerTaskHandle
                0x20002dc0        0x4 CMakeFiles/Intelligent_agriculture_FreeRTOS.elf.dir/FreeRTOS/src/timers.c.obj
 .bss.fac_us    0x20002dc4        0x1 CMakeFiles/Intelligent_agriculture_FreeRTOS.elf.dir/SYSTEM/Src/delay.c.obj
 *fill*         0x20002dc5        0x1 
 .bss.fac_ms    0x20002dc6        0x2 CMakeFiles/Intelligent_agriculture_FreeRTOS.elf.dir/SYSTEM/Src/delay.c.obj
 .bss.USART_RX_BUF
                0x20002dc8       0xc8 CMakeFiles/Intelligent_agriculture_FreeRTOS.elf.dir/SYSTEM/Src/usart.c.obj
                0x20002dc8                USART_RX_BUF
 .bss.USART_RX_STA
                0x20002e90        0x2 CMakeFiles/Intelligent_agriculture_FreeRTOS.elf.dir/SYSTEM/Src/usart.c.obj
                0x20002e90                USART_RX_STA
 *fill*         0x20002e92        0x2 
 .bss.G_uart    0x20002e94        0x4 CMakeFiles/Intelligent_agriculture_FreeRTOS.elf.dir/SYSTEM/Src/usart.c.obj
                0x20002e94                G_uart
 .bss.OLED_Handle
                0x20002e98        0x4 CMakeFiles/Intelligent_agriculture_FreeRTOS.elf.dir/USER/Src/main.c.obj
 .bss.humi      0x20002e9c        0x1 CMakeFiles/Intelligent_agriculture_FreeRTOS.elf.dir/USER/Src/main.c.obj
                0x20002e9c                humi
 .bss.light     0x20002e9d        0x1 CMakeFiles/Intelligent_agriculture_FreeRTOS.elf.dir/USER/Src/main.c.obj
                0x20002e9d                light
 .bss.soil      0x20002e9e        0x1 CMakeFiles/Intelligent_agriculture_FreeRTOS.elf.dir/USER/Src/main.c.obj
                0x20002e9e                soil
 .bss.temp      0x20002e9f        0x1 CMakeFiles/Intelligent_agriculture_FreeRTOS.elf.dir/USER/Src/main.c.obj
                0x20002e9f                temp
 .bss.ENVIR_Handle
                0x20002ea0        0x4 CMakeFiles/Intelligent_agriculture_FreeRTOS.elf.dir/USER/Src/main.c.obj
 .bss.__malloc_sbrk_start
                0x20002ea4        0x4 d:/program files (x86)/gnu tools arm embedded/5.4 2016q3/bin/../lib/gcc/arm-none-eabi/5.4.1/../../../../arm-none-eabi/lib/armv7-m\libg_nano.a(lib_a-nano-mallocr.o)
                0x20002ea4                __malloc_sbrk_start
 .bss.__malloc_free_list
                0x20002ea8        0x4 d:/program files (x86)/gnu tools arm embedded/5.4 2016q3/bin/../lib/gcc/arm-none-eabi/5.4.1/../../../../arm-none-eabi/lib/armv7-m\libg_nano.a(lib_a-nano-mallocr.o)
                0x20002ea8                __malloc_free_list
 .bss.heap_end.4167
                0x20002eac        0x4 d:/program files (x86)/gnu tools arm embedded/5.4 2016q3/bin/../lib/gcc/arm-none-eabi/5.4.1/../../../../arm-none-eabi/lib/armv7-m\libnosys.a(sbrk.o)
 *(COMMON)
 COMMON         0x20002eb0        0x4 d:/program files (x86)/gnu tools arm embedded/5.4 2016q3/bin/../lib/gcc/arm-none-eabi/5.4.1/../../../../arm-none-eabi/lib/armv7-m\libg_nano.a(lib_a-reent.o)
                0x20002eb0                errno
                0x20002eb4                . = ALIGN (0x4)
                0x20002eb4                _ebss = .
                0x20002eb4                __bss_end__ = _ebss

._user_heap_stack
                0x20002eb4      0x604 load address 0x080073bc
                0x20002eb8                . = ALIGN (0x8)
 *fill*         0x20002eb4        0x4 
                0x20002eb8                PROVIDE (end, .)
                [!provide]                PROVIDE (_end, .)
                0x200030b8                . = (. + _Min_Heap_Size)
 *fill*         0x20002eb8      0x200 
                0x200034b8                . = (. + _Min_Stack_Size)
 *fill*         0x200030b8      0x400 
                0x200034b8                . = ALIGN (0x8)

/DISCARD/
 libc.a(*)
 libm.a(*)
 libgcc.a(*)

.ARM.attributes
                0x00000000       0x29
 *(.ARM.attributes)
 .ARM.attributes
                0x00000000       0x1d d:/program files (x86)/gnu tools arm embedded/5.4 2016q3/bin/../lib/gcc/arm-none-eabi/5.4.1/armv7-m/crti.o
 .ARM.attributes
                0x0000001d       0x2d d:/program files (x86)/gnu tools arm embedded/5.4 2016q3/bin/../lib/gcc/arm-none-eabi/5.4.1/armv7-m/crtbegin.o
 .ARM.attributes
                0x0000004a       0x33 CMakeFiles/Intelligent_agriculture_FreeRTOS.elf.dir/FreeRTOS/port/MemMang/heap_4.c.obj
 .ARM.attributes
                0x0000007d       0x33 CMakeFiles/Intelligent_agriculture_FreeRTOS.elf.dir/FreeRTOS/port/RVDS/ARM_CM3/port.c.obj
 .ARM.attributes
                0x000000b0       0x33 CMakeFiles/Intelligent_agriculture_FreeRTOS.elf.dir/FreeRTOS/src/list.c.obj
 .ARM.attributes
                0x000000e3       0x33 CMakeFiles/Intelligent_agriculture_FreeRTOS.elf.dir/FreeRTOS/src/queue.c.obj
 .ARM.attributes
                0x00000116       0x33 CMakeFiles/Intelligent_agriculture_FreeRTOS.elf.dir/FreeRTOS/src/tasks.c.obj
 .ARM.attributes
                0x00000149       0x33 CMakeFiles/Intelligent_agriculture_FreeRTOS.elf.dir/FreeRTOS/src/timers.c.obj
 .ARM.attributes
                0x0000017c       0x33 CMakeFiles/Intelligent_agriculture_FreeRTOS.elf.dir/HARDWARE/Src/adc.c.obj
 .ARM.attributes
                0x000001af       0x33 CMakeFiles/Intelligent_agriculture_FreeRTOS.elf.dir/HARDWARE/Src/beep.c.obj
 .ARM.attributes
                0x000001e2       0x33 CMakeFiles/Intelligent_agriculture_FreeRTOS.elf.dir/HARDWARE/Src/dht11.c.obj
 .ARM.attributes
                0x00000215       0x33 CMakeFiles/Intelligent_agriculture_FreeRTOS.elf.dir/HARDWARE/Src/exti.c.obj
 .ARM.attributes
                0x00000248       0x33 CMakeFiles/Intelligent_agriculture_FreeRTOS.elf.dir/HARDWARE/Src/led.c.obj
 .ARM.attributes
                0x0000027b       0x33 CMakeFiles/Intelligent_agriculture_FreeRTOS.elf.dir/HARDWARE/Src/timer.c.obj
 .ARM.attributes
                0x000002ae       0x33 CMakeFiles/Intelligent_agriculture_FreeRTOS.elf.dir/OLED/Src/oled.c.obj
 .ARM.attributes
                0x000002e1       0x33 CMakeFiles/Intelligent_agriculture_FreeRTOS.elf.dir/STM32F10x_FWLib/Src/misc.c.obj
 .ARM.attributes
                0x00000314       0x33 CMakeFiles/Intelligent_agriculture_FreeRTOS.elf.dir/STM32F10x_FWLib/Src/stm32f10x_adc.c.obj
 .ARM.attributes
                0x00000347       0x33 CMakeFiles/Intelligent_agriculture_FreeRTOS.elf.dir/STM32F10x_FWLib/Src/stm32f10x_exti.c.obj
 .ARM.attributes
                0x0000037a       0x33 CMakeFiles/Intelligent_agriculture_FreeRTOS.elf.dir/STM32F10x_FWLib/Src/stm32f10x_gpio.c.obj
 .ARM.attributes
                0x000003ad       0x33 CMakeFiles/Intelligent_agriculture_FreeRTOS.elf.dir/STM32F10x_FWLib/Src/stm32f10x_rcc.c.obj
 .ARM.attributes
                0x000003e0       0x33 CMakeFiles/Intelligent_agriculture_FreeRTOS.elf.dir/STM32F10x_FWLib/Src/stm32f10x_tim.c.obj
 .ARM.attributes
                0x00000413       0x33 CMakeFiles/Intelligent_agriculture_FreeRTOS.elf.dir/STM32F10x_FWLib/Src/stm32f10x_usart.c.obj
 .ARM.attributes
                0x00000446       0x33 CMakeFiles/Intelligent_agriculture_FreeRTOS.elf.dir/SYSTEM/Src/delay.c.obj
 .ARM.attributes
                0x00000479       0x33 CMakeFiles/Intelligent_agriculture_FreeRTOS.elf.dir/SYSTEM/Src/usart.c.obj
 .ARM.attributes
                0x000004ac       0x21 CMakeFiles/Intelligent_agriculture_FreeRTOS.elf.dir/Startup/startup_stm32f103rbtx.s.obj
 .ARM.attributes
                0x000004cd       0x33 CMakeFiles/Intelligent_agriculture_FreeRTOS.elf.dir/USER/Src/main.c.obj
 .ARM.attributes
                0x00000500       0x33 CMakeFiles/Intelligent_agriculture_FreeRTOS.elf.dir/USER/Src/stm32f10x_it.c.obj
 .ARM.attributes
                0x00000533       0x33 CMakeFiles/Intelligent_agriculture_FreeRTOS.elf.dir/USER/Src/system_stm32f10x.c.obj
 .ARM.attributes
                0x00000566       0x1d d:/program files (x86)/gnu tools arm embedded/5.4 2016q3/bin/../lib/gcc/arm-none-eabi/5.4.1/armv7-m\libgcc.a(_arm_addsubdf3.o)
 .ARM.attributes
                0x00000583       0x1d d:/program files (x86)/gnu tools arm embedded/5.4 2016q3/bin/../lib/gcc/arm-none-eabi/5.4.1/armv7-m\libgcc.a(_arm_muldivdf3.o)
 .ARM.attributes
                0x000005a0       0x1d d:/program files (x86)/gnu tools arm embedded/5.4 2016q3/bin/../lib/gcc/arm-none-eabi/5.4.1/armv7-m\libgcc.a(_arm_fixdfsi.o)
 .ARM.attributes
                0x000005bd       0x2d d:/program files (x86)/gnu tools arm embedded/5.4 2016q3/bin/../lib/gcc/arm-none-eabi/5.4.1/../../../../arm-none-eabi/lib/armv7-m\libg_nano.a(lib_a-impure.o)
 .ARM.attributes
                0x000005ea       0x2d d:/program files (x86)/gnu tools arm embedded/5.4 2016q3/bin/../lib/gcc/arm-none-eabi/5.4.1/../../../../arm-none-eabi/lib/armv7-m\libg_nano.a(lib_a-init.o)
 .ARM.attributes
                0x00000617       0x2d d:/program files (x86)/gnu tools arm embedded/5.4 2016q3/bin/../lib/gcc/arm-none-eabi/5.4.1/../../../../arm-none-eabi/lib/armv7-m\libg_nano.a(lib_a-memcpy-stub.o)
 .ARM.attributes
                0x00000644       0x2d d:/program files (x86)/gnu tools arm embedded/5.4 2016q3/bin/../lib/gcc/arm-none-eabi/5.4.1/../../../../arm-none-eabi/lib/armv7-m\libg_nano.a(lib_a-memset.o)
 .ARM.attributes
                0x00000671       0x2d d:/program files (x86)/gnu tools arm embedded/5.4 2016q3/bin/../lib/gcc/arm-none-eabi/5.4.1/../../../../arm-none-eabi/lib/armv7-m\libg_nano.a(lib_a-nano-vfprintf_float.o)
 .ARM.attributes
                0x0000069e       0x2d d:/program files (x86)/gnu tools arm embedded/5.4 2016q3/bin/../lib/gcc/arm-none-eabi/5.4.1/../../../../arm-none-eabi/lib/armv7-m\libg_nano.a(lib_a-nano-vfprintf_i.o)
 .ARM.attributes
                0x000006cb       0x2d d:/program files (x86)/gnu tools arm embedded/5.4 2016q3/bin/../lib/gcc/arm-none-eabi/5.4.1/../../../../arm-none-eabi/lib/armv7-m\libg_nano.a(lib_a-printf.o)
 .ARM.attributes
                0x000006f8       0x2d d:/program files (x86)/gnu tools arm embedded/5.4 2016q3/bin/../lib/gcc/arm-none-eabi/5.4.1/../../../../arm-none-eabi/lib/armv7-m\libg_nano.a(lib_a-puts.o)
 .ARM.attributes
                0x00000725       0x2d d:/program files (x86)/gnu tools arm embedded/5.4 2016q3/bin/../lib/gcc/arm-none-eabi/5.4.1/../../../../arm-none-eabi/lib/armv7-m\libg_nano.a(lib_a-setvbuf.o)
 .ARM.attributes
                0x00000752       0x17 d:/program files (x86)/gnu tools arm embedded/5.4 2016q3/bin/../lib/gcc/arm-none-eabi/5.4.1/../../../../arm-none-eabi/lib/armv7-m\libg_nano.a(lib_a-strlen.o)
 .ARM.attributes
                0x00000769       0x2d d:/program files (x86)/gnu tools arm embedded/5.4 2016q3/bin/../lib/gcc/arm-none-eabi/5.4.1/../../../../arm-none-eabi/lib/armv7-m\libg_nano.a(lib_a-wbuf.o)
 .ARM.attributes
                0x00000796       0x2d d:/program files (x86)/gnu tools arm embedded/5.4 2016q3/bin/../lib/gcc/arm-none-eabi/5.4.1/../../../../arm-none-eabi/lib/armv7-m\libg_nano.a(lib_a-wsetup.o)
 .ARM.attributes
                0x000007c3       0x2d d:/program files (x86)/gnu tools arm embedded/5.4 2016q3/bin/../lib/gcc/arm-none-eabi/5.4.1/../../../../arm-none-eabi/lib/armv7-m\libg_nano.a(lib_a-dtoa.o)
 .ARM.attributes
                0x000007f0       0x2d d:/program files (x86)/gnu tools arm embedded/5.4 2016q3/bin/../lib/gcc/arm-none-eabi/5.4.1/../../../../arm-none-eabi/lib/armv7-m\libg_nano.a(lib_a-fflush.o)
 .ARM.attributes
                0x0000081d       0x2d d:/program files (x86)/gnu tools arm embedded/5.4 2016q3/bin/../lib/gcc/arm-none-eabi/5.4.1/../../../../arm-none-eabi/lib/armv7-m\libg_nano.a(lib_a-findfp.o)
 .ARM.attributes
                0x0000084a       0x2d d:/program files (x86)/gnu tools arm embedded/5.4 2016q3/bin/../lib/gcc/arm-none-eabi/5.4.1/../../../../arm-none-eabi/lib/armv7-m\libg_nano.a(lib_a-fwalk.o)
 .ARM.attributes
                0x00000877       0x2d d:/program files (x86)/gnu tools arm embedded/5.4 2016q3/bin/../lib/gcc/arm-none-eabi/5.4.1/../../../../arm-none-eabi/lib/armv7-m\libg_nano.a(lib_a-localeconv.o)
 .ARM.attributes
                0x000008a4       0x2d d:/program files (x86)/gnu tools arm embedded/5.4 2016q3/bin/../lib/gcc/arm-none-eabi/5.4.1/../../../../arm-none-eabi/lib/armv7-m\libg_nano.a(lib_a-makebuf.o)
 .ARM.attributes
                0x000008d1       0x2d d:/program files (x86)/gnu tools arm embedded/5.4 2016q3/bin/../lib/gcc/arm-none-eabi/5.4.1/../../../../arm-none-eabi/lib/armv7-m\libg_nano.a(lib_a-malloc.o)
 .ARM.attributes
                0x000008fe       0x2d d:/program files (x86)/gnu tools arm embedded/5.4 2016q3/bin/../lib/gcc/arm-none-eabi/5.4.1/../../../../arm-none-eabi/lib/armv7-m\libg_nano.a(lib_a-memchr-stub.o)
 .ARM.attributes
                0x0000092b       0x2d d:/program files (x86)/gnu tools arm embedded/5.4 2016q3/bin/../lib/gcc/arm-none-eabi/5.4.1/../../../../arm-none-eabi/lib/armv7-m\libg_nano.a(lib_a-mprec.o)
 .ARM.attributes
                0x00000958       0x2d d:/program files (x86)/gnu tools arm embedded/5.4 2016q3/bin/../lib/gcc/arm-none-eabi/5.4.1/../../../../arm-none-eabi/lib/armv7-m\libg_nano.a(lib_a-nano-callocr.o)
 .ARM.attributes
                0x00000985       0x2d d:/program files (x86)/gnu tools arm embedded/5.4 2016q3/bin/../lib/gcc/arm-none-eabi/5.4.1/../../../../arm-none-eabi/lib/armv7-m\libg_nano.a(lib_a-nano-freer.o)
 .ARM.attributes
                0x000009b2       0x2d d:/program files (x86)/gnu tools arm embedded/5.4 2016q3/bin/../lib/gcc/arm-none-eabi/5.4.1/../../../../arm-none-eabi/lib/armv7-m\libg_nano.a(lib_a-nano-mallocr.o)
 .ARM.attributes
                0x000009df       0x2d d:/program files (x86)/gnu tools arm embedded/5.4 2016q3/bin/../lib/gcc/arm-none-eabi/5.4.1/../../../../arm-none-eabi/lib/armv7-m\libg_nano.a(lib_a-nano-vfprintf.o)
 .ARM.attributes
                0x00000a0c       0x2d d:/program files (x86)/gnu tools arm embedded/5.4 2016q3/bin/../lib/gcc/arm-none-eabi/5.4.1/../../../../arm-none-eabi/lib/armv7-m\libg_nano.a(lib_a-sbrkr.o)
 .ARM.attributes
                0x00000a39       0x2d d:/program files (x86)/gnu tools arm embedded/5.4 2016q3/bin/../lib/gcc/arm-none-eabi/5.4.1/../../../../arm-none-eabi/lib/armv7-m\libg_nano.a(lib_a-stdio.o)
 .ARM.attributes
                0x00000a66       0x2d d:/program files (x86)/gnu tools arm embedded/5.4 2016q3/bin/../lib/gcc/arm-none-eabi/5.4.1/../../../../arm-none-eabi/lib/armv7-m\libg_nano.a(lib_a-writer.o)
 .ARM.attributes
                0x00000a93       0x2d d:/program files (x86)/gnu tools arm embedded/5.4 2016q3/bin/../lib/gcc/arm-none-eabi/5.4.1/../../../../arm-none-eabi/lib/armv7-m\libg_nano.a(lib_a-closer.o)
 .ARM.attributes
                0x00000ac0       0x2d d:/program files (x86)/gnu tools arm embedded/5.4 2016q3/bin/../lib/gcc/arm-none-eabi/5.4.1/../../../../arm-none-eabi/lib/armv7-m\libg_nano.a(lib_a-fstatr.o)
 .ARM.attributes
                0x00000aed       0x2d d:/program files (x86)/gnu tools arm embedded/5.4 2016q3/bin/../lib/gcc/arm-none-eabi/5.4.1/../../../../arm-none-eabi/lib/armv7-m\libg_nano.a(lib_a-isattyr.o)
 .ARM.attributes
                0x00000b1a       0x2d d:/program files (x86)/gnu tools arm embedded/5.4 2016q3/bin/../lib/gcc/arm-none-eabi/5.4.1/../../../../arm-none-eabi/lib/armv7-m\libg_nano.a(lib_a-locale.o)
 .ARM.attributes
                0x00000b47       0x2d d:/program files (x86)/gnu tools arm embedded/5.4 2016q3/bin/../lib/gcc/arm-none-eabi/5.4.1/../../../../arm-none-eabi/lib/armv7-m\libg_nano.a(lib_a-lseekr.o)
 .ARM.attributes
                0x00000b74       0x2d d:/program files (x86)/gnu tools arm embedded/5.4 2016q3/bin/../lib/gcc/arm-none-eabi/5.4.1/../../../../arm-none-eabi/lib/armv7-m\libg_nano.a(lib_a-mbtowc_r.o)
 .ARM.attributes
                0x00000ba1       0x2d d:/program files (x86)/gnu tools arm embedded/5.4 2016q3/bin/../lib/gcc/arm-none-eabi/5.4.1/../../../../arm-none-eabi/lib/armv7-m\libg_nano.a(lib_a-mlock.o)
 .ARM.attributes
                0x00000bce       0x2d d:/program files (x86)/gnu tools arm embedded/5.4 2016q3/bin/../lib/gcc/arm-none-eabi/5.4.1/../../../../arm-none-eabi/lib/armv7-m\libg_nano.a(lib_a-readr.o)
 .ARM.attributes
                0x00000bfb       0x2d d:/program files (x86)/gnu tools arm embedded/5.4 2016q3/bin/../lib/gcc/arm-none-eabi/5.4.1/../../../../arm-none-eabi/lib/armv7-m\libg_nano.a(lib_a-reent.o)
 .ARM.attributes
                0x00000c28       0x2d d:/program files (x86)/gnu tools arm embedded/5.4 2016q3/bin/../lib/gcc/arm-none-eabi/5.4.1/../../../../arm-none-eabi/lib/armv7-m\libg_nano.a(lib_a-wctomb_r.o)
 .ARM.attributes
                0x00000c55       0x2d d:/program files (x86)/gnu tools arm embedded/5.4 2016q3/bin/../lib/gcc/arm-none-eabi/5.4.1/../../../../arm-none-eabi/lib/armv7-m\libg_nano.a(lib_a-ctype_.o)
 .ARM.attributes
                0x00000c82       0x1d d:/program files (x86)/gnu tools arm embedded/5.4 2016q3/bin/../lib/gcc/arm-none-eabi/5.4.1/armv7-m\libgcc.a(_arm_cmpdf2.o)
 .ARM.attributes
                0x00000c9f       0x1d d:/program files (x86)/gnu tools arm embedded/5.4 2016q3/bin/../lib/gcc/arm-none-eabi/5.4.1/armv7-m\libgcc.a(_arm_unorddf2.o)
 .ARM.attributes
                0x00000cbc       0x2d d:/program files (x86)/gnu tools arm embedded/5.4 2016q3/bin/../lib/gcc/arm-none-eabi/5.4.1/../../../../arm-none-eabi/lib/armv7-m\libnosys.a(fstat.o)
 .ARM.attributes
                0x00000ce9       0x2d d:/program files (x86)/gnu tools arm embedded/5.4 2016q3/bin/../lib/gcc/arm-none-eabi/5.4.1/../../../../arm-none-eabi/lib/armv7-m\libnosys.a(sbrk.o)
 .ARM.attributes
                0x00000d16       0x1d d:/program files (x86)/gnu tools arm embedded/5.4 2016q3/bin/../lib/gcc/arm-none-eabi/5.4.1/armv7-m/crtn.o
OUTPUT(Intelligent_agriculture_FreeRTOS.elf elf32-littlearm)

.debug_info     0x00000000    0x10ad3
 .debug_info    0x00000000      0x43b CMakeFiles/Intelligent_agriculture_FreeRTOS.elf.dir/FreeRTOS/port/MemMang/heap_4.c.obj
 .debug_info    0x0000043b      0x4f1 CMakeFiles/Intelligent_agriculture_FreeRTOS.elf.dir/FreeRTOS/port/RVDS/ARM_CM3/port.c.obj
 .debug_info    0x0000092c      0x2b6 CMakeFiles/Intelligent_agriculture_FreeRTOS.elf.dir/FreeRTOS/src/list.c.obj
 .debug_info    0x00000be2     0x1e65 CMakeFiles/Intelligent_agriculture_FreeRTOS.elf.dir/FreeRTOS/src/queue.c.obj
 .debug_info    0x00002a47     0x2daa CMakeFiles/Intelligent_agriculture_FreeRTOS.elf.dir/FreeRTOS/src/tasks.c.obj